<?xml version="1.0"?>
<link_info>
   <banner>TMS320C55x Linker PC v4.4.1</banner>
   <copyright>Copyright (c) 1996-2012 Texas Instruments Incorporated</copyright>
   <link_time>0x67d05e8d</link_time>
   <output_file>Lab5.out</output_file>
   <entry_point>
      <name>_c_int00</name>
      <address>0x270d0</address>
   </entry_point>
   <input_file_list>
      <input_file id="fl-2">
         <path>.\</path>
         <kind>object</kind>
         <file>LEDFlasher.obj</file>
         <name>LEDFlasher.obj</name>
      </input_file>
      <input_file id="fl-3">
         <path>.\</path>
         <kind>object</kind>
         <file>PLL.obj</file>
         <name>PLL.obj</name>
      </input_file>
      <input_file id="fl-4">
         <path>.\</path>
         <kind>object</kind>
         <file>aic3204.obj</file>
         <name>aic3204.obj</name>
      </input_file>
      <input_file id="fl-5">
         <path>.\</path>
         <kind>object</kind>
         <file>aic3204_init.obj</file>
         <name>aic3204_init.obj</name>
      </input_file>
      <input_file id="fl-6">
         <path>.\</path>
         <kind>object</kind>
         <file>bargraph5515.obj</file>
         <name>bargraph5515.obj</name>
      </input_file>
      <input_file id="fl-7">
         <path>.\</path>
         <kind>object</kind>
         <file>iircas51_q214.obj</file>
         <name>iircas51_q214.obj</name>
      </input_file>
      <input_file id="fl-8">
         <path>.\</path>
         <kind>object</kind>
         <file>iircas51_q313.obj</file>
         <name>iircas51_q313.obj</name>
      </input_file>
      <input_file id="fl-9">
         <path>.\</path>
         <kind>object</kind>
         <file>main.obj</file>
         <name>main.obj</name>
      </input_file>
      <input_file id="fl-a">
         <path>.\</path>
         <kind>object</kind>
         <file>oled5515.obj</file>
         <name>oled5515.obj</name>
      </input_file>
      <input_file id="fl-b">
         <path>.\</path>
         <kind>object</kind>
         <file>pushbuttons5515.obj</file>
         <name>pushbuttons5515.obj</name>
      </input_file>
      <input_file id="fl-c">
         <path>.\</path>
         <kind>object</kind>
         <file>sinewaves.obj</file>
         <name>sinewaves.obj</name>
      </input_file>
      <input_file id="fl-d">
         <path>.\</path>
         <kind>object</kind>
         <file>stereo.obj</file>
         <name>stereo.obj</name>
      </input_file>
      <input_file id="fl-e">
         <path>.\</path>
         <kind>object</kind>
         <file>usbstk5515.obj</file>
         <name>usbstk5515.obj</name>
      </input_file>
      <input_file id="fl-f">
         <path>.\</path>
         <kind>object</kind>
         <file>usbstk5515_gpio.obj</file>
         <name>usbstk5515_gpio.obj</name>
      </input_file>
      <input_file id="fl-10">
         <path>.\</path>
         <kind>object</kind>
         <file>usbstk5515_i2c.obj</file>
         <name>usbstk5515_i2c.obj</name>
      </input_file>
      <input_file id="fl-11">
         <path>.\</path>
         <kind>object</kind>
         <file>usbstk5515_led.obj</file>
         <name>usbstk5515_led.obj</name>
      </input_file>
      <input_file id="fl-18">
         <path>..\</path>
         <kind>archive</kind>
         <file>55xdsph.lib</file>
         <name>sine.obj</name>
      </input_file>
      <input_file id="fl-19">
         <path>..\</path>
         <kind>archive</kind>
         <file>CSLc55x5h.lib</file>
         <name>csl_pll.obj</name>
      </input_file>
      <input_file id="fl-1a">
         <path>..\</path>
         <kind>archive</kind>
         <file>rts55h.lib</file>
         <name>boot.obj</name>
      </input_file>
      <input_file id="fl-1b">
         <path>..\</path>
         <kind>archive</kind>
         <file>rts55h.lib</file>
         <name>exit.obj</name>
      </input_file>
      <input_file id="fl-1c">
         <path>..\</path>
         <kind>archive</kind>
         <file>rts55h.lib</file>
         <name>printf.obj</name>
      </input_file>
      <input_file id="fl-1d">
         <path>..\</path>
         <kind>archive</kind>
         <file>rts55h.lib</file>
         <name>udiv.obj</name>
      </input_file>
      <input_file id="fl-1e">
         <path>..\</path>
         <kind>archive</kind>
         <file>rts55h.lib</file>
         <name>vectors.obj</name>
      </input_file>
      <input_file id="fl-1f">
         <path>..\</path>
         <kind>archive</kind>
         <file>rts55h.lib</file>
         <name>_lock.obj</name>
      </input_file>
      <input_file id="fl-20">
         <path>..\</path>
         <kind>archive</kind>
         <file>rts55h.lib</file>
         <name>_printfi.obj</name>
      </input_file>
      <input_file id="fl-21">
         <path>..\</path>
         <kind>archive</kind>
         <file>rts55h.lib</file>
         <name>args_main.obj</name>
      </input_file>
      <input_file id="fl-22">
         <path>..\</path>
         <kind>archive</kind>
         <file>rts55h.lib</file>
         <name>atoi.obj</name>
      </input_file>
      <input_file id="fl-23">
         <path>..\</path>
         <kind>archive</kind>
         <file>rts55h.lib</file>
         <name>autoinit.obj</name>
      </input_file>
      <input_file id="fl-24">
         <path>..\</path>
         <kind>archive</kind>
         <file>rts55h.lib</file>
         <name>cmpd.obj</name>
      </input_file>
      <input_file id="fl-25">
         <path>..\</path>
         <kind>archive</kind>
         <file>rts55h.lib</file>
         <name>ctype.obj</name>
      </input_file>
      <input_file id="fl-26">
         <path>..\</path>
         <kind>archive</kind>
         <file>rts55h.lib</file>
         <name>defs.obj</name>
      </input_file>
      <input_file id="fl-27">
         <path>..\</path>
         <kind>archive</kind>
         <file>rts55h.lib</file>
         <name>divd.obj</name>
      </input_file>
      <input_file id="fl-28">
         <path>..\</path>
         <kind>archive</kind>
         <file>rts55h.lib</file>
         <name>divul.obj</name>
      </input_file>
      <input_file id="fl-29">
         <path>..\</path>
         <kind>archive</kind>
         <file>rts55h.lib</file>
         <name>fixdi.obj</name>
      </input_file>
      <input_file id="fl-2a">
         <path>..\</path>
         <kind>archive</kind>
         <file>rts55h.lib</file>
         <name>fixdli.obj</name>
      </input_file>
      <input_file id="fl-2b">
         <path>..\</path>
         <kind>archive</kind>
         <file>rts55h.lib</file>
         <name>fltlid.obj</name>
      </input_file>
      <input_file id="fl-2c">
         <path>..\</path>
         <kind>archive</kind>
         <file>rts55h.lib</file>
         <name>fputc.obj</name>
      </input_file>
      <input_file id="fl-2d">
         <path>..\</path>
         <kind>archive</kind>
         <file>rts55h.lib</file>
         <name>fputs.obj</name>
      </input_file>
      <input_file id="fl-2e">
         <path>..\</path>
         <kind>archive</kind>
         <file>rts55h.lib</file>
         <name>frcmpyd_div.obj</name>
      </input_file>
      <input_file id="fl-2f">
         <path>..\</path>
         <kind>archive</kind>
         <file>rts55h.lib</file>
         <name>isinf.obj</name>
      </input_file>
      <input_file id="fl-30">
         <path>..\</path>
         <kind>archive</kind>
         <file>rts55h.lib</file>
         <name>llmpy.obj</name>
      </input_file>
      <input_file id="fl-31">
         <path>..\</path>
         <kind>archive</kind>
         <file>rts55h.lib</file>
         <name>lmpy.obj</name>
      </input_file>
      <input_file id="fl-32">
         <path>..\</path>
         <kind>archive</kind>
         <file>rts55h.lib</file>
         <name>lowlev.obj</name>
      </input_file>
      <input_file id="fl-33">
         <path>..\</path>
         <kind>archive</kind>
         <file>rts55h.lib</file>
         <name>ltoa.obj</name>
      </input_file>
      <input_file id="fl-34">
         <path>..\</path>
         <kind>archive</kind>
         <file>rts55h.lib</file>
         <name>memccpy.obj</name>
      </input_file>
      <input_file id="fl-35">
         <path>..\</path>
         <kind>archive</kind>
         <file>rts55h.lib</file>
         <name>memcpy.obj</name>
      </input_file>
      <input_file id="fl-36">
         <path>..\</path>
         <kind>archive</kind>
         <file>rts55h.lib</file>
         <name>mpyd.obj</name>
      </input_file>
      <input_file id="fl-37">
         <path>..\</path>
         <kind>archive</kind>
         <file>rts55h.lib</file>
         <name>negd.obj</name>
      </input_file>
      <input_file id="fl-38">
         <path>..\</path>
         <kind>archive</kind>
         <file>rts55h.lib</file>
         <name>remli.obj</name>
      </input_file>
      <input_file id="fl-39">
         <path>..\</path>
         <kind>archive</kind>
         <file>rts55h.lib</file>
         <name>remul.obj</name>
      </input_file>
      <input_file id="fl-3a">
         <path>..\</path>
         <kind>archive</kind>
         <file>rts55h.lib</file>
         <name>subd.obj</name>
      </input_file>
      <input_file id="fl-3b">
         <path>..\</path>
         <kind>archive</kind>
         <file>rts55h.lib</file>
         <name>trgdrv.obj</name>
      </input_file>
      <input_file id="fl-3c">
         <path>..\</path>
         <kind>archive</kind>
         <file>rts55h.lib</file>
         <name>trgmsg.obj</name>
      </input_file>
      <input_file id="fl-3d">
         <path>..\</path>
         <kind>archive</kind>
         <file>rts55h.lib</file>
         <name>_io_perm.obj</name>
      </input_file>
      <input_file id="fl-3e">
         <path>..\</path>
         <kind>archive</kind>
         <file>rts55h.lib</file>
         <name>addd.obj</name>
      </input_file>
      <input_file id="fl-3f">
         <path>..\</path>
         <kind>archive</kind>
         <file>rts55h.lib</file>
         <name>divli.obj</name>
      </input_file>
      <input_file id="fl-40">
         <path>..\</path>
         <kind>archive</kind>
         <file>rts55h.lib</file>
         <name>fflush.obj</name>
      </input_file>
      <input_file id="fl-41">
         <path>..\</path>
         <kind>archive</kind>
         <file>rts55h.lib</file>
         <name>frcmpyd.obj</name>
      </input_file>
      <input_file id="fl-42">
         <path>..\</path>
         <kind>archive</kind>
         <file>rts55h.lib</file>
         <name>fseek.obj</name>
      </input_file>
      <input_file id="fl-43">
         <path>..\</path>
         <kind>archive</kind>
         <file>rts55h.lib</file>
         <name>setvbuf.obj</name>
      </input_file>
      <input_file id="fl-44">
         <path>..\</path>
         <kind>archive</kind>
         <file>rts55h.lib</file>
         <name>fopen.obj</name>
      </input_file>
      <input_file id="fl-45">
         <path>..\</path>
         <kind>archive</kind>
         <file>rts55h.lib</file>
         <name>memory.obj</name>
      </input_file>
      <input_file id="fl-46">
         <path>..\</path>
         <kind>archive</kind>
         <file>rts55h.lib</file>
         <name>fclose.obj</name>
      </input_file>
      <input_file id="fl-47">
         <path>..\</path>
         <kind>archive</kind>
         <file>rts55h.lib</file>
         <name>remove.obj</name>
      </input_file>
   </input_file_list>
   <object_component_list>
      <object_component id="oc-99">
         <name>.text</name>
         <load_address>0x20000</load_address>
         <run_address>0x20000</run_address>
         <size>0x1533</size>
         <input_file_ref idref="fl-20"/>
      </object_component>
      <object_component id="oc-3a">
         <name>.text</name>
         <load_address>0x21533</load_address>
         <run_address>0x21533</run_address>
         <size>0xb17</size>
         <input_file_ref idref="fl-9"/>
      </object_component>
      <object_component id="oc-42">
         <name>.text</name>
         <load_address>0x2204a</load_address>
         <run_address>0x2204a</run_address>
         <size>0xaee</size>
         <input_file_ref idref="fl-a"/>
      </object_component>
      <object_component id="oc-109">
         <name>.text</name>
         <load_address>0x22b38</load_address>
         <run_address>0x22b38</run_address>
         <size>0x538</size>
         <input_file_ref idref="fl-3b"/>
      </object_component>
      <object_component id="oc-136">
         <name>.text</name>
         <load_address>0x23070</load_address>
         <run_address>0x23070</run_address>
         <size>0x533</size>
         <input_file_ref idref="fl-45"/>
      </object_component>
      <object_component id="oc-27">
         <name>.text</name>
         <load_address>0x235a3</load_address>
         <run_address>0x235a3</run_address>
         <size>0x52e</size>
         <input_file_ref idref="fl-5"/>
      </object_component>
      <object_component id="oc-e3">
         <name>.text</name>
         <load_address>0x23ad1</load_address>
         <run_address>0x23ad1</run_address>
         <size>0x518</size>
         <input_file_ref idref="fl-32"/>
      </object_component>
      <object_component id="oc-b5">
         <name>.text</name>
         <load_address>0x23fe9</load_address>
         <run_address>0x23fe9</run_address>
         <size>0x3c7</size>
         <input_file_ref idref="fl-27"/>
      </object_component>
      <object_component id="oc-19">
         <name>.text</name>
         <load_address>0x243b0</load_address>
         <run_address>0x243b0</run_address>
         <size>0x340</size>
         <input_file_ref idref="fl-3"/>
      </object_component>
      <object_component id="oc-49">
         <name>.text</name>
         <load_address>0x246f0</load_address>
         <run_address>0x246f0</run_address>
         <size>0x2b6</size>
         <input_file_ref idref="fl-b"/>
      </object_component>
      <object_component id="oc-77">
         <name>.text</name>
         <load_address>0x249a6</load_address>
         <run_address>0x249a6</run_address>
         <size>0x2ad</size>
         <input_file_ref idref="fl-19"/>
      </object_component>
      <object_component id="oc-130">
         <name>.text</name>
         <load_address>0x24c53</load_address>
         <run_address>0x24c53</run_address>
         <size>0x26c</size>
         <input_file_ref idref="fl-44"/>
      </object_component>
      <object_component id="oc-50">
         <name>.text</name>
         <load_address>0x24ebf</load_address>
         <run_address>0x24ebf</run_address>
         <size>0x262</size>
         <input_file_ref idref="fl-c"/>
      </object_component>
      <object_component id="oc-2d">
         <name>.text</name>
         <load_address>0x25121</load_address>
         <run_address>0x25121</run_address>
         <size>0x25c</size>
         <input_file_ref idref="fl-6"/>
      </object_component>
      <object_component id="oc-db">
         <name>.text</name>
         <load_address>0x2537d</load_address>
         <run_address>0x2537d</run_address>
         <size>0x25c</size>
         <input_file_ref idref="fl-30"/>
      </object_component>
      <object_component id="oc-118">
         <name>.text</name>
         <load_address>0x255d9</load_address>
         <run_address>0x255d9</run_address>
         <size>0x257</size>
         <input_file_ref idref="fl-3e"/>
      </object_component>
      <object_component id="oc-ab">
         <name>.text</name>
         <load_address>0x25830</load_address>
         <run_address>0x25830</run_address>
         <size>0x1ea</size>
         <input_file_ref idref="fl-24"/>
      </object_component>
      <object_component id="oc-6d">
         <name>.text</name>
         <load_address>0x25a1a</load_address>
         <run_address>0x25a1a</run_address>
         <size>0x1c9</size>
         <input_file_ref idref="fl-11"/>
      </object_component>
      <object_component id="oc-ce">
         <name>.text</name>
         <load_address>0x25be3</load_address>
         <run_address>0x25be3</run_address>
         <size>0x17b</size>
         <input_file_ref idref="fl-2d"/>
      </object_component>
      <object_component id="oc-12">
         <name>.text</name>
         <load_address>0x25d5e</load_address>
         <run_address>0x25d5e</run_address>
         <size>0x16b</size>
         <input_file_ref idref="fl-2"/>
      </object_component>
      <object_component id="oc-61">
         <name>.text</name>
         <load_address>0x25ec9</load_address>
         <run_address>0x25ec9</run_address>
         <size>0x156</size>
         <input_file_ref idref="fl-f"/>
      </object_component>
      <object_component id="oc-f5">
         <name>.text</name>
         <load_address>0x2601f</load_address>
         <run_address>0x2601f</run_address>
         <size>0x14b</size>
         <input_file_ref idref="fl-36"/>
      </object_component>
      <object_component id="oc-66">
         <name>.text</name>
         <load_address>0x2616a</load_address>
         <run_address>0x2616a</run_address>
         <size>0x13e</size>
         <input_file_ref idref="fl-10"/>
      </object_component>
      <object_component id="oc-21">
         <name>.text</name>
         <load_address>0x262a8</load_address>
         <run_address>0x262a8</run_address>
         <size>0x13b</size>
         <input_file_ref idref="fl-4"/>
      </object_component>
      <object_component id="oc-12c">
         <name>.text</name>
         <load_address>0x263e3</load_address>
         <run_address>0x263e3</run_address>
         <size>0xf3</size>
         <input_file_ref idref="fl-43"/>
      </object_component>
      <object_component id="oc-114">
         <name>.text</name>
         <load_address>0x264d6</load_address>
         <run_address>0x264d6</run_address>
         <size>0xda</size>
         <input_file_ref idref="fl-3d"/>
      </object_component>
      <object_component id="oc-111">
         <name>.text:CIO_breakpoint</name>
         <load_address>0x265b0</load_address>
         <run_address>0x265b0</run_address>
         <size>0xbe</size>
         <input_file_ref idref="fl-3c"/>
      </object_component>
      <object_component id="oc-120">
         <name>.text</name>
         <load_address>0x2666e</load_address>
         <run_address>0x2666e</run_address>
         <size>0xba</size>
         <input_file_ref idref="fl-40"/>
      </object_component>
      <object_component id="oc-36">
         <name>.text</name>
         <load_address>0x26728</load_address>
         <run_address>0x26728</run_address>
         <size>0xa4</size>
         <input_file_ref idref="fl-8"/>
      </object_component>
      <object_component id="oc-32">
         <name>.text</name>
         <load_address>0x267cc</load_address>
         <run_address>0x267cc</run_address>
         <size>0xa3</size>
         <input_file_ref idref="fl-7"/>
      </object_component>
      <object_component id="oc-ca">
         <name>.text</name>
         <load_address>0x2686f</load_address>
         <run_address>0x2686f</run_address>
         <size>0xa2</size>
         <input_file_ref idref="fl-2c"/>
      </object_component>
      <object_component id="oc-b9">
         <name>.text</name>
         <load_address>0x26911</load_address>
         <run_address>0x26911</run_address>
         <size>0xa0</size>
         <input_file_ref idref="fl-28"/>
      </object_component>
      <object_component id="oc-e9">
         <name>.text</name>
         <load_address>0x269b1</load_address>
         <run_address>0x269b1</run_address>
         <size>0x79</size>
         <input_file_ref idref="fl-33"/>
      </object_component>
      <object_component id="oc-72">
         <name>.text</name>
         <load_address>0x26a2a</load_address>
         <run_address>0x26a2a</run_address>
         <size>0x77</size>
         <input_file_ref idref="fl-18"/>
      </object_component>
      <object_component id="oc-13d">
         <name>.text</name>
         <load_address>0x26aa1</load_address>
         <run_address>0x26aa1</run_address>
         <size>0x76</size>
         <input_file_ref idref="fl-46"/>
      </object_component>
      <object_component id="oc-124">
         <name>.text</name>
         <load_address>0x26b17</load_address>
         <run_address>0x26b17</run_address>
         <size>0x76</size>
         <input_file_ref idref="fl-41"/>
      </object_component>
      <object_component id="oc-d3">
         <name>.text</name>
         <load_address>0x26b8d</load_address>
         <run_address>0x26b8d</run_address>
         <size>0x73</size>
         <input_file_ref idref="fl-2e"/>
      </object_component>
      <object_component id="oc-101">
         <name>.text</name>
         <load_address>0x26c00</load_address>
         <run_address>0x26c00</run_address>
         <size>0x70</size>
         <input_file_ref idref="fl-39"/>
      </object_component>
      <object_component id="oc-c1">
         <name>.text</name>
         <load_address>0x26c70</load_address>
         <run_address>0x26c70</run_address>
         <size>0x6e</size>
         <input_file_ref idref="fl-2a"/>
      </object_component>
      <object_component id="oc-10e">
         <name>.text</name>
         <load_address>0x26cde</load_address>
         <run_address>0x26cde</run_address>
         <size>0x6b</size>
         <input_file_ref idref="fl-3c"/>
      </object_component>
      <object_component id="oc-128">
         <name>.text</name>
         <load_address>0x26d49</load_address>
         <run_address>0x26d49</run_address>
         <size>0x68</size>
         <input_file_ref idref="fl-42"/>
      </object_component>
      <object_component id="oc-c5">
         <name>.text</name>
         <load_address>0x26db1</load_address>
         <run_address>0x26db1</run_address>
         <size>0x67</size>
         <input_file_ref idref="fl-2b"/>
      </object_component>
      <object_component id="oc-a3">
         <name>.text</name>
         <load_address>0x26e18</load_address>
         <run_address>0x26e18</run_address>
         <size>0x59</size>
         <input_file_ref idref="fl-22"/>
      </object_component>
      <object_component id="oc-f1">
         <name>.text</name>
         <load_address>0x26e71</load_address>
         <run_address>0x26e71</run_address>
         <size>0x56</size>
         <input_file_ref idref="fl-35"/>
      </object_component>
      <object_component id="oc-5c">
         <name>.text</name>
         <load_address>0x26ec7</load_address>
         <run_address>0x26ec7</run_address>
         <size>0x54</size>
         <input_file_ref idref="fl-e"/>
      </object_component>
      <object_component id="oc-87">
         <name>.text</name>
         <load_address>0x26f1b</load_address>
         <run_address>0x26f1b</run_address>
         <size>0x4e</size>
         <input_file_ref idref="fl-1c"/>
      </object_component>
      <object_component id="oc-a7">
         <name>.text</name>
         <load_address>0x26f69</load_address>
         <run_address>0x26f69</run_address>
         <size>0x4d</size>
         <input_file_ref idref="fl-23"/>
      </object_component>
      <object_component id="oc-fd">
         <name>.text</name>
         <load_address>0x26fb6</load_address>
         <run_address>0x26fb6</run_address>
         <size>0x4b</size>
         <input_file_ref idref="fl-38"/>
      </object_component>
      <object_component id="oc-9f">
         <name>.text</name>
         <load_address>0x27001</load_address>
         <run_address>0x27001</run_address>
         <size>0x49</size>
         <input_file_ref idref="fl-21"/>
      </object_component>
      <object_component id="oc-11c">
         <name>.text</name>
         <load_address>0x2704a</load_address>
         <run_address>0x2704a</run_address>
         <size>0x48</size>
         <input_file_ref idref="fl-3f"/>
      </object_component>
      <object_component id="oc-80">
         <name>.text</name>
         <load_address>0x27092</load_address>
         <run_address>0x27092</run_address>
         <size>0x3e</size>
         <input_file_ref idref="fl-1b"/>
      </object_component>
      <object_component id="oc-10">
         <name>.text</name>
         <load_address>0x270d0</load_address>
         <run_address>0x270d0</run_address>
         <size>0x34</size>
         <input_file_ref idref="fl-1a"/>
      </object_component>
      <object_component id="oc-bd">
         <name>.text</name>
         <load_address>0x27104</load_address>
         <run_address>0x27104</run_address>
         <size>0x2a</size>
         <input_file_ref idref="fl-29"/>
      </object_component>
      <object_component id="oc-8b">
         <name>.text</name>
         <load_address>0x2712e</load_address>
         <run_address>0x2712e</run_address>
         <size>0x2a</size>
         <input_file_ref idref="fl-1d"/>
      </object_component>
      <object_component id="oc-ed">
         <name>.text</name>
         <load_address>0x27158</load_address>
         <run_address>0x27158</run_address>
         <size>0x22</size>
         <input_file_ref idref="fl-34"/>
      </object_component>
      <object_component id="oc-57">
         <name>.text</name>
         <load_address>0x2717a</load_address>
         <run_address>0x2717a</run_address>
         <size>0x1c</size>
         <input_file_ref idref="fl-d"/>
      </object_component>
      <object_component id="oc-d7">
         <name>.text</name>
         <load_address>0x27196</load_address>
         <run_address>0x27196</run_address>
         <size>0x1a</size>
         <input_file_ref idref="fl-2f"/>
      </object_component>
      <object_component id="oc-105">
         <name>.text</name>
         <load_address>0x271b0</load_address>
         <run_address>0x271b0</run_address>
         <size>0x14</size>
         <input_file_ref idref="fl-3a"/>
      </object_component>
      <object_component id="oc-df">
         <name>.text</name>
         <load_address>0x271c4</load_address>
         <run_address>0x271c4</run_address>
         <size>0x13</size>
         <input_file_ref idref="fl-31"/>
      </object_component>
      <object_component id="oc-93">
         <name>.text</name>
         <load_address>0x271d7</load_address>
         <run_address>0x271d7</run_address>
         <size>0x12</size>
         <input_file_ref idref="fl-1f"/>
      </object_component>
      <object_component id="oc-f9">
         <name>.text</name>
         <load_address>0x271e9</load_address>
         <run_address>0x271e9</run_address>
         <size>0x10</size>
         <input_file_ref idref="fl-37"/>
      </object_component>
      <object_component id="oc-141">
         <name>.text</name>
         <load_address>0x271f9</load_address>
         <run_address>0x271f9</run_address>
         <size>0xa</size>
         <input_file_ref idref="fl-47"/>
      </object_component>
      <object_component id="oc-84">
         <name>.text:CIO_breakpoint</name>
         <load_address>0x27203</load_address>
         <run_address>0x27203</run_address>
         <size>0x7</size>
         <input_file_ref idref="fl-1b"/>
      </object_component>
      <object_component id="oc-8f">
         <name>.text</name>
         <load_address>0x2720a</load_address>
         <run_address>0x2720a</run_address>
         <size>0x2</size>
         <input_file_ref idref="fl-1e"/>
      </object_component>
      <object_component id="oc-7c">
         <name>.stack</name>
         <uninitialized>true</uninitialized>
         <run_address>0xc0</run_address>
         <size>0x0</size>
         <input_file_ref idref="fl-1a"/>
      </object_component>
      <object_component id="oc-15f">
         <name>.stack</name>
         <uninitialized>true</uninitialized>
         <run_address>0xc0</run_address>
         <size>0x0</size>
      </object_component>
      <object_component id="oc-145">
         <name>.sysstack</name>
         <uninitialized>true</uninitialized>
         <run_address>0x20c0</run_address>
         <size>0x0</size>
         <input_file_ref idref="fl-1a"/>
      </object_component>
      <object_component id="oc-161">
         <name>.sysstack</name>
         <uninitialized>true</uninitialized>
         <run_address>0x20c0</run_address>
         <size>0x0</size>
      </object_component>
      <object_component id="oc-73">
         <name>.data</name>
         <load_address>0x6830</load_address>
         <run_address>0x6830</run_address>
         <size>0xc</size>
         <input_file_ref idref="fl-18"/>
      </object_component>
      <object_component id="oc-3b">
         <name>.bss</name>
         <uninitialized>true</uninitialized>
         <run_address>0x50c0</run_address>
         <size>0x624</size>
         <input_file_ref idref="fl-9"/>
      </object_component>
      <object_component id="oc-b1">
         <name>.bss</name>
         <uninitialized>true</uninitialized>
         <run_address>0x56e4</run_address>
         <size>0x232</size>
         <input_file_ref idref="fl-26"/>
      </object_component>
      <object_component id="oc-10a">
         <name>.bss</name>
         <uninitialized>true</uninitialized>
         <run_address>0x5916</run_address>
         <size>0x1a0</size>
         <input_file_ref idref="fl-3b"/>
      </object_component>
      <object_component id="oc-43">
         <name>.bss</name>
         <uninitialized>true</uninitialized>
         <run_address>0x5ab6</run_address>
         <size>0x178</size>
         <input_file_ref idref="fl-a"/>
      </object_component>
      <object_component id="oc-131">
         <name>.bss</name>
         <uninitialized>true</uninitialized>
         <run_address>0x5c2e</run_address>
         <size>0x2</size>
         <input_file_ref idref="fl-44"/>
      </object_component>
      <object_component id="oc-e4">
         <name>.bss</name>
         <uninitialized>true</uninitialized>
         <run_address>0x5c30</run_address>
         <size>0xe2</size>
         <input_file_ref idref="fl-32"/>
      </object_component>
      <object_component id="oc-67">
         <name>.bss</name>
         <uninitialized>true</uninitialized>
         <run_address>0x5d12</run_address>
         <size>0x2</size>
         <input_file_ref idref="fl-10"/>
      </object_component>
      <object_component id="oc-1a">
         <name>.bss</name>
         <uninitialized>true</uninitialized>
         <run_address>0x5d14</run_address>
         <size>0x6c</size>
         <input_file_ref idref="fl-3"/>
      </object_component>
      <object_component id="oc-4a">
         <name>.bss</name>
         <uninitialized>true</uninitialized>
         <run_address>0x5d80</run_address>
         <size>0x18</size>
         <input_file_ref idref="fl-b"/>
      </object_component>
      <object_component id="oc-13">
         <name>.bss</name>
         <uninitialized>true</uninitialized>
         <run_address>0x5d98</run_address>
         <size>0x14</size>
         <input_file_ref idref="fl-2"/>
      </object_component>
      <object_component id="oc-137">
         <name>.bss</name>
         <uninitialized>true</uninitialized>
         <run_address>0x5dac</run_address>
         <size>0xe</size>
         <input_file_ref idref="fl-45"/>
      </object_component>
      <object_component id="oc-94">
         <name>.bss</name>
         <uninitialized>true</uninitialized>
         <run_address>0x5dbc</run_address>
         <size>0x8</size>
         <input_file_ref idref="fl-1f"/>
      </object_component>
      <object_component id="oc-81">
         <name>.bss</name>
         <uninitialized>true</uninitialized>
         <run_address>0x5dc4</run_address>
         <size>0x8</size>
         <input_file_ref idref="fl-1b"/>
      </object_component>
      <object_component id="oc-22">
         <name>.bss</name>
         <uninitialized>true</uninitialized>
         <run_address>0x5dcc</run_address>
         <size>0x4</size>
         <input_file_ref idref="fl-4"/>
      </object_component>
      <object_component id="oc-51">
         <name>.bss</name>
         <uninitialized>true</uninitialized>
         <run_address>0x5dd0</run_address>
         <size>0x4</size>
         <input_file_ref idref="fl-c"/>
      </object_component>
      <object_component id="oc-1d">
         <name>.const:.string</name>
         <load_address>0x5dd4</load_address>
         <run_address>0x5dd4</run_address>
         <size>0x46c</size>
         <input_file_ref idref="fl-3"/>
      </object_component>
      <object_component id="oc-29">
         <name>.const:.string</name>
         <load_address>0x6240</load_address>
         <run_address>0x6240</run_address>
         <size>0x2e8</size>
         <input_file_ref idref="fl-5"/>
      </object_component>
      <object_component id="oc-146">
         <name>.const:__ctypes_</name>
         <load_address>0x6528</load_address>
         <run_address>0x6528</run_address>
         <size>0x202</size>
         <input_file_ref idref="fl-25"/>
      </object_component>
      <object_component id="oc-3e">
         <name>.const:.string</name>
         <load_address>0x672c</load_address>
         <run_address>0x672c</run_address>
         <size>0x8a</size>
         <input_file_ref idref="fl-9"/>
      </object_component>
      <object_component id="oc-9c">
         <name>.const:.string</name>
         <load_address>0x67b8</load_address>
         <run_address>0x67b8</run_address>
         <size>0x48</size>
         <input_file_ref idref="fl-20"/>
      </object_component>
      <object_component id="oc-9b">
         <name>.const</name>
         <load_address>0x6800</load_address>
         <run_address>0x6800</run_address>
         <size>0x18</size>
         <input_file_ref idref="fl-20"/>
      </object_component>
      <object_component id="oc-147">
         <name>.const:_initial_approx$1</name>
         <load_address>0x6818</load_address>
         <run_address>0x6818</run_address>
         <size>0x10</size>
         <input_file_ref idref="fl-27"/>
      </object_component>
      <object_component id="oc-d0">
         <name>.const:.string</name>
         <load_address>0x6828</load_address>
         <run_address>0x6828</run_address>
         <size>0x4</size>
         <input_file_ref idref="fl-2d"/>
      </object_component>
      <object_component id="oc-c7">
         <name>.const</name>
         <load_address>0x682c</load_address>
         <run_address>0x682c</run_address>
         <size>0x4</size>
         <input_file_ref idref="fl-2b"/>
      </object_component>
      <object_component id="oc-13a">
         <name>.sysmem</name>
         <uninitialized>true</uninitialized>
         <run_address>0x30c0</run_address>
         <size>0x0</size>
         <input_file_ref idref="fl-45"/>
      </object_component>
      <object_component id="oc-160">
         <name>.sysmem</name>
         <uninitialized>true</uninitialized>
         <run_address>0x30c0</run_address>
         <size>0x0</size>
      </object_component>
      <object_component id="oc-3d">
         <name>.cinit</name>
         <load_address>0x40000</load_address>
         <run_address>0x40000</run_address>
         <size>0x2ea</size>
         <input_file_ref idref="fl-9"/>
      </object_component>
      <object_component id="oc-45">
         <name>.cinit</name>
         <load_address>0x402ea</load_address>
         <run_address>0x402ea</run_address>
         <size>0x184</size>
         <input_file_ref idref="fl-a"/>
      </object_component>
      <object_component id="oc-1c">
         <name>.cinit</name>
         <load_address>0x4046e</load_address>
         <run_address>0x4046e</run_address>
         <size>0x8c</size>
         <input_file_ref idref="fl-3"/>
      </object_component>
      <object_component id="oc-e6">
         <name>.cinit</name>
         <load_address>0x404fa</load_address>
         <run_address>0x404fa</run_address>
         <size>0x5a</size>
         <input_file_ref idref="fl-32"/>
      </object_component>
      <object_component id="oc-b3">
         <name>.cinit</name>
         <load_address>0x40554</load_address>
         <run_address>0x40554</run_address>
         <size>0x54</size>
         <input_file_ref idref="fl-26"/>
      </object_component>
      <object_component id="oc-15">
         <name>.cinit</name>
         <load_address>0x405a8</load_address>
         <run_address>0x405a8</run_address>
         <size>0x48</size>
         <input_file_ref idref="fl-2"/>
      </object_component>
      <object_component id="oc-4c">
         <name>.cinit</name>
         <load_address>0x405f0</load_address>
         <run_address>0x405f0</run_address>
         <size>0x48</size>
         <input_file_ref idref="fl-b"/>
      </object_component>
      <object_component id="oc-96">
         <name>.cinit</name>
         <load_address>0x40638</load_address>
         <run_address>0x40638</run_address>
         <size>0x14</size>
         <input_file_ref idref="fl-1f"/>
      </object_component>
      <object_component id="oc-83">
         <name>.cinit</name>
         <load_address>0x4064c</load_address>
         <run_address>0x4064c</run_address>
         <size>0x14</size>
         <input_file_ref idref="fl-1b"/>
      </object_component>
      <object_component id="oc-53">
         <name>.cinit</name>
         <load_address>0x40660</load_address>
         <run_address>0x40660</run_address>
         <size>0x10</size>
         <input_file_ref idref="fl-c"/>
      </object_component>
      <object_component id="oc-133">
         <name>.cinit</name>
         <load_address>0x40670</load_address>
         <run_address>0x40670</run_address>
         <size>0x8</size>
         <input_file_ref idref="fl-44"/>
      </object_component>
      <object_component id="oc-139">
         <name>.cinit</name>
         <load_address>0x40678</load_address>
         <run_address>0x40678</run_address>
         <size>0x8</size>
         <input_file_ref idref="fl-45"/>
      </object_component>
      <object_component id="oc-69">
         <name>.cinit</name>
         <load_address>0x40680</load_address>
         <run_address>0x40680</run_address>
         <size>0x8</size>
         <input_file_ref idref="fl-10"/>
      </object_component>
      <object_component id="oc-110">
         <name>.cio</name>
         <uninitialized>true</uninitialized>
         <run_address>0x40690</run_address>
         <size>0x240</size>
         <input_file_ref idref="fl-3c"/>
      </object_component>
      <object_component id="oc-11">
         <name>vectors</name>
         <load_address>0x4fe00</load_address>
         <run_address>0x4fe00</run_address>
         <size>0x100</size>
         <input_file_ref idref="fl-1e"/>
      </object_component>
      <object_component id="oc-14">
         <name>.debug_info</name>
         <load_address>0x0</load_address>
         <run_address>0x0</run_address>
         <size>0x66e</size>
         <input_file_ref idref="fl-2"/>
      </object_component>
      <object_component id="oc-1b">
         <name>.debug_info</name>
         <load_address>0x66e</load_address>
         <run_address>0x66e</run_address>
         <size>0x116f</size>
         <input_file_ref idref="fl-3"/>
      </object_component>
      <object_component id="oc-23">
         <name>.debug_info</name>
         <load_address>0x17dd</load_address>
         <run_address>0x17dd</run_address>
         <size>0xc6f</size>
         <input_file_ref idref="fl-4"/>
      </object_component>
      <object_component id="oc-28">
         <name>.debug_info</name>
         <load_address>0x244c</load_address>
         <run_address>0x244c</run_address>
         <size>0xe68</size>
         <input_file_ref idref="fl-5"/>
      </object_component>
      <object_component id="oc-2e">
         <name>.debug_info</name>
         <load_address>0x32b4</load_address>
         <run_address>0x32b4</run_address>
         <size>0xb7d</size>
         <input_file_ref idref="fl-6"/>
      </object_component>
      <object_component id="oc-33">
         <name>.debug_info</name>
         <load_address>0x3e31</load_address>
         <run_address>0x3e31</run_address>
         <size>0xca</size>
         <input_file_ref idref="fl-7"/>
      </object_component>
      <object_component id="oc-37">
         <name>.debug_info</name>
         <load_address>0x3efb</load_address>
         <run_address>0x3efb</run_address>
         <size>0xca</size>
         <input_file_ref idref="fl-8"/>
      </object_component>
      <object_component id="oc-3c">
         <name>.debug_info</name>
         <load_address>0x3fc5</load_address>
         <run_address>0x3fc5</run_address>
         <size>0x1798</size>
         <input_file_ref idref="fl-9"/>
      </object_component>
      <object_component id="oc-44">
         <name>.debug_info</name>
         <load_address>0x575d</load_address>
         <run_address>0x575d</run_address>
         <size>0x1f17</size>
         <input_file_ref idref="fl-a"/>
      </object_component>
      <object_component id="oc-4b">
         <name>.debug_info</name>
         <load_address>0x7674</load_address>
         <run_address>0x7674</run_address>
         <size>0x6f9</size>
         <input_file_ref idref="fl-b"/>
      </object_component>
      <object_component id="oc-52">
         <name>.debug_info</name>
         <load_address>0x7d6d</load_address>
         <run_address>0x7d6d</run_address>
         <size>0x775</size>
         <input_file_ref idref="fl-c"/>
      </object_component>
      <object_component id="oc-58">
         <name>.debug_info</name>
         <load_address>0x84e2</load_address>
         <run_address>0x84e2</run_address>
         <size>0x561</size>
         <input_file_ref idref="fl-d"/>
      </object_component>
      <object_component id="oc-5d">
         <name>.debug_info</name>
         <load_address>0x8a43</load_address>
         <run_address>0x8a43</run_address>
         <size>0x660</size>
         <input_file_ref idref="fl-e"/>
      </object_component>
      <object_component id="oc-62">
         <name>.debug_info</name>
         <load_address>0x90a3</load_address>
         <run_address>0x90a3</run_address>
         <size>0x7f1</size>
         <input_file_ref idref="fl-f"/>
      </object_component>
      <object_component id="oc-68">
         <name>.debug_info</name>
         <load_address>0x9894</load_address>
         <run_address>0x9894</run_address>
         <size>0xb73</size>
         <input_file_ref idref="fl-10"/>
      </object_component>
      <object_component id="oc-6e">
         <name>.debug_info</name>
         <load_address>0xa407</load_address>
         <run_address>0xa407</run_address>
         <size>0xe6e</size>
         <input_file_ref idref="fl-11"/>
      </object_component>
      <object_component id="oc-74">
         <name>.debug_info</name>
         <load_address>0xb275</load_address>
         <run_address>0xb275</run_address>
         <size>0xe5</size>
         <input_file_ref idref="fl-18"/>
      </object_component>
      <object_component id="oc-78">
         <name>.debug_info</name>
         <load_address>0xb35a</load_address>
         <run_address>0xb35a</run_address>
         <size>0x5ff3</size>
         <input_file_ref idref="fl-19"/>
      </object_component>
      <object_component id="oc-7d">
         <name>.debug_info</name>
         <load_address>0x1134d</load_address>
         <run_address>0x1134d</run_address>
         <size>0xe8</size>
         <input_file_ref idref="fl-1a"/>
      </object_component>
      <object_component id="oc-82">
         <name>.debug_info</name>
         <load_address>0x11435</load_address>
         <run_address>0x11435</run_address>
         <size>0x5fb</size>
         <input_file_ref idref="fl-1b"/>
      </object_component>
      <object_component id="oc-88">
         <name>.debug_info</name>
         <load_address>0x11a30</load_address>
         <run_address>0x11a30</run_address>
         <size>0x76c</size>
         <input_file_ref idref="fl-1c"/>
      </object_component>
      <object_component id="oc-8c">
         <name>.debug_info</name>
         <load_address>0x1219c</load_address>
         <run_address>0x1219c</run_address>
         <size>0xef</size>
         <input_file_ref idref="fl-1d"/>
      </object_component>
      <object_component id="oc-90">
         <name>.debug_info</name>
         <load_address>0x1228b</load_address>
         <run_address>0x1228b</run_address>
         <size>0xbc</size>
         <input_file_ref idref="fl-1e"/>
      </object_component>
      <object_component id="oc-95">
         <name>.debug_info</name>
         <load_address>0x12347</load_address>
         <run_address>0x12347</run_address>
         <size>0x5bc</size>
         <input_file_ref idref="fl-1f"/>
      </object_component>
      <object_component id="oc-9a">
         <name>.debug_info</name>
         <load_address>0x12903</load_address>
         <run_address>0x12903</run_address>
         <size>0x27bd</size>
         <input_file_ref idref="fl-20"/>
      </object_component>
      <object_component id="oc-a0">
         <name>.debug_info</name>
         <load_address>0x150c0</load_address>
         <run_address>0x150c0</run_address>
         <size>0x586</size>
         <input_file_ref idref="fl-21"/>
      </object_component>
      <object_component id="oc-a4">
         <name>.debug_info</name>
         <load_address>0x15646</load_address>
         <run_address>0x15646</run_address>
         <size>0x5a4</size>
         <input_file_ref idref="fl-22"/>
      </object_component>
      <object_component id="oc-a8">
         <name>.debug_info</name>
         <load_address>0x15bea</load_address>
         <run_address>0x15bea</run_address>
         <size>0xcd</size>
         <input_file_ref idref="fl-23"/>
      </object_component>
      <object_component id="oc-ac">
         <name>.debug_info</name>
         <load_address>0x15cb7</load_address>
         <run_address>0x15cb7</run_address>
         <size>0x81f</size>
         <input_file_ref idref="fl-24"/>
      </object_component>
      <object_component id="oc-af">
         <name>.debug_info</name>
         <load_address>0x164d6</load_address>
         <run_address>0x164d6</run_address>
         <size>0x498</size>
         <input_file_ref idref="fl-25"/>
      </object_component>
      <object_component id="oc-b2">
         <name>.debug_info</name>
         <load_address>0x1696e</load_address>
         <run_address>0x1696e</run_address>
         <size>0x57e</size>
         <input_file_ref idref="fl-26"/>
      </object_component>
      <object_component id="oc-b6">
         <name>.debug_info</name>
         <load_address>0x16eec</load_address>
         <run_address>0x16eec</run_address>
         <size>0x7e8</size>
         <input_file_ref idref="fl-27"/>
      </object_component>
      <object_component id="oc-ba">
         <name>.debug_info</name>
         <load_address>0x176d4</load_address>
         <run_address>0x176d4</run_address>
         <size>0x534</size>
         <input_file_ref idref="fl-28"/>
      </object_component>
      <object_component id="oc-be">
         <name>.debug_info</name>
         <load_address>0x17c08</load_address>
         <run_address>0x17c08</run_address>
         <size>0x4cf</size>
         <input_file_ref idref="fl-29"/>
      </object_component>
      <object_component id="oc-c2">
         <name>.debug_info</name>
         <load_address>0x180d7</load_address>
         <run_address>0x180d7</run_address>
         <size>0x534</size>
         <input_file_ref idref="fl-2a"/>
      </object_component>
      <object_component id="oc-c6">
         <name>.debug_info</name>
         <load_address>0x1860b</load_address>
         <run_address>0x1860b</run_address>
         <size>0x549</size>
         <input_file_ref idref="fl-2b"/>
      </object_component>
      <object_component id="oc-cb">
         <name>.debug_info</name>
         <load_address>0x18b54</load_address>
         <run_address>0x18b54</run_address>
         <size>0x6aa</size>
         <input_file_ref idref="fl-2c"/>
      </object_component>
      <object_component id="oc-cf">
         <name>.debug_info</name>
         <load_address>0x191fe</load_address>
         <run_address>0x191fe</run_address>
         <size>0x942</size>
         <input_file_ref idref="fl-2d"/>
      </object_component>
      <object_component id="oc-d4">
         <name>.debug_info</name>
         <load_address>0x19b40</load_address>
         <run_address>0x19b40</run_address>
         <size>0x53e</size>
         <input_file_ref idref="fl-2e"/>
      </object_component>
      <object_component id="oc-d8">
         <name>.debug_info</name>
         <load_address>0x1a07e</load_address>
         <run_address>0x1a07e</run_address>
         <size>0x680</size>
         <input_file_ref idref="fl-2f"/>
      </object_component>
      <object_component id="oc-dc">
         <name>.debug_info</name>
         <load_address>0x1a6fe</load_address>
         <run_address>0x1a6fe</run_address>
         <size>0x7d4</size>
         <input_file_ref idref="fl-30"/>
      </object_component>
      <object_component id="oc-e0">
         <name>.debug_info</name>
         <load_address>0x1aed2</load_address>
         <run_address>0x1aed2</run_address>
         <size>0xbd</size>
         <input_file_ref idref="fl-31"/>
      </object_component>
      <object_component id="oc-e5">
         <name>.debug_info</name>
         <load_address>0x1af8f</load_address>
         <run_address>0x1af8f</run_address>
         <size>0x144b</size>
         <input_file_ref idref="fl-32"/>
      </object_component>
      <object_component id="oc-ea">
         <name>.debug_info</name>
         <load_address>0x1c3da</load_address>
         <run_address>0x1c3da</run_address>
         <size>0x5ad</size>
         <input_file_ref idref="fl-33"/>
      </object_component>
      <object_component id="oc-ee">
         <name>.debug_info</name>
         <load_address>0x1c987</load_address>
         <run_address>0x1c987</run_address>
         <size>0x574</size>
         <input_file_ref idref="fl-34"/>
      </object_component>
      <object_component id="oc-f2">
         <name>.debug_info</name>
         <load_address>0x1cefb</load_address>
         <run_address>0x1cefb</run_address>
         <size>0xd1</size>
         <input_file_ref idref="fl-35"/>
      </object_component>
      <object_component id="oc-f6">
         <name>.debug_info</name>
         <load_address>0x1cfcc</load_address>
         <run_address>0x1cfcc</run_address>
         <size>0x55b</size>
         <input_file_ref idref="fl-36"/>
      </object_component>
      <object_component id="oc-fa">
         <name>.debug_info</name>
         <load_address>0x1d527</load_address>
         <run_address>0x1d527</run_address>
         <size>0x4b7</size>
         <input_file_ref idref="fl-37"/>
      </object_component>
      <object_component id="oc-fe">
         <name>.debug_info</name>
         <load_address>0x1d9de</load_address>
         <run_address>0x1d9de</run_address>
         <size>0x4f2</size>
         <input_file_ref idref="fl-38"/>
      </object_component>
      <object_component id="oc-102">
         <name>.debug_info</name>
         <load_address>0x1ded0</load_address>
         <run_address>0x1ded0</run_address>
         <size>0x534</size>
         <input_file_ref idref="fl-39"/>
      </object_component>
      <object_component id="oc-106">
         <name>.debug_info</name>
         <load_address>0x1e404</load_address>
         <run_address>0x1e404</run_address>
         <size>0x4de</size>
         <input_file_ref idref="fl-3a"/>
      </object_component>
      <object_component id="oc-10b">
         <name>.debug_info</name>
         <load_address>0x1e8e2</load_address>
         <run_address>0x1e8e2</run_address>
         <size>0xed4</size>
         <input_file_ref idref="fl-3b"/>
      </object_component>
      <object_component id="oc-10f">
         <name>.debug_info</name>
         <load_address>0x1f7b6</load_address>
         <run_address>0x1f7b6</run_address>
         <size>0x744</size>
         <input_file_ref idref="fl-3c"/>
      </object_component>
      <object_component id="oc-115">
         <name>.debug_info</name>
         <load_address>0x1fefa</load_address>
         <run_address>0x1fefa</run_address>
         <size>0x662</size>
         <input_file_ref idref="fl-3d"/>
      </object_component>
      <object_component id="oc-119">
         <name>.debug_info</name>
         <load_address>0x2055c</load_address>
         <run_address>0x2055c</run_address>
         <size>0x5ab</size>
         <input_file_ref idref="fl-3e"/>
      </object_component>
      <object_component id="oc-11d">
         <name>.debug_info</name>
         <load_address>0x20b07</load_address>
         <run_address>0x20b07</run_address>
         <size>0x4f2</size>
         <input_file_ref idref="fl-3f"/>
      </object_component>
      <object_component id="oc-121">
         <name>.debug_info</name>
         <load_address>0x20ff9</load_address>
         <run_address>0x20ff9</run_address>
         <size>0x706</size>
         <input_file_ref idref="fl-40"/>
      </object_component>
      <object_component id="oc-125">
         <name>.debug_info</name>
         <load_address>0x216ff</load_address>
         <run_address>0x216ff</run_address>
         <size>0x4d2</size>
         <input_file_ref idref="fl-41"/>
      </object_component>
      <object_component id="oc-129">
         <name>.debug_info</name>
         <load_address>0x21bd1</load_address>
         <run_address>0x21bd1</run_address>
         <size>0x5f7</size>
         <input_file_ref idref="fl-42"/>
      </object_component>
      <object_component id="oc-12d">
         <name>.debug_info</name>
         <load_address>0x221c8</load_address>
         <run_address>0x221c8</run_address>
         <size>0x64a</size>
         <input_file_ref idref="fl-43"/>
      </object_component>
      <object_component id="oc-132">
         <name>.debug_info</name>
         <load_address>0x22812</load_address>
         <run_address>0x22812</run_address>
         <size>0xa1c</size>
         <input_file_ref idref="fl-44"/>
      </object_component>
      <object_component id="oc-138">
         <name>.debug_info</name>
         <load_address>0x2322e</load_address>
         <run_address>0x2322e</run_address>
         <size>0xba5</size>
         <input_file_ref idref="fl-45"/>
      </object_component>
      <object_component id="oc-13e">
         <name>.debug_info</name>
         <load_address>0x23dd3</load_address>
         <run_address>0x23dd3</run_address>
         <size>0x64f</size>
         <input_file_ref idref="fl-46"/>
      </object_component>
      <object_component id="oc-142">
         <name>.debug_info</name>
         <load_address>0x24422</load_address>
         <run_address>0x24422</run_address>
         <size>0x510</size>
         <input_file_ref idref="fl-47"/>
      </object_component>
      <object_component id="oc-16a">
         <name>.debug_info</name>
         <load_address>0x24932</load_address>
         <run_address>0x24932</run_address>
         <size>0x6e</size>
      </object_component>
      <object_component id="oc-16">
         <name>.debug_frame</name>
         <load_address>0x0</load_address>
         <run_address>0x0</run_address>
         <size>0xe6</size>
         <input_file_ref idref="fl-2"/>
      </object_component>
      <object_component id="oc-1e">
         <name>.debug_frame</name>
         <load_address>0xe6</load_address>
         <run_address>0xe6</run_address>
         <size>0x103</size>
         <input_file_ref idref="fl-3"/>
      </object_component>
      <object_component id="oc-24">
         <name>.debug_frame</name>
         <load_address>0x1e9</load_address>
         <run_address>0x1e9</run_address>
         <size>0x172</size>
         <input_file_ref idref="fl-4"/>
      </object_component>
      <object_component id="oc-2a">
         <name>.debug_frame</name>
         <load_address>0x35b</load_address>
         <run_address>0x35b</run_address>
         <size>0x103</size>
         <input_file_ref idref="fl-5"/>
      </object_component>
      <object_component id="oc-2f">
         <name>.debug_frame</name>
         <load_address>0x45e</load_address>
         <run_address>0x45e</run_address>
         <size>0x13b</size>
         <input_file_ref idref="fl-6"/>
      </object_component>
      <object_component id="oc-3f">
         <name>.debug_frame</name>
         <load_address>0x599</load_address>
         <run_address>0x599</run_address>
         <size>0xe8</size>
         <input_file_ref idref="fl-9"/>
      </object_component>
      <object_component id="oc-46">
         <name>.debug_frame</name>
         <load_address>0x681</load_address>
         <run_address>0x681</run_address>
         <size>0x297</size>
         <input_file_ref idref="fl-a"/>
      </object_component>
      <object_component id="oc-4d">
         <name>.debug_frame</name>
         <load_address>0x918</load_address>
         <run_address>0x918</run_address>
         <size>0x118</size>
         <input_file_ref idref="fl-b"/>
      </object_component>
      <object_component id="oc-54">
         <name>.debug_frame</name>
         <load_address>0xa30</load_address>
         <run_address>0xa30</run_address>
         <size>0x104</size>
         <input_file_ref idref="fl-c"/>
      </object_component>
      <object_component id="oc-59">
         <name>.debug_frame</name>
         <load_address>0xb34</load_address>
         <run_address>0xb34</run_address>
         <size>0xe4</size>
         <input_file_ref idref="fl-d"/>
      </object_component>
      <object_component id="oc-5e">
         <name>.debug_frame</name>
         <load_address>0xc18</load_address>
         <run_address>0xc18</run_address>
         <size>0x116</size>
         <input_file_ref idref="fl-e"/>
      </object_component>
      <object_component id="oc-63">
         <name>.debug_frame</name>
         <load_address>0xd2e</load_address>
         <run_address>0xd2e</run_address>
         <size>0x135</size>
         <input_file_ref idref="fl-f"/>
      </object_component>
      <object_component id="oc-6a">
         <name>.debug_frame</name>
         <load_address>0xe63</load_address>
         <run_address>0xe63</run_address>
         <size>0x14a</size>
         <input_file_ref idref="fl-10"/>
      </object_component>
      <object_component id="oc-6f">
         <name>.debug_frame</name>
         <load_address>0xfad</load_address>
         <run_address>0xfad</run_address>
         <size>0x1d9</size>
         <input_file_ref idref="fl-11"/>
      </object_component>
      <object_component id="oc-79">
         <name>.debug_frame</name>
         <load_address>0x1186</load_address>
         <run_address>0x1186</run_address>
         <size>0x175</size>
         <input_file_ref idref="fl-19"/>
      </object_component>
      <object_component id="oc-17">
         <name>.debug_line</name>
         <load_address>0x0</load_address>
         <run_address>0x0</run_address>
         <size>0x10a</size>
         <input_file_ref idref="fl-2"/>
      </object_component>
      <object_component id="oc-1f">
         <name>.debug_line</name>
         <load_address>0x10a</load_address>
         <run_address>0x10a</run_address>
         <size>0x10e</size>
         <input_file_ref idref="fl-3"/>
      </object_component>
      <object_component id="oc-25">
         <name>.debug_line</name>
         <load_address>0x218</load_address>
         <run_address>0x218</run_address>
         <size>0xfe</size>
         <input_file_ref idref="fl-4"/>
      </object_component>
      <object_component id="oc-2b">
         <name>.debug_line</name>
         <load_address>0x316</load_address>
         <run_address>0x316</run_address>
         <size>0x211</size>
         <input_file_ref idref="fl-5"/>
      </object_component>
      <object_component id="oc-30">
         <name>.debug_line</name>
         <load_address>0x527</load_address>
         <run_address>0x527</run_address>
         <size>0x1a9</size>
         <input_file_ref idref="fl-6"/>
      </object_component>
      <object_component id="oc-34">
         <name>.debug_line</name>
         <load_address>0x6d0</load_address>
         <run_address>0x6d0</run_address>
         <size>0x7a</size>
         <input_file_ref idref="fl-7"/>
      </object_component>
      <object_component id="oc-38">
         <name>.debug_line</name>
         <load_address>0x74a</load_address>
         <run_address>0x74a</run_address>
         <size>0x7a</size>
         <input_file_ref idref="fl-8"/>
      </object_component>
      <object_component id="oc-40">
         <name>.debug_line</name>
         <load_address>0x7c4</load_address>
         <run_address>0x7c4</run_address>
         <size>0x2b2</size>
         <input_file_ref idref="fl-9"/>
      </object_component>
      <object_component id="oc-47">
         <name>.debug_line</name>
         <load_address>0xa76</load_address>
         <run_address>0xa76</run_address>
         <size>0x609</size>
         <input_file_ref idref="fl-a"/>
      </object_component>
      <object_component id="oc-4e">
         <name>.debug_line</name>
         <load_address>0x107f</load_address>
         <run_address>0x107f</run_address>
         <size>0x1d5</size>
         <input_file_ref idref="fl-b"/>
      </object_component>
      <object_component id="oc-55">
         <name>.debug_line</name>
         <load_address>0x1254</load_address>
         <run_address>0x1254</run_address>
         <size>0x13c</size>
         <input_file_ref idref="fl-c"/>
      </object_component>
      <object_component id="oc-5a">
         <name>.debug_line</name>
         <load_address>0x1390</load_address>
         <run_address>0x1390</run_address>
         <size>0x44</size>
         <input_file_ref idref="fl-d"/>
      </object_component>
      <object_component id="oc-5f">
         <name>.debug_line</name>
         <load_address>0x13d4</load_address>
         <run_address>0x13d4</run_address>
         <size>0x83</size>
         <input_file_ref idref="fl-e"/>
      </object_component>
      <object_component id="oc-64">
         <name>.debug_line</name>
         <load_address>0x1457</load_address>
         <run_address>0x1457</run_address>
         <size>0xdd</size>
         <input_file_ref idref="fl-f"/>
      </object_component>
      <object_component id="oc-6b">
         <name>.debug_line</name>
         <load_address>0x1534</load_address>
         <run_address>0x1534</run_address>
         <size>0x122</size>
         <input_file_ref idref="fl-10"/>
      </object_component>
      <object_component id="oc-70">
         <name>.debug_line</name>
         <load_address>0x1656</load_address>
         <run_address>0x1656</run_address>
         <size>0x179</size>
         <input_file_ref idref="fl-11"/>
      </object_component>
      <object_component id="oc-75">
         <name>.debug_line</name>
         <load_address>0x17cf</load_address>
         <run_address>0x17cf</run_address>
         <size>0x5e</size>
         <input_file_ref idref="fl-18"/>
      </object_component>
      <object_component id="oc-7a">
         <name>.debug_line</name>
         <load_address>0x182d</load_address>
         <run_address>0x182d</run_address>
         <size>0x2dd</size>
         <input_file_ref idref="fl-19"/>
      </object_component>
      <object_component id="oc-7e">
         <name>.debug_line</name>
         <load_address>0x1b0a</load_address>
         <run_address>0x1b0a</run_address>
         <size>0x54</size>
         <input_file_ref idref="fl-1a"/>
      </object_component>
      <object_component id="oc-85">
         <name>.debug_line</name>
         <load_address>0x1b5e</load_address>
         <run_address>0x1b5e</run_address>
         <size>0x51</size>
         <input_file_ref idref="fl-1b"/>
      </object_component>
      <object_component id="oc-89">
         <name>.debug_line</name>
         <load_address>0x1baf</load_address>
         <run_address>0x1baf</run_address>
         <size>0x69</size>
         <input_file_ref idref="fl-1c"/>
      </object_component>
      <object_component id="oc-8d">
         <name>.debug_line</name>
         <load_address>0x1c18</load_address>
         <run_address>0x1c18</run_address>
         <size>0x58</size>
         <input_file_ref idref="fl-1d"/>
      </object_component>
      <object_component id="oc-91">
         <name>.debug_line</name>
         <load_address>0x1c70</load_address>
         <run_address>0x1c70</run_address>
         <size>0x37</size>
         <input_file_ref idref="fl-1e"/>
      </object_component>
      <object_component id="oc-97">
         <name>.debug_line</name>
         <load_address>0x1ca7</load_address>
         <run_address>0x1ca7</run_address>
         <size>0x57</size>
         <input_file_ref idref="fl-1f"/>
      </object_component>
      <object_component id="oc-9d">
         <name>.debug_line</name>
         <load_address>0x1cfe</load_address>
         <run_address>0x1cfe</run_address>
         <size>0x328</size>
         <input_file_ref idref="fl-20"/>
      </object_component>
      <object_component id="oc-a1">
         <name>.debug_line</name>
         <load_address>0x2026</load_address>
         <run_address>0x2026</run_address>
         <size>0x41</size>
         <input_file_ref idref="fl-21"/>
      </object_component>
      <object_component id="oc-a5">
         <name>.debug_line</name>
         <load_address>0x2067</load_address>
         <run_address>0x2067</run_address>
         <size>0x46</size>
         <input_file_ref idref="fl-22"/>
      </object_component>
      <object_component id="oc-a9">
         <name>.debug_line</name>
         <load_address>0x20ad</load_address>
         <run_address>0x20ad</run_address>
         <size>0x55</size>
         <input_file_ref idref="fl-23"/>
      </object_component>
      <object_component id="oc-ad">
         <name>.debug_line</name>
         <load_address>0x2102</load_address>
         <run_address>0x2102</run_address>
         <size>0xad</size>
         <input_file_ref idref="fl-24"/>
      </object_component>
      <object_component id="oc-b7">
         <name>.debug_line</name>
         <load_address>0x21af</load_address>
         <run_address>0x21af</run_address>
         <size>0x5b</size>
         <input_file_ref idref="fl-27"/>
      </object_component>
      <object_component id="oc-bb">
         <name>.debug_line</name>
         <load_address>0x220a</load_address>
         <run_address>0x220a</run_address>
         <size>0x44</size>
         <input_file_ref idref="fl-28"/>
      </object_component>
      <object_component id="oc-bf">
         <name>.debug_line</name>
         <load_address>0x224e</load_address>
         <run_address>0x224e</run_address>
         <size>0x3d</size>
         <input_file_ref idref="fl-29"/>
      </object_component>
      <object_component id="oc-c3">
         <name>.debug_line</name>
         <load_address>0x228b</load_address>
         <run_address>0x228b</run_address>
         <size>0x3d</size>
         <input_file_ref idref="fl-2a"/>
      </object_component>
      <object_component id="oc-c8">
         <name>.debug_line</name>
         <load_address>0x22c8</load_address>
         <run_address>0x22c8</run_address>
         <size>0x44</size>
         <input_file_ref idref="fl-2b"/>
      </object_component>
      <object_component id="oc-cc">
         <name>.debug_line</name>
         <load_address>0x230c</load_address>
         <run_address>0x230c</run_address>
         <size>0x56</size>
         <input_file_ref idref="fl-2c"/>
      </object_component>
      <object_component id="oc-d1">
         <name>.debug_line</name>
         <load_address>0x2362</load_address>
         <run_address>0x2362</run_address>
         <size>0xa6</size>
         <input_file_ref idref="fl-2d"/>
      </object_component>
      <object_component id="oc-d5">
         <name>.debug_line</name>
         <load_address>0x2408</load_address>
         <run_address>0x2408</run_address>
         <size>0x40</size>
         <input_file_ref idref="fl-2e"/>
      </object_component>
      <object_component id="oc-d9">
         <name>.debug_line</name>
         <load_address>0x2448</load_address>
         <run_address>0x2448</run_address>
         <size>0x38</size>
         <input_file_ref idref="fl-2f"/>
      </object_component>
      <object_component id="oc-dd">
         <name>.debug_line</name>
         <load_address>0x2480</load_address>
         <run_address>0x2480</run_address>
         <size>0xa8</size>
         <input_file_ref idref="fl-30"/>
      </object_component>
      <object_component id="oc-e1">
         <name>.debug_line</name>
         <load_address>0x2528</load_address>
         <run_address>0x2528</run_address>
         <size>0x3c</size>
         <input_file_ref idref="fl-31"/>
      </object_component>
      <object_component id="oc-e7">
         <name>.debug_line</name>
         <load_address>0x2564</load_address>
         <run_address>0x2564</run_address>
         <size>0x1b0</size>
         <input_file_ref idref="fl-32"/>
      </object_component>
      <object_component id="oc-eb">
         <name>.debug_line</name>
         <load_address>0x2714</load_address>
         <run_address>0x2714</run_address>
         <size>0x40</size>
         <input_file_ref idref="fl-33"/>
      </object_component>
      <object_component id="oc-ef">
         <name>.debug_line</name>
         <load_address>0x2754</load_address>
         <run_address>0x2754</run_address>
         <size>0x3a</size>
         <input_file_ref idref="fl-34"/>
      </object_component>
      <object_component id="oc-f3">
         <name>.debug_line</name>
         <load_address>0x278e</load_address>
         <run_address>0x278e</run_address>
         <size>0x54</size>
         <input_file_ref idref="fl-35"/>
      </object_component>
      <object_component id="oc-f7">
         <name>.debug_line</name>
         <load_address>0x27e2</load_address>
         <run_address>0x27e2</run_address>
         <size>0x3c</size>
         <input_file_ref idref="fl-36"/>
      </object_component>
      <object_component id="oc-fb">
         <name>.debug_line</name>
         <load_address>0x281e</load_address>
         <run_address>0x281e</run_address>
         <size>0x37</size>
         <input_file_ref idref="fl-37"/>
      </object_component>
      <object_component id="oc-ff">
         <name>.debug_line</name>
         <load_address>0x2855</load_address>
         <run_address>0x2855</run_address>
         <size>0x3c</size>
         <input_file_ref idref="fl-38"/>
      </object_component>
      <object_component id="oc-103">
         <name>.debug_line</name>
         <load_address>0x2891</load_address>
         <run_address>0x2891</run_address>
         <size>0x44</size>
         <input_file_ref idref="fl-39"/>
      </object_component>
      <object_component id="oc-107">
         <name>.debug_line</name>
         <load_address>0x28d5</load_address>
         <run_address>0x28d5</run_address>
         <size>0x37</size>
         <input_file_ref idref="fl-3a"/>
      </object_component>
      <object_component id="oc-10c">
         <name>.debug_line</name>
         <load_address>0x290c</load_address>
         <run_address>0x290c</run_address>
         <size>0x15e</size>
         <input_file_ref idref="fl-3b"/>
      </object_component>
      <object_component id="oc-112">
         <name>.debug_line</name>
         <load_address>0x2a6a</load_address>
         <run_address>0x2a6a</run_address>
         <size>0x6a</size>
         <input_file_ref idref="fl-3c"/>
      </object_component>
      <object_component id="oc-116">
         <name>.debug_line</name>
         <load_address>0x2ad4</load_address>
         <run_address>0x2ad4</run_address>
         <size>0x57</size>
         <input_file_ref idref="fl-3d"/>
      </object_component>
      <object_component id="oc-11a">
         <name>.debug_line</name>
         <load_address>0x2b2b</load_address>
         <run_address>0x2b2b</run_address>
         <size>0x5c</size>
         <input_file_ref idref="fl-3e"/>
      </object_component>
      <object_component id="oc-11e">
         <name>.debug_line</name>
         <load_address>0x2b87</load_address>
         <run_address>0x2b87</run_address>
         <size>0x3c</size>
         <input_file_ref idref="fl-3f"/>
      </object_component>
      <object_component id="oc-122">
         <name>.debug_line</name>
         <load_address>0x2bc3</load_address>
         <run_address>0x2bc3</run_address>
         <size>0x5b</size>
         <input_file_ref idref="fl-40"/>
      </object_component>
      <object_component id="oc-126">
         <name>.debug_line</name>
         <load_address>0x2c1e</load_address>
         <run_address>0x2c1e</run_address>
         <size>0x3a</size>
         <input_file_ref idref="fl-41"/>
      </object_component>
      <object_component id="oc-12a">
         <name>.debug_line</name>
         <load_address>0x2c58</load_address>
         <run_address>0x2c58</run_address>
         <size>0x3c</size>
         <input_file_ref idref="fl-42"/>
      </object_component>
      <object_component id="oc-12e">
         <name>.debug_line</name>
         <load_address>0x2c94</load_address>
         <run_address>0x2c94</run_address>
         <size>0x40</size>
         <input_file_ref idref="fl-43"/>
      </object_component>
      <object_component id="oc-134">
         <name>.debug_line</name>
         <load_address>0x2cd4</load_address>
         <run_address>0x2cd4</run_address>
         <size>0xd7</size>
         <input_file_ref idref="fl-44"/>
      </object_component>
      <object_component id="oc-13b">
         <name>.debug_line</name>
         <load_address>0x2dab</load_address>
         <run_address>0x2dab</run_address>
         <size>0x112</size>
         <input_file_ref idref="fl-45"/>
      </object_component>
      <object_component id="oc-13f">
         <name>.debug_line</name>
         <load_address>0x2ebd</load_address>
         <run_address>0x2ebd</run_address>
         <size>0x3d</size>
         <input_file_ref idref="fl-46"/>
      </object_component>
      <object_component id="oc-143">
         <name>.debug_line</name>
         <load_address>0x2efa</load_address>
         <run_address>0x2efa</run_address>
         <size>0x39</size>
         <input_file_ref idref="fl-47"/>
      </object_component>
      <object_component id="oc-18">
         <name>.debug_abbrev</name>
         <load_address>0x0</load_address>
         <run_address>0x0</run_address>
         <size>0xb5</size>
         <input_file_ref idref="fl-2"/>
      </object_component>
      <object_component id="oc-20">
         <name>.debug_abbrev</name>
         <load_address>0xb5</load_address>
         <run_address>0xb5</run_address>
         <size>0x14c</size>
         <input_file_ref idref="fl-3"/>
      </object_component>
      <object_component id="oc-26">
         <name>.debug_abbrev</name>
         <load_address>0x201</load_address>
         <run_address>0x201</run_address>
         <size>0x147</size>
         <input_file_ref idref="fl-4"/>
      </object_component>
      <object_component id="oc-2c">
         <name>.debug_abbrev</name>
         <load_address>0x348</load_address>
         <run_address>0x348</run_address>
         <size>0xfd</size>
         <input_file_ref idref="fl-5"/>
      </object_component>
      <object_component id="oc-31">
         <name>.debug_abbrev</name>
         <load_address>0x445</load_address>
         <run_address>0x445</run_address>
         <size>0xf4</size>
         <input_file_ref idref="fl-6"/>
      </object_component>
      <object_component id="oc-35">
         <name>.debug_abbrev</name>
         <load_address>0x539</load_address>
         <run_address>0x539</run_address>
         <size>0x2c</size>
         <input_file_ref idref="fl-7"/>
      </object_component>
      <object_component id="oc-39">
         <name>.debug_abbrev</name>
         <load_address>0x565</load_address>
         <run_address>0x565</run_address>
         <size>0x2c</size>
         <input_file_ref idref="fl-8"/>
      </object_component>
      <object_component id="oc-41">
         <name>.debug_abbrev</name>
         <load_address>0x591</load_address>
         <run_address>0x591</run_address>
         <size>0x116</size>
         <input_file_ref idref="fl-9"/>
      </object_component>
      <object_component id="oc-48">
         <name>.debug_abbrev</name>
         <load_address>0x6a7</load_address>
         <run_address>0x6a7</run_address>
         <size>0x1ae</size>
         <input_file_ref idref="fl-a"/>
      </object_component>
      <object_component id="oc-4f">
         <name>.debug_abbrev</name>
         <load_address>0x855</load_address>
         <run_address>0x855</run_address>
         <size>0xf5</size>
         <input_file_ref idref="fl-b"/>
      </object_component>
      <object_component id="oc-56">
         <name>.debug_abbrev</name>
         <load_address>0x94a</load_address>
         <run_address>0x94a</run_address>
         <size>0xc0</size>
         <input_file_ref idref="fl-c"/>
      </object_component>
      <object_component id="oc-5b">
         <name>.debug_abbrev</name>
         <load_address>0xa0a</load_address>
         <run_address>0xa0a</run_address>
         <size>0x87</size>
         <input_file_ref idref="fl-d"/>
      </object_component>
      <object_component id="oc-60">
         <name>.debug_abbrev</name>
         <load_address>0xa91</load_address>
         <run_address>0xa91</run_address>
[...]
         <value>0x26192</value>
         <object_component_ref idref="oc-66"/>
      </symbol>
      <symbol id="sm-355">
         <name>_USBSTK5515_I2C_init</name>
         <value>0x2616a</value>
         <object_component_ref idref="oc-66"/>
      </symbol>
      <symbol id="sm-372">
         <name>_USBSTK5515_ULED_toggle</name>
         <value>0x25b9e</value>
         <object_component_ref idref="oc-6d"/>
      </symbol>
      <symbol id="sm-373">
         <name>_USBSTK5515_LED_on</name>
         <value>0x25a25</value>
         <object_component_ref idref="oc-6d"/>
      </symbol>
      <symbol id="sm-374">
         <name>_USBSTK5515_LED_off</name>
         <value>0x25a36</value>
         <object_component_ref idref="oc-6d"/>
      </symbol>
      <symbol id="sm-375">
         <name>_USBSTK5515_ULED_on</name>
         <value>0x25b36</value>
         <object_component_ref idref="oc-6d"/>
      </symbol>
      <symbol id="sm-376">
         <name>_USBSTK5515_ULED_off</name>
         <value>0x25b6b</value>
         <object_component_ref idref="oc-6d"/>
      </symbol>
      <symbol id="sm-377">
         <name>_USBSTK5515_ULED_getall</name>
         <value>0x25a76</value>
         <object_component_ref idref="oc-6d"/>
      </symbol>
      <symbol id="sm-378">
         <name>_USBSTK5515_ULED_setall</name>
         <value>0x25ac8</value>
         <object_component_ref idref="oc-6d"/>
      </symbol>
      <symbol id="sm-379">
         <name>_USBSTK5515_ULED_init</name>
         <value>0x25a47</value>
         <object_component_ref idref="oc-6d"/>
      </symbol>
      <symbol id="sm-37a">
         <name>_USBSTK5515_LED_init</name>
         <value>0x25a1a</value>
         <object_component_ref idref="oc-6d"/>
      </symbol>
      <symbol id="sm-38b">
         <name>_sine</name>
         <value>0x26a2a</value>
         <object_component_ref idref="oc-72"/>
      </symbol>
      <symbol id="sm-3b0">
         <name>_PLL_reset</name>
         <value>0x24be7</value>
         <object_component_ref idref="oc-77"/>
      </symbol>
      <symbol id="sm-3b1">
         <name>_PLL_bypass</name>
         <value>0x24b98</value>
         <object_component_ref idref="oc-77"/>
      </symbol>
      <symbol id="sm-3b2">
         <name>_PLL_enable</name>
         <value>0x24b31</value>
         <object_component_ref idref="oc-77"/>
      </symbol>
      <symbol id="sm-3b3">
         <name>_PLL_config</name>
         <value>0x24a08</value>
         <object_component_ref idref="oc-77"/>
      </symbol>
      <symbol id="sm-3b4">
         <name>_PLL_init</name>
         <value>0x249d0</value>
         <object_component_ref idref="oc-77"/>
      </symbol>
      <symbol id="sm-3c0">
         <name>__sysstack</name>
         <value>0x20c0</value>
         <object_component_ref idref="oc-145"/>
      </symbol>
      <symbol id="sm-3c1">
         <name>_c_int00</name>
         <value>0x270d0</value>
         <object_component_ref idref="oc-10"/>
      </symbol>
      <symbol id="sm-3c2">
         <name>__stack</name>
         <value>0xc0</value>
         <object_component_ref idref="oc-7c"/>
      </symbol>
      <symbol id="sm-3d2">
         <name>C$$EXIT</name>
         <value>0x27204</value>
         <object_component_ref idref="oc-84"/>
      </symbol>
      <symbol id="sm-3d3">
         <name>_exit</name>
         <value>0x27092</value>
         <object_component_ref idref="oc-80"/>
      </symbol>
      <symbol id="sm-3d4">
         <name>_abort</name>
         <value>0x27203</value>
         <object_component_ref idref="oc-84"/>
      </symbol>
      <symbol id="sm-3d5">
         <name>__cleanup_ptr</name>
         <value>0x5dc4</value>
         <object_component_ref idref="oc-81"/>
      </symbol>
      <symbol id="sm-3d6">
         <name>__dtors_ptr</name>
         <value>0x5dc8</value>
         <object_component_ref idref="oc-81"/>
      </symbol>
      <symbol id="sm-3e0">
         <name>_printf</name>
         <value>0x26f1b</value>
         <object_component_ref idref="oc-87"/>
      </symbol>
      <symbol id="sm-3e8">
         <name>__remu</name>
         <value>0x27143</value>
         <object_component_ref idref="oc-8b"/>
      </symbol>
      <symbol id="sm-3e9">
         <name>__divu</name>
         <value>0x2712e</value>
         <object_component_ref idref="oc-8b"/>
      </symbol>
      <symbol id="sm-3ea">
         <name>I$$UMOD</name>
         <value>0x27143</value>
         <object_component_ref idref="oc-8b"/>
      </symbol>
      <symbol id="sm-3eb">
         <name>I$$UDIV</name>
         <value>0x2712e</value>
         <object_component_ref idref="oc-8b"/>
      </symbol>
      <symbol id="sm-3f5">
         <name>_Reset</name>
         <value>0x4fe00</value>
         <object_component_ref idref="oc-11"/>
      </symbol>
      <symbol id="sm-403">
         <name>__unlock</name>
         <value>0x5dc0</value>
         <object_component_ref idref="oc-94"/>
      </symbol>
      <symbol id="sm-404">
         <name>__lock</name>
         <value>0x5dbc</value>
         <object_component_ref idref="oc-94"/>
      </symbol>
      <symbol id="sm-405">
         <name>__register_lock</name>
         <value>0x271df</value>
         <object_component_ref idref="oc-93"/>
      </symbol>
      <symbol id="sm-406">
         <name>__nop</name>
         <value>0x271e7</value>
         <object_component_ref idref="oc-93"/>
      </symbol>
      <symbol id="sm-407">
         <name>__register_unlock</name>
         <value>0x271d7</value>
         <object_component_ref idref="oc-93"/>
      </symbol>
      <symbol id="sm-419">
         <name>__printfi</name>
         <value>0x21315</value>
         <object_component_ref idref="oc-99"/>
      </symbol>
      <symbol id="sm-423">
         <name>__args_main</name>
         <value>0x27001</value>
         <object_component_ref idref="oc-9f"/>
      </symbol>
      <symbol id="sm-424">
         <name>__TI_args_main</name>
         <value>0x1</value>
      </symbol>
      <symbol id="sm-42e">
         <name>_atoi</name>
         <value>0x26e18</value>
         <object_component_ref idref="oc-a3"/>
      </symbol>
      <symbol id="sm-436">
         <name>_auto_init</name>
         <value>0x26f69</value>
         <object_component_ref idref="oc-a7"/>
      </symbol>
      <symbol id="sm-440">
         <name>__eqld</name>
         <value>0x2598e</value>
         <object_component_ref idref="oc-ab"/>
      </symbol>
      <symbol id="sm-441">
         <name>__cmpd</name>
         <value>0x259c2</value>
         <object_component_ref idref="oc-ab"/>
      </symbol>
      <symbol id="sm-442">
         <name>__neqd</name>
         <value>0x25830</value>
         <object_component_ref idref="oc-ab"/>
      </symbol>
      <symbol id="sm-443">
         <name>__gtrd</name>
         <value>0x258f9</value>
         <object_component_ref idref="oc-ab"/>
      </symbol>
      <symbol id="sm-444">
         <name>__geqd</name>
         <value>0x25944</value>
         <object_component_ref idref="oc-ab"/>
      </symbol>
      <symbol id="sm-445">
         <name>__leqd</name>
         <value>0x258ac</value>
         <object_component_ref idref="oc-ab"/>
      </symbol>
      <symbol id="sm-446">
         <name>__lssd</name>
         <value>0x25864</value>
         <object_component_ref idref="oc-ab"/>
      </symbol>
      <symbol id="sm-44e">
         <name>__ctypes_</name>
         <value>0x6528</value>
         <object_component_ref idref="oc-146"/>
      </symbol>
      <symbol id="sm-458">
         <name>__tmpnams</name>
         <value>0x57d4</value>
         <object_component_ref idref="oc-b1"/>
      </symbol>
      <symbol id="sm-459">
         <name>__ft_end</name>
         <value>0x5914</value>
         <object_component_ref idref="oc-b1"/>
      </symbol>
      <symbol id="sm-45a">
         <name>__ftable</name>
         <value>0x56e4</value>
         <object_component_ref idref="oc-b1"/>
      </symbol>
      <symbol id="sm-466">
         <name>__divd</name>
         <value>0x23fe9</value>
         <object_component_ref idref="oc-b5"/>
      </symbol>
      <symbol id="sm-471">
         <name>__divul</name>
         <value>0x26911</value>
         <object_component_ref idref="oc-b9"/>
      </symbol>
      <symbol id="sm-47b">
         <name>__fixdi</name>
         <value>0x27104</value>
         <object_component_ref idref="oc-bd"/>
      </symbol>
      <symbol id="sm-485">
         <name>__fixdli</name>
         <value>0x26c70</value>
         <object_component_ref idref="oc-c1"/>
      </symbol>
      <symbol id="sm-491">
         <name>__fltlid</name>
         <value>0x26db1</value>
         <object_component_ref idref="oc-c5"/>
      </symbol>
      <symbol id="sm-49b">
         <name>_putchar</name>
         <value>0x26902</value>
         <object_component_ref idref="oc-ca"/>
      </symbol>
      <symbol id="sm-49c">
         <name>_putc</name>
         <value>0x2686f</value>
         <object_component_ref idref="oc-ca"/>
      </symbol>
      <symbol id="sm-49d">
         <name>_fputc</name>
         <value>0x2686f</value>
         <object_component_ref idref="oc-ca"/>
      </symbol>
      <symbol id="sm-4a9">
         <name>_puts</name>
         <value>0x25d32</value>
         <object_component_ref idref="oc-ce"/>
      </symbol>
      <symbol id="sm-4aa">
         <name>_fputs</name>
         <value>0x25be3</value>
         <object_component_ref idref="oc-ce"/>
      </symbol>
      <symbol id="sm-4b4">
         <name>__frcmpyd_div</name>
         <value>0x26b8d</value>
         <object_component_ref idref="oc-d3"/>
      </symbol>
      <symbol id="sm-4be">
         <name>___isinf</name>
         <value>0x27196</value>
         <object_component_ref idref="oc-d7"/>
      </symbol>
      <symbol id="sm-4c8">
         <name>__divull</name>
         <value>0x254b1</value>
         <object_component_ref idref="oc-db"/>
      </symbol>
      <symbol id="sm-4c9">
         <name>__mpylli</name>
         <value>0x253fa</value>
         <object_component_ref idref="oc-db"/>
      </symbol>
      <symbol id="sm-4ca">
         <name>__remlli</name>
         <value>0x253cb</value>
         <object_component_ref idref="oc-db"/>
      </symbol>
      <symbol id="sm-4cb">
         <name>__divlli</name>
         <value>0x255a5</value>
         <object_component_ref idref="oc-db"/>
      </symbol>
      <symbol id="sm-4cc">
         <name>__remull</name>
         <value>0x2537d</value>
         <object_component_ref idref="oc-db"/>
      </symbol>
      <symbol id="sm-4d4">
         <name>__mpyli</name>
         <value>0x271c4</value>
         <object_component_ref idref="oc-df"/>
      </symbol>
      <symbol id="sm-4d5">
         <name>I$$LMPY</name>
         <value>0x271c4</value>
         <object_component_ref idref="oc-df"/>
      </symbol>
      <symbol id="sm-4e6">
         <name>_add_device</name>
         <value>0x23f01</value>
         <object_component_ref idref="oc-e3"/>
      </symbol>
      <symbol id="sm-4e7">
         <name>_rename</name>
         <value>0x23c32</value>
         <object_component_ref idref="oc-e3"/>
      </symbol>
      <symbol id="sm-4e8">
         <name>_read</name>
         <value>0x23cbd</value>
         <object_component_ref idref="oc-e3"/>
      </symbol>
      <symbol id="sm-4e9">
         <name>_unlink</name>
         <value>0x23bfe</value>
         <object_component_ref idref="oc-e3"/>
      </symbol>
      <symbol id="sm-4ea">
         <name>_remove_device</name>
         <value>0x23c89</value>
         <object_component_ref idref="oc-e3"/>
      </symbol>
      <symbol id="sm-4eb">
         <name>_open</name>
         <value>0x23d67</value>
         <object_component_ref idref="oc-e3"/>
      </symbol>
      <symbol id="sm-4ec">
         <name>_find_registered_device</name>
         <value>0x23e88</value>
         <object_component_ref idref="oc-e3"/>
      </symbol>
      <symbol id="sm-4ed">
         <name>_lseek</name>
         <value>0x23e24</value>
         <object_component_ref idref="oc-e3"/>
      </symbol>
      <symbol id="sm-4ee">
         <name>_close</name>
         <value>0x23e91</value>
         <object_component_ref idref="oc-e3"/>
      </symbol>
      <symbol id="sm-4ef">
         <name>_write</name>
         <value>0x23ad1</value>
         <object_component_ref idref="oc-e3"/>
      </symbol>
      <symbol id="sm-4f9">
         <name>_ltoa</name>
         <value>0x269b1</value>
         <object_component_ref idref="oc-e9"/>
      </symbol>
      <symbol id="sm-504">
         <name>_memccpy</name>
         <value>0x27158</value>
         <object_component_ref idref="oc-ed"/>
      </symbol>
      <symbol id="sm-50e">
         <name>_memcpy</name>
         <value>0x26e71</value>
         <object_component_ref idref="oc-f1"/>
      </symbol>
      <symbol id="sm-518">
         <name>__mpyd</name>
         <value>0x2601f</value>
         <object_component_ref idref="oc-f5"/>
      </symbol>
      <symbol id="sm-522">
         <name>__negd</name>
         <value>0x271e9</value>
         <object_component_ref idref="oc-f9"/>
      </symbol>
      <symbol id="sm-52c">
         <name>__remli</name>
         <value>0x26fb6</value>
         <object_component_ref idref="oc-fd"/>
      </symbol>
      <symbol id="sm-537">
         <name>__remul</name>
         <value>0x26c00</value>
         <object_component_ref idref="oc-101"/>
      </symbol>
      <symbol id="sm-541">
         <name>__subd</name>
         <value>0x271b0</value>
         <object_component_ref idref="oc-105"/>
      </symbol>
      <symbol id="sm-54d">
         <name>_HOSTopen</name>
         <value>0x22e51</value>
         <object_component_ref idref="oc-109"/>
      </symbol>
      <symbol id="sm-54e">
         <name>_HOSTread</name>
         <value>0x22dc6</value>
         <object_component_ref idref="oc-109"/>
      </symbol>
      <symbol id="sm-54f">
         <name>_HOSTtime</name>
         <value>0x22caf</value>
         <object_component_ref idref="oc-109"/>
      </symbol>
      <symbol id="sm-550">
         <name>_getenv</name>
         <value>0x22b38</value>
         <object_component_ref idref="oc-109"/>
      </symbol>
      <symbol id="sm-551">
         <name>_HOSTrename</name>
         <value>0x22d0d</value>
         <object_component_ref idref="oc-109"/>
      </symbol>
      <symbol id="sm-552">
         <name>_HOSTclock</name>
         <value>0x23012</value>
         <object_component_ref idref="oc-109"/>
      </symbol>
      <symbol id="sm-553">
         <name>_HOSTwrite</name>
         <value>0x22bb8</value>
         <object_component_ref idref="oc-109"/>
      </symbol>
      <symbol id="sm-554">
         <name>_HOSTlseek</name>
         <value>0x22ef2</value>
         <object_component_ref idref="oc-109"/>
      </symbol>
      <symbol id="sm-555">
         <name>_HOSTunlink</name>
         <value>0x22c43</value>
         <object_component_ref idref="oc-109"/>
      </symbol>
      <symbol id="sm-556">
         <name>_HOSTclose</name>
         <value>0x22fa7</value>
         <object_component_ref idref="oc-109"/>
      </symbol>
      <symbol id="sm-568">
         <name>C$$IO$$</name>
         <value>0x26669</value>
         <object_component_ref idref="oc-111"/>
      </symbol>
      <symbol id="sm-569">
         <name>__CIOBUF_</name>
         <value>0x40690</value>
         <object_component_ref idref="oc-110"/>
      </symbol>
      <symbol id="sm-56a">
         <name>_readmsg</name>
         <value>0x26cde</value>
         <object_component_ref idref="oc-10e"/>
      </symbol>
      <symbol id="sm-56b">
         <name>_writemsg</name>
         <value>0x265b0</value>
         <object_component_ref idref="oc-111"/>
      </symbol>
      <symbol id="sm-575">
         <name>__rd_ok</name>
         <value>0x26553</value>
         <object_component_ref idref="oc-114"/>
      </symbol>
      <symbol id="sm-576">
         <name>__wrt_ok</name>
         <value>0x264d6</value>
         <object_component_ref idref="oc-114"/>
      </symbol>
      <symbol id="sm-580">
         <name>__addd</name>
         <value>0x255d9</value>
         <object_component_ref idref="oc-118"/>
      </symbol>
      <symbol id="sm-58a">
         <name>__divli</name>
         <value>0x2704a</value>
         <object_component_ref idref="oc-11c"/>
      </symbol>
      <symbol id="sm-594">
         <name>__doflush</name>
         <value>0x2666e</value>
         <object_component_ref idref="oc-120"/>
      </symbol>
      <symbol id="sm-595">
         <name>_fflush</name>
         <value>0x266d0</value>
         <object_component_ref idref="oc-120"/>
      </symbol>
      <symbol id="sm-59f">
         <name>__frcmpyd</name>
         <value>0x26b17</value>
         <object_component_ref idref="oc-124"/>
      </symbol>
      <symbol id="sm-5a9">
         <name>_fseek</name>
         <value>0x26d49</value>
         <object_component_ref idref="oc-128"/>
      </symbol>
      <symbol id="sm-5b3">
         <name>_setvbuf</name>
         <value>0x263e3</value>
         <object_component_ref idref="oc-12c"/>
      </symbol>
      <symbol id="sm-5c2">
         <name>__cleanup</name>
         <value>0x24d68</value>
         <object_component_ref idref="oc-130"/>
      </symbol>
      <symbol id="sm-5c3">
         <name>_fopen</name>
         <value>0x24e86</value>
         <object_component_ref idref="oc-130"/>
      </symbol>
      <symbol id="sm-5c4">
         <name>_freopen</name>
         <value>0x24dc0</value>
         <object_component_ref idref="oc-130"/>
      </symbol>
      <symbol id="sm-5d4">
         <name>__sys_memory</name>
         <value>0x30c0</value>
         <object_component_ref idref="oc-13a"/>
      </symbol>
      <symbol id="sm-5d5">
         <name>_chkheap</name>
         <value>0x2354f</value>
         <object_component_ref idref="oc-136"/>
      </symbol>
      <symbol id="sm-5d6">
         <name>_realloc</name>
         <value>0x232b5</value>
         <object_component_ref idref="oc-136"/>
      </symbol>
      <symbol id="sm-5d7">
         <name>_free_memory</name>
         <value>0x234e8</value>
         <object_component_ref idref="oc-136"/>
      </symbol>
      <symbol id="sm-5d8">
         <name>_max_free</name>
         <value>0x2347e</value>
         <object_component_ref idref="oc-136"/>
      </symbol>
      <symbol id="sm-5d9">
         <name>_free</name>
         <value>0x23070</value>
         <object_component_ref idref="oc-136"/>
      </symbol>
      <symbol id="sm-5da">
         <name>_calloc</name>
         <value>0x23557</value>
         <object_component_ref idref="oc-136"/>
      </symbol>
      <symbol id="sm-5db">
         <name>_malloc</name>
         <value>0x231b4</value>
         <object_component_ref idref="oc-136"/>
      </symbol>
      <symbol id="sm-5dc">
         <name>_minit</name>
         <value>0x23142</value>
         <object_component_ref idref="oc-136"/>
      </symbol>
      <symbol id="sm-5e6">
         <name>_fclose</name>
         <value>0x26aa1</value>
         <object_component_ref idref="oc-13d"/>
      </symbol>
      <symbol id="sm-5f0">
         <name>_remove</name>
         <value>0x271f9</value>
         <object_component_ref idref="oc-141"/>
      </symbol>
   </symbol_table>
</link_info>
