******************************************************************************
              TMS320C55x Linker PC v4.4.1                      
******************************************************************************
>> Linked Tue Apr 01 12:50:06 2025

OUTPUT FILE NAME:   <Lab6.out>
ENTRY POINT SYMBOL: "_c_int00"  address: 00026910


MEMORY CONFIGURATION

         name            origin    length      used     unused   attr    fill
                        (bytes)   (bytes)    (bytes)   (bytes)
----------------------  --------  ---------  --------  --------  ----  --------
PAGE 0:
  MMR                   00000000   000000c0  00000000  000000c0  RWIX
  DARAM0                000000c0   0000ff40  00006188  00009db8  RWIX
  SARAM0                00010000   00010000  00000000  00010000  RWIX
  SARAM1                00020000   00020000  00006a55  000195ab  RWIX
  SARAM2                00040000   0000fe00  0000064a  0000f7b6  RWIX
  VECS                  0004fe00   00000200  00000100  00000100  RWIX
  PDROM                 00ff8000   00008000  00000000  00008000  R IX

PAGE 2:
  IOPORT                00000000   00020000  00000000  00020000  RWI 


SECTION ALLOCATION MAP
(Addresses surrounded by []'s are displayed for convenience only!)

output                                                          attributes/
section   page  orgn(bytes) orgn(words) len(bytes) len(words)   input sections
--------  ----  ----------- ----------- ---------- ----------   --------------
.pinit       0   [ 00040000 ]  00020000          *   00000000   UNINITIALIZED

.stack       0   [ 000000c0 ]  00000060          *   00001000   UNINITIALIZED
                 [ 000000c0 ]  00000060          *   00001000   --HOLE--

.sysstack 
*            0   [ 000020c0 ]  00001060          *   00000800   UNINITIALIZED
                 [ 000020c0 ]  00001060          *   00000800   --HOLE--

.sysmem      0   [ 000030c0 ]  00001860          *   00001000   UNINITIALIZED
                 [ 000030c0 ]  00001860          *   00001000   --HOLE--

.const.1     0   [ 000050c0 ]  00002860          *   000004ab   
                 [ 000050c0 ]  00002860          *   00000236   PLL.obj (.const:.string)
                 [ 0000552c ]  00002a96          *   00000174   aic3204_init.obj (.const:.string)
                 [ 00005814 ]  00002c0a          *   00000101   rts55h.lib : ctype.obj (.const:__ctypes_)

.const.2     0   [ 00005a18 ]  00002d0c          *   00000043   
                 [ 00005a18 ]  00002d0c          *   00000024   rts55h.lib : _printfi.obj (.const:.string)
                 [ 00005a60 ]  00002d30          *   0000001f   main.obj (.const:.string)

.const.3     0   [ 00005aa0 ]  00002d50          *   00000018   
                 [ 00005aa0 ]  00002d50          *   0000000c   rts55h.lib : _printfi.obj (.const)
                 [ 00005ab8 ]  00002d5c          *   00000008              : divd.obj (.const:_initial_approx$1)
                 [ 00005ac8 ]  00002d64          *   00000002              : fputs.obj (.const:.string)
                 [ 00005acc ]  00002d66          *   00000002              : fltlid.obj (.const)

.bss         0   [ 00005ad0 ]  00002d68          *   000003b8   UNINITIALIZED
                 [ 00005ad0 ]  00002d68          *   00000119   rts55h.lib : defs.obj (.bss)
                 [ 00005d02 ]  00002e81          *   000000d0              : trgdrv.obj (.bss)
                 [ 00005ea2 ]  00002f51          *   000000bc   oled5515.obj (.bss)
                 [ 0000601a ]  0000300d          *   00000001   55xdsph.lib : rand16i.obj (.bss)
                 [ 0000601c ]  0000300e          *   00000071   rts55h.lib : lowlev.obj (.bss)
                 [ 000060fe ]  0000307f          *   00000001              : fopen.obj (.bss)
                 [ 00006100 ]  00003080          *   00000040   main.obj (.bss)
                 [ 00006180 ]  000030c0          *   00000036   PLL.obj (.bss)
                 [ 000061ec ]  000030f6          *   0000000c   pushbuttons5515.obj (.bss)
                 [ 00006204 ]  00003102          *   0000000a   LEDFlasher.obj (.bss)
                 [ 00006218 ]  0000310c          *   00000007   rts55h.lib : memory.obj (.bss)
                 [ 00006226 ]  00003113          *   00000001   usbstk5515_i2c.obj (.bss)
                 [ 00006228 ]  00003114          *   00000004   rts55h.lib : _lock.obj (.bss)
                 [ 00006230 ]  00003118          *   00000004              : exit.obj (.bss)
                 [ 00006238 ]  0000311c          *   00000002   aic3204.obj (.bss)
                 [ 0000623c ]  0000311e          *   00000002   sinewaves.obj (.bss)

.data        0   [ 00006240 ]  00003120          *   00000006   
                 [ 00006240 ]  00003120          *   00000006   55xdsph.lib : sine.obj (.data)

.text        0     00020000  [ 00010000 ] 00006a55          *   
                   00020000  [ 00010000 ] 00001533          *   rts55h.lib : _printfi.obj (.text)
                   00021533  [ 00010a99+] 00000aee          *   oled5515.obj (.text)
                   00022021  [ 00011010+] 00000538          *   rts55h.lib : trgdrv.obj (.text)
                   00022559  [ 000112ac+] 00000533          *              : memory.obj (.text)
                   00022a8c  [ 00011546 ] 0000052e          *   aic3204_init.obj (.text)
                   00022fba  [ 000117dd ] 00000518          *   rts55h.lib : lowlev.obj (.text)
                   000234d2  [ 00011a69 ] 000003c7          *              : divd.obj (.text)
                   00023899  [ 00011c4c+] 00000340          *   PLL.obj (.text)
                   00023bd9  [ 00011dec+] 000002b6          *   pushbuttons5515.obj (.text)
                   00023e8f  [ 00011f47+] 000002ad          *   CSLc55x5h.lib : csl_pll.obj (.text)
                   0002413c  [ 0001209e ] 0000026c          *   rts55h.lib : fopen.obj (.text)
                   000243a8  [ 000121d4 ] 00000267          *   main.obj (.text)
                   0002460f  [ 00012307+] 00000262          *   sinewaves.obj (.text)
                   00024871  [ 00012438+] 0000025c          *   bargraph5515.obj (.text)
                   00024acd  [ 00012566+] 0000025c          *   rts55h.lib : llmpy.obj (.text)
                   00024d29  [ 00012694+] 00000257          *              : addd.obj (.text)
                   00024f80  [ 000127c0 ] 000001ea          *              : cmpd.obj (.text)
                   0002516a  [ 000128b5 ] 000001c9          *   usbstk5515_led.obj (.text)
                   00025333  [ 00012999+] 0000017b          *   rts55h.lib : fputs.obj (.text)
                   000254ae  [ 00012a57 ] 0000016b          *   LEDFlasher.obj (.text)
                   00025619  [ 00012b0c+] 00000156          *   usbstk5515_gpio.obj (.text)
                   0002576f  [ 00012bb7+] 0000014b          *   rts55h.lib : mpyd.obj (.text)
                   000258ba  [ 00012c5d ] 0000013e          *   usbstk5515_i2c.obj (.text)
                   000259f8  [ 00012cfc ] 0000013b          *   aic3204.obj (.text)
                   00025b33  [ 00012d99+] 000000f3          *   rts55h.lib : setvbuf.obj (.text)
                   00025c26  [ 00012e13 ] 000000da          *              : _io_perm.obj (.text)
                   00025d00  [ 00012e80 ] 000000be          *              : trgmsg.obj (.text:CIO_breakpoint)
                   00025dbe  [ 00012edf ] 000000ba          *              : fflush.obj (.text)
                   00025e78  [ 00012f3c ] 000000a4          *   iircas51_q313.obj (.text)
                   00025f1c  [ 00012f8e ] 000000a3          *   iircas51_q214.obj (.text)
                   00025fbf  [ 00012fdf+] 000000a2          *   rts55h.lib : fputc.obj (.text)
                   00026061  [ 00013030+] 000000a0          *              : divul.obj (.text)
                   00026101  [ 00013080+] 00000079          *              : ltoa.obj (.text)
                   0002617a  [ 000130bd ] 00000077          *   55xdsph.lib : sine.obj (.text)
                   000261f1  [ 000130f8+] 00000076          *   rts55h.lib : fclose.obj (.text)
                   00026267  [ 00013133+] 00000076          *              : frcmpyd.obj (.text)
                   000262dd  [ 0001316e+] 00000073          *              : frcmpyd_div.obj (.text)
                   00026350  [ 000131a8 ] 00000070          *              : remul.obj (.text)
                   000263c0  [ 000131e0 ] 0000006e          *              : fixdli.obj (.text)
                   0002642e  [ 00013217 ] 0000006b          *   55xdsph.lib : fir.obj (.text)
                   00026499  [ 0001324c+] 0000006b          *   rts55h.lib : trgmsg.obj (.text)
                   00026504  [ 00013282 ] 00000068          *              : fseek.obj (.text)
                   0002656c  [ 000132b6 ] 00000067          *              : fltlid.obj (.text)
                   000265d3  [ 000132e9+] 00000059          *              : atoi.obj (.text)
                   0002662c  [ 00013316 ] 00000056          *              : memcpy.obj (.text)
                   00026682  [ 00013341 ] 00000054          *   usbstk5515.obj (.text)
                   000266d6  [ 0001336b ] 0000004e          *   rts55h.lib : printf.obj (.text)
                   00026724  [ 00013392 ] 0000004d          *              : autoinit.obj (.text)
                   00026771  [ 000133b8+] 0000004b          *              : remli.obj (.text)
                   000267bc  [ 000133de ] 00000049          *   55xdsph.lib : rand16.obj (.text)
                   00026805  [ 00013402+] 00000049          *   rts55h.lib : args_main.obj (.text)
                   0002684e  [ 00013427 ] 00000048          *              : divli.obj (.text)
                   00026896  [ 0001344b ] 0000003e          *              : exit.obj (.text)
                   000268d4  [ 0001346a ] 0000003c          *              : idiv.obj (.text)
                   00026910  [ 00013488 ] 00000034          *              : boot.obj (.text)
                   00026944  [ 000134a2 ] 0000002a          *              : fixdi.obj (.text)
                   0002696e  [ 000134b7 ] 0000002a          *              : udiv.obj (.text)
                   00026998  [ 000134cc ] 00000022          *              : memccpy.obj (.text)
                   000269ba  [ 000134dd ] 0000001c          *   stereo.obj (.text)
                   000269d6  [ 000134eb ] 0000001a          *   rts55h.lib : isinf.obj (.text)
                   000269f0  [ 000134f8 ] 00000014          *              : subd.obj (.text)
                   00026a04  [ 00013502 ] 00000013          *              : lmpy.obj (.text)
                   00026a17  [ 0001350b+] 00000012          *              : _lock.obj (.text)
                   00026a29  [ 00013514+] 00000010          *              : negd.obj (.text)
                   00026a39  [ 0001351c+] 0000000a          *              : remove.obj (.text)
                   00026a43  [ 00013521+] 00000008          *   55xdsph.lib : rand16i.obj (.text)
                   00026a4b  [ 00013525+] 00000007          *   rts55h.lib : exit.obj (.text:CIO_breakpoint)
                   00026a52  [ 00013529 ] 00000002          *              : vectors.obj (.text)
                   00026a54  [ 0001352a ] 00000001          *   --HOLE-- [fill = 20]

.cinit       0   [ 00040000 ]  00020000          *   00000205   
                 [ 00040000 ]  00020000          *   000000c2   oled5515.obj (.cinit)
                 [ 00040184 ]  000200c2          *   00000046   PLL.obj (.cinit)
                 [ 00040210 ]  00020108          *   00000035   main.obj (.cinit)
                 [ 0004027a ]  0002013d          *   0000002d   rts55h.lib : lowlev.obj (.cinit)
                 [ 000402d4 ]  0002016a          *   0000002a              : defs.obj (.cinit)
                 [ 00040328 ]  00020194          *   00000024   LEDFlasher.obj (.cinit)
                 [ 00040370 ]  000201b8          *   00000024   pushbuttons5515.obj (.cinit)
                 [ 000403b8 ]  000201dc          *   0000000a   rts55h.lib : _lock.obj (.cinit)
                 [ 000403cc ]  000201e6          *   0000000a              : exit.obj (.cinit)
                 [ 000403e0 ]  000201f0          *   00000008   sinewaves.obj (.cinit)
                 [ 000403f0 ]  000201f8          *   00000004   rts55h.lib : fopen.obj (.cinit)
                 [ 000403f8 ]  000201fc          *   00000004              : memory.obj (.cinit)
                 [ 00040400 ]  00020200          *   00000004   usbstk5515_i2c.obj (.cinit)
                 [ 00040408 ]  00020204          *   00000001   --HOLE-- [fill = 0]

.cio         0   [ 00040410 ]  00020208          *   00000120   UNINITIALIZED
                 [ 00040410 ]  00020208          *   00000120   rts55h.lib : trgmsg.obj (.cio)

vectors      0     0004fe00  [ 00027f00 ] 00000100          *   
                   0004fe00  [ 00027f00 ] 00000100          *   rts55h.lib : vectors.obj (vectors)


GLOBAL SYMBOLS: SORTED ALPHABETICALLY BY Name 

abs. value/
byte addr   word addr   name
---------   ---------   ----
00000002                $TI_capability$C5500$CallingConvention
00000008                $TI_capability$C5500$MemoryModel
00000001                $TI_capability_requires_rev3
ffffffff                .bss
ffffffff                .data
ffffffff                .text
00026a4c                C$$EXIT
00025db9                C$$IO$$
000268d4                I$$DIV
00026a04                I$$LMPY
000268f3                I$$MOD
0002696e                I$$UDIV
00026983                I$$UMOD
000259f8                _AIC3204_rget
00025a43                _AIC3204_rset
000224fb                _HOSTclock
00022490                _HOSTclose
000223db                _HOSTlseek
0002233a                _HOSTopen
000222af                _HOSTread
000221f6                _HOSTrename
00022198                _HOSTtime
0002212c                _HOSTunlink
000220a1                _HOSTwrite
000254ae                _LEDFlasher
00021553                _OSD9616_multiSend
00021533                _OSD9616_send
00024081                _PLL_bypass
00023ef1                _PLL_config
0002401a                _PLL_enable
00023eb9                _PLL_init
000240d0                _PLL_reset
0004fe00                _Reset
00023bd9                _SAR_init
00025717                _USBSTK5515_GPIO_getInput
00025619                _USBSTK5515_GPIO_init
0002561d                _USBSTK5515_GPIO_setDirection
0002569a                _USBSTK5515_GPIO_setOutput
000258d9                _USBSTK5515_I2C_close
000258ba                _USBSTK5515_I2C_init
0002597f                _USBSTK5515_I2C_read
000258e2                _USBSTK5515_I2C_reset
000258f0                _USBSTK5515_I2C_write
0002516a                _USBSTK5515_LED_init
00025186                _USBSTK5515_LED_off
00025175                _USBSTK5515_LED_on
000251c6                _USBSTK5515_ULED_getall
00025197                _USBSTK5515_ULED_init
000252bb                _USBSTK5515_ULED_off
00025286                _USBSTK5515_ULED_on
00025218                _USBSTK5515_ULED_setall
000252ee                _USBSTK5515_ULED_toggle
000266c8                _USBSTK5515_init
00026682                _USBSTK5515_wait
000266b6                _USBSTK5515_waitusec
            00020208    __CIOBUF_
            00001060    __STACK_END
00002000                __STACK_SIZE
00002000                __SYSMEM_SIZE
00001000                __SYSSTACK_SIZE
00000001                __TI_args_main
ffffffff                ___binit__
ffffffff                ___bss__
ffffffff                ___c_args__
            00020000    ___cinit__
ffffffff                ___data__
ffffffff                ___edata__
ffffffff                ___end__
ffffffff                ___etext__
000269d6                ___isinf
ffffffff                ___pinit__
ffffffff                ___text__
00024d29                __addd
00026805                __args_main
00024251                __cleanup
            00003118    __cleanup_ptr
00025112                __cmpd
            00002c0a    __ctypes_
000234d2                __divd
000268d4                __divi
0002684e                __divli
00024cf5                __divlli
0002696e                __divu
00026061                __divul
00024c01                __divull
00025dbe                __doflush
            0000311a    __dtors_ptr
000250de                __eqld
00026944                __fixdi
000263c0                __fixdli
0002656c                __fltlid
00026267                __frcmpyd
000262dd                __frcmpyd_div
            00002e80    __ft_end
            00002d68    __ftable
00025094                __geqd
00025049                __gtrd
00024ffc                __leqd
            00003114    __lock
00024fb4                __lssd
0002576f                __mpyd
00026a04                __mpyli
00024b4a                __mpylli
00026a29                __negd
00024f80                __neqd
00026a27                __nop
00021315                __printfi
00025ca3                __rd_ok
00026a1f                __register_lock
00026a17                __register_unlock
000268f3                __remi
00026771                __remli
00024b1b                __remlli
00026983                __remu
00026350                __remul
00024acd                __remull
            00000060    __stack
000269f0                __subd
            00001860    __sys_memory
            00001060    __sysstack
            00002de0    __tmpnams
            00003116    __unlock
00025c26                __wrt_ok
00026a4b                _abort
000233ea                _add_device
00025ab1                _aic3204_codec_read
00025af7                _aic3204_codec_write
00025a95                _aic3204_disable
00025a65                _aic3204_hardware_init
00022a8c                _aic3204_init
000265d3                _atoi
00026724                _auto_init
000249ad                _bargraph_12dB
00024871                _bargraph_3dB
0002490f                _bargraph_6dB
00026910                _c_int00
00022a40                _calloc
            00002f51    _character_set
00022a38                _chkheap
0002337a                _close
            0000311c    _counter1
            0000311d    _counter2
            00003093    _d
            000030a5    _delay_buffer
            00003095    _e
00026896                _exit
000261f1                _fclose
00025e20                _fflush
00023371                _find_registered_device
0002642e                _fir
0002436f                _fopen
00025fbf                _fputc
00025333                _fputs
00022559                _free
000229d1                _free_memory
000242a9                _freopen
00026504                _fseek
0002460f                _generate_sinewave_1
00024740                _generate_sinewave_2
00022021                _getenv
            000030ca    _hPll
            000030be    _i
00025f1c                _iircas51_q214
00025e78                _iircas51_q313
            000030b7    _k
0002330d                _lseek
00026101                _ltoa
000243a8                _main
0002269d                _malloc
00022967                _max_free
00026998                _memccpy
0002662c                _memcpy
0002262b                _minit
            000030b6    _mu
            000030bd    _noise_cancelling
            00002fb9    _number_set
00021fb2                _oled_display_bar
00021bff                _oled_display_bargraph
00021ce8                _oled_display_lines
000217ee                _oled_display_message
00021ea8                _oled_display_picture
00021fe0                _oled_display_reset
00021dd1                _oled_display_waveform
000216d1                _oled_init
00021f79                _oled_set_page
00023250                _open
            000030f4    _pConfigInfo
            000030c6    _pllCfg1
            000030ec    _pllCfg_100MHz
            000030f0    _pllCfg_120MHz
            000030d4    _pllCfg_12MHz
            000030d8    _pllCfg_12p288MHz
            000030cc    _pllCfg_1MHz
            000030d0    _pllCfg_2MHz
            000030dc    _pllCfg_40MHz
            000030e0    _pllCfg_60MHz
            000030e4    _pllCfg_75MHz
            000030e8    _pllCfg_98MHz
            000030c0    _pllObj
00023914                _pll_frequency_setup
0002159f                _printCharacter
000215e3                _printMessage
000266d6                _printf
00023bf1                _pushbuttons_read
00023d6f                _pushbuttons_read_raw
00025fbf                _putc
00026052                _putchar
00025482                _puts
000267bc                _rand16
00026a43                _rand16init
000231a6                _read
00026499                _readmsg
0002279e                _realloc
00026a39                _remove
00023172                _remove_device
0002311b                _rename
00022c6a                _set_sampling_frequency_and_gain
00025b33                _setvbuf
0002617a                _sine
00024a4b                _spectrum_analyser_display
            00003102    _state
000269ba                _stereo_to_mono
            000030b9    _switches
            000030bc    _switches_1
            000030ba    _temp
000230e7                _unlink
            00003096    _w
00022fba                _write
00025d00                _writemsg
            00003084    _x
            000030b8    _x_index
            00003080    _x_left
            00003081    _x_right
            00003094    _y
            00003082    _y_left
            00003083    _y_right
ffffffff                binit
            00020000    cinit
ffffffff                edata
ffffffff                end
ffffffff                etext
ffffffff                pinit
            0000300d    rndseed


GLOBAL SYMBOLS: SORTED BY Symbol Address 

abs. value/
byte addr   word addr   name
---------   ---------   ----
00000001                $TI_capability_requires_rev3
00000001                __TI_args_main
00000002                $TI_capability$C5500$CallingConvention
00000008                $TI_capability$C5500$MemoryModel
            00000060    __stack
00001000                __SYSSTACK_SIZE
00002000                __STACK_SIZE
00002000                __SYSMEM_SIZE
            00001060    __STACK_END
            00001060    __sysstack
            00001860    __sys_memory
            00002c0a    __ctypes_
            00002d68    __ftable
            00002de0    __tmpnams
            00002e80    __ft_end
            00002f51    _character_set
            00002fb9    _number_set
            0000300d    rndseed
            00003080    _x_left
            00003081    _x_right
            00003082    _y_left
            00003083    _y_right
            00003084    _x
            00003093    _d
            00003094    _y
            00003095    _e
            00003096    _w
            000030a5    _delay_buffer
            000030b6    _mu
            000030b7    _k
            000030b8    _x_index
            000030b9    _switches
            000030ba    _temp
            000030bc    _switches_1
            000030bd    _noise_cancelling
            000030be    _i
            000030c0    _pllObj
            000030c6    _pllCfg1
            000030ca    _hPll
            000030cc    _pllCfg_1MHz
            000030d0    _pllCfg_2MHz
            000030d4    _pllCfg_12MHz
            000030d8    _pllCfg_12p288MHz
            000030dc    _pllCfg_40MHz
            000030e0    _pllCfg_60MHz
            000030e4    _pllCfg_75MHz
            000030e8    _pllCfg_98MHz
            000030ec    _pllCfg_100MHz
            000030f0    _pllCfg_120MHz
            000030f4    _pConfigInfo
            00003102    _state
            00003114    __lock
            00003116    __unlock
            00003118    __cleanup_ptr
            0000311a    __dtors_ptr
            0000311c    _counter1
            0000311d    _counter2
00021315                __printfi
00021533                _OSD9616_send
00021553                _OSD9616_multiSend
0002159f                _printCharacter
000215e3                _printMessage
000216d1                _oled_init
000217ee                _oled_display_message
00021bff                _oled_display_bargraph
00021ce8                _oled_display_lines
00021dd1                _oled_display_waveform
00021ea8                _oled_display_picture
00021f79                _oled_set_page
00021fb2                _oled_display_bar
00021fe0                _oled_display_reset
00022021                _getenv
000220a1                _HOSTwrite
0002212c                _HOSTunlink
00022198                _HOSTtime
000221f6                _HOSTrename
000222af                _HOSTread
0002233a                _HOSTopen
000223db                _HOSTlseek
00022490                _HOSTclose
000224fb                _HOSTclock
00022559                _free
0002262b                _minit
0002269d                _malloc
0002279e                _realloc
00022967                _max_free
000229d1                _free_memory
00022a38                _chkheap
00022a40                _calloc
00022a8c                _aic3204_init
00022c6a                _set_sampling_frequency_and_gain
00022fba                _write
000230e7                _unlink
0002311b                _rename
00023172                _remove_device
000231a6                _read
00023250                _open
0002330d                _lseek
00023371                _find_registered_device
0002337a                _close
000233ea                _add_device
000234d2                __divd
00023914                _pll_frequency_setup
00023bd9                _SAR_init
00023bf1                _pushbuttons_read
00023d6f                _pushbuttons_read_raw
00023eb9                _PLL_init
00023ef1                _PLL_config
0002401a                _PLL_enable
00024081                _PLL_bypass
000240d0                _PLL_reset
00024251                __cleanup
000242a9                _freopen
0002436f                _fopen
000243a8                _main
0002460f                _generate_sinewave_1
00024740                _generate_sinewave_2
00024871                _bargraph_3dB
0002490f                _bargraph_6dB
000249ad                _bargraph_12dB
00024a4b                _spectrum_analyser_display
00024acd                __remull
00024b1b                __remlli
00024b4a                __mpylli
00024c01                __divull
00024cf5                __divlli
00024d29                __addd
00024f80                __neqd
00024fb4                __lssd
00024ffc                __leqd
00025049                __gtrd
00025094                __geqd
000250de                __eqld
00025112                __cmpd
0002516a                _USBSTK5515_LED_init
00025175                _USBSTK5515_LED_on
00025186                _USBSTK5515_LED_off
00025197                _USBSTK5515_ULED_init
000251c6                _USBSTK5515_ULED_getall
00025218                _USBSTK5515_ULED_setall
00025286                _USBSTK5515_ULED_on
000252bb                _USBSTK5515_ULED_off
000252ee                _USBSTK5515_ULED_toggle
00025333                _fputs
00025482                _puts
000254ae                _LEDFlasher
00025619                _USBSTK5515_GPIO_init
0002561d                _USBSTK5515_GPIO_setDirection
0002569a                _USBSTK5515_GPIO_setOutput
00025717                _USBSTK5515_GPIO_getInput
0002576f                __mpyd
000258ba                _USBSTK5515_I2C_init
000258d9                _USBSTK5515_I2C_close
000258e2                _USBSTK5515_I2C_reset
000258f0                _USBSTK5515_I2C_write
0002597f                _USBSTK5515_I2C_read
000259f8                _AIC3204_rget
00025a43                _AIC3204_rset
00025a65                _aic3204_hardware_init
00025a95                _aic3204_disable
00025ab1                _aic3204_codec_read
00025af7                _aic3204_codec_write
00025b33                _setvbuf
00025c26                __wrt_ok
00025ca3                __rd_ok
00025d00                _writemsg
00025db9                C$$IO$$
00025dbe                __doflush
00025e20                _fflush
00025e78                _iircas51_q313
00025f1c                _iircas51_q214
00025fbf                _fputc
00025fbf                _putc
00026052                _putchar
00026061                __divul
00026101                _ltoa
0002617a                _sine
000261f1                _fclose
00026267                __frcmpyd
000262dd                __frcmpyd_div
00026350                __remul
000263c0                __fixdli
0002642e                _fir
00026499                _readmsg
00026504                _fseek
0002656c                __fltlid
000265d3                _atoi
0002662c                _memcpy
00026682                _USBSTK5515_wait
000266b6                _USBSTK5515_waitusec
000266c8                _USBSTK5515_init
000266d6                _printf
00026724                _auto_init
00026771                __remli
000267bc                _rand16
00026805                __args_main
0002684e                __divli
00026896                _exit
000268d4                I$$DIV
000268d4                __divi
000268f3                I$$MOD
000268f3                __remi
00026910                _c_int00
00026944                __fixdi
0002696e                I$$UDIV
0002696e                __divu
00026983                I$$UMOD
00026983                __remu
00026998                _memccpy
000269ba                _stereo_to_mono
000269d6                ___isinf
000269f0                __subd
00026a04                I$$LMPY
00026a04                __mpyli
00026a17                __register_unlock
00026a1f                __register_lock
00026a27                __nop
00026a29                __negd
00026a39                _remove
00026a43                _rand16init
00026a4b                _abort
00026a4c                C$$EXIT
            00020000    ___cinit__
            00020000    cinit
            00020208    __CIOBUF_
0004fe00                _Reset
ffffffff                .bss
ffffffff                .data
ffffffff                .text
ffffffff                ___binit__
ffffffff                ___bss__
ffffffff                ___c_args__
ffffffff                ___data__
ffffffff                ___edata__
ffffffff                ___end__
ffffffff                ___etext__
ffffffff                ___pinit__
ffffffff                ___text__
ffffffff                binit
ffffffff                edata
ffffffff                end
ffffffff                etext
ffffffff                pinit

[243 symbols]
