<?xml version="1.0"?>
<link_info>
   <banner>TMS320C55x Linker PC v4.4.1</banner>
   <copyright>Copyright (c) 1996-2012 Texas Instruments Incorporated</copyright>
   <link_time>0x6744e1a5</link_time>
   <output_file>Lab10.out</output_file>
   <entry_point>
      <name>_c_int00</name>
      <address>0x2657f</address>
   </entry_point>
   <input_file_list>
      <input_file id="fl-2">
         <path>.\</path>
         <kind>object</kind>
         <file>LEDFlasher.obj</file>
         <name>LEDFlasher.obj</name>
      </input_file>
      <input_file id="fl-3">
         <path>.\</path>
         <kind>object</kind>
         <file>PLL.obj</file>
         <name>PLL.obj</name>
      </input_file>
      <input_file id="fl-4">
         <path>.\</path>
         <kind>object</kind>
         <file>aic3204.obj</file>
         <name>aic3204.obj</name>
      </input_file>
      <input_file id="fl-5">
         <path>.\</path>
         <kind>object</kind>
         <file>aic3204_init.obj</file>
         <name>aic3204_init.obj</name>
      </input_file>
      <input_file id="fl-6">
         <path>.\</path>
         <kind>object</kind>
         <file>bargraph5515.obj</file>
         <name>bargraph5515.obj</name>
      </input_file>
      <input_file id="fl-7">
         <path>.\</path>
         <kind>object</kind>
         <file>main.obj</file>
         <name>main.obj</name>
      </input_file>
      <input_file id="fl-8">
         <path>.\</path>
         <kind>object</kind>
         <file>oled5515.obj</file>
         <name>oled5515.obj</name>
      </input_file>
      <input_file id="fl-9">
         <path>.\</path>
         <kind>object</kind>
         <file>pushbuttons5515.obj</file>
         <name>pushbuttons5515.obj</name>
      </input_file>
      <input_file id="fl-a">
         <path>.\</path>
         <kind>object</kind>
         <file>sinewaves.obj</file>
         <name>sinewaves.obj</name>
      </input_file>
      <input_file id="fl-b">
         <path>.\</path>
         <kind>object</kind>
         <file>stereo.obj</file>
         <name>stereo.obj</name>
      </input_file>
      <input_file id="fl-c">
         <path>.\</path>
         <kind>object</kind>
         <file>usbstk5515.obj</file>
         <name>usbstk5515.obj</name>
      </input_file>
      <input_file id="fl-d">
         <path>.\</path>
         <kind>object</kind>
         <file>usbstk5515_gpio.obj</file>
         <name>usbstk5515_gpio.obj</name>
      </input_file>
      <input_file id="fl-e">
         <path>.\</path>
         <kind>object</kind>
         <file>usbstk5515_i2c.obj</file>
         <name>usbstk5515_i2c.obj</name>
      </input_file>
      <input_file id="fl-f">
         <path>.\</path>
         <kind>object</kind>
         <file>usbstk5515_led.obj</file>
         <name>usbstk5515_led.obj</name>
      </input_file>
      <input_file id="fl-16">
         <path>..\</path>
         <kind>archive</kind>
         <file>55xdsph.lib</file>
         <name>sine.obj</name>
      </input_file>
      <input_file id="fl-17">
         <path>..\</path>
         <kind>archive</kind>
         <file>CSLc55x5h.lib</file>
         <name>csl_pll.obj</name>
      </input_file>
      <input_file id="fl-18">
         <path>..\</path>
         <kind>archive</kind>
         <file>rts55h.lib</file>
         <name>boot.obj</name>
      </input_file>
      <input_file id="fl-19">
         <path>..\</path>
         <kind>archive</kind>
         <file>rts55h.lib</file>
         <name>exit.obj</name>
      </input_file>
      <input_file id="fl-1a">
         <path>..\</path>
         <kind>archive</kind>
         <file>rts55h.lib</file>
         <name>printf.obj</name>
      </input_file>
      <input_file id="fl-1b">
         <path>..\</path>
         <kind>archive</kind>
         <file>rts55h.lib</file>
         <name>udiv.obj</name>
      </input_file>
      <input_file id="fl-1c">
         <path>..\</path>
         <kind>archive</kind>
         <file>rts55h.lib</file>
         <name>vectors.obj</name>
      </input_file>
      <input_file id="fl-1d">
         <path>..\</path>
         <kind>archive</kind>
         <file>rts55h.lib</file>
         <name>_lock.obj</name>
      </input_file>
      <input_file id="fl-1e">
         <path>..\</path>
         <kind>archive</kind>
         <file>rts55h.lib</file>
         <name>_printfi.obj</name>
      </input_file>
      <input_file id="fl-1f">
         <path>..\</path>
         <kind>archive</kind>
         <file>rts55h.lib</file>
         <name>args_main.obj</name>
      </input_file>
      <input_file id="fl-20">
         <path>..\</path>
         <kind>archive</kind>
         <file>rts55h.lib</file>
         <name>atoi.obj</name>
      </input_file>
      <input_file id="fl-21">
         <path>..\</path>
         <kind>archive</kind>
         <file>rts55h.lib</file>
         <name>autoinit.obj</name>
      </input_file>
      <input_file id="fl-22">
         <path>..\</path>
         <kind>archive</kind>
         <file>rts55h.lib</file>
         <name>cmpd.obj</name>
      </input_file>
      <input_file id="fl-23">
         <path>..\</path>
         <kind>archive</kind>
         <file>rts55h.lib</file>
         <name>ctype.obj</name>
      </input_file>
      <input_file id="fl-24">
         <path>..\</path>
         <kind>archive</kind>
         <file>rts55h.lib</file>
         <name>defs.obj</name>
      </input_file>
      <input_file id="fl-25">
         <path>..\</path>
         <kind>archive</kind>
         <file>rts55h.lib</file>
         <name>divd.obj</name>
      </input_file>
      <input_file id="fl-26">
         <path>..\</path>
         <kind>archive</kind>
         <file>rts55h.lib</file>
         <name>divul.obj</name>
      </input_file>
      <input_file id="fl-27">
         <path>..\</path>
         <kind>archive</kind>
         <file>rts55h.lib</file>
         <name>fixdi.obj</name>
      </input_file>
      <input_file id="fl-28">
         <path>..\</path>
         <kind>archive</kind>
         <file>rts55h.lib</file>
         <name>fixdli.obj</name>
      </input_file>
      <input_file id="fl-29">
         <path>..\</path>
         <kind>archive</kind>
         <file>rts55h.lib</file>
         <name>fltlid.obj</name>
      </input_file>
      <input_file id="fl-2a">
         <path>..\</path>
         <kind>archive</kind>
         <file>rts55h.lib</file>
         <name>fputc.obj</name>
      </input_file>
      <input_file id="fl-2b">
         <path>..\</path>
         <kind>archive</kind>
         <file>rts55h.lib</file>
         <name>fputs.obj</name>
      </input_file>
      <input_file id="fl-2c">
         <path>..\</path>
         <kind>archive</kind>
         <file>rts55h.lib</file>
         <name>frcmpyd_div.obj</name>
      </input_file>
      <input_file id="fl-2d">
         <path>..\</path>
         <kind>archive</kind>
         <file>rts55h.lib</file>
         <name>isinf.obj</name>
      </input_file>
      <input_file id="fl-2e">
         <path>..\</path>
         <kind>archive</kind>
         <file>rts55h.lib</file>
         <name>llmpy.obj</name>
      </input_file>
      <input_file id="fl-2f">
         <path>..\</path>
         <kind>archive</kind>
         <file>rts55h.lib</file>
         <name>lmpy.obj</name>
      </input_file>
      <input_file id="fl-30">
         <path>..\</path>
         <kind>archive</kind>
         <file>rts55h.lib</file>
         <name>lowlev.obj</name>
      </input_file>
      <input_file id="fl-31">
         <path>..\</path>
         <kind>archive</kind>
         <file>rts55h.lib</file>
         <name>ltoa.obj</name>
      </input_file>
      <input_file id="fl-32">
         <path>..\</path>
         <kind>archive</kind>
         <file>rts55h.lib</file>
         <name>memccpy.obj</name>
      </input_file>
      <input_file id="fl-33">
         <path>..\</path>
         <kind>archive</kind>
         <file>rts55h.lib</file>
         <name>memcpy.obj</name>
      </input_file>
      <input_file id="fl-34">
         <path>..\</path>
         <kind>archive</kind>
         <file>rts55h.lib</file>
         <name>mpyd.obj</name>
      </input_file>
      <input_file id="fl-35">
         <path>..\</path>
         <kind>archive</kind>
         <file>rts55h.lib</file>
         <name>negd.obj</name>
      </input_file>
      <input_file id="fl-36">
         <path>..\</path>
         <kind>archive</kind>
         <file>rts55h.lib</file>
         <name>remli.obj</name>
      </input_file>
      <input_file id="fl-37">
         <path>..\</path>
         <kind>archive</kind>
         <file>rts55h.lib</file>
         <name>remul.obj</name>
      </input_file>
      <input_file id="fl-38">
         <path>..\</path>
         <kind>archive</kind>
         <file>rts55h.lib</file>
         <name>subd.obj</name>
      </input_file>
      <input_file id="fl-39">
         <path>..\</path>
         <kind>archive</kind>
         <file>rts55h.lib</file>
         <name>trgdrv.obj</name>
      </input_file>
      <input_file id="fl-3a">
         <path>..\</path>
         <kind>archive</kind>
         <file>rts55h.lib</file>
         <name>trgmsg.obj</name>
      </input_file>
      <input_file id="fl-3b">
         <path>..\</path>
         <kind>archive</kind>
         <file>rts55h.lib</file>
         <name>_io_perm.obj</name>
      </input_file>
      <input_file id="fl-3c">
         <path>..\</path>
         <kind>archive</kind>
         <file>rts55h.lib</file>
         <name>addd.obj</name>
      </input_file>
      <input_file id="fl-3d">
         <path>..\</path>
         <kind>archive</kind>
         <file>rts55h.lib</file>
         <name>divli.obj</name>
      </input_file>
      <input_file id="fl-3e">
         <path>..\</path>
         <kind>archive</kind>
         <file>rts55h.lib</file>
         <name>fflush.obj</name>
      </input_file>
      <input_file id="fl-3f">
         <path>..\</path>
         <kind>archive</kind>
         <file>rts55h.lib</file>
         <name>frcmpyd.obj</name>
      </input_file>
      <input_file id="fl-40">
         <path>..\</path>
         <kind>archive</kind>
         <file>rts55h.lib</file>
         <name>fseek.obj</name>
      </input_file>
      <input_file id="fl-41">
         <path>..\</path>
         <kind>archive</kind>
         <file>rts55h.lib</file>
         <name>setvbuf.obj</name>
      </input_file>
      <input_file id="fl-42">
         <path>..\</path>
         <kind>archive</kind>
         <file>rts55h.lib</file>
         <name>fopen.obj</name>
      </input_file>
      <input_file id="fl-43">
         <path>..\</path>
         <kind>archive</kind>
         <file>rts55h.lib</file>
         <name>memory.obj</name>
      </input_file>
      <input_file id="fl-44">
         <path>..\</path>
         <kind>archive</kind>
         <file>rts55h.lib</file>
         <name>fclose.obj</name>
      </input_file>
      <input_file id="fl-45">
         <path>..\</path>
         <kind>archive</kind>
         <file>rts55h.lib</file>
         <name>remove.obj</name>
      </input_file>
   </input_file_list>
   <object_component_list>
      <object_component id="oc-91">
         <name>.text</name>
         <load_address>0x20000</load_address>
         <run_address>0x20000</run_address>
         <size>0x1533</size>
         <input_file_ref idref="fl-1e"/>
      </object_component>
      <object_component id="oc-3a">
         <name>.text</name>
         <load_address>0x21533</load_address>
         <run_address>0x21533</run_address>
         <size>0x8f8</size>
         <input_file_ref idref="fl-8"/>
      </object_component>
      <object_component id="oc-101">
         <name>.text</name>
         <load_address>0x21e2b</load_address>
         <run_address>0x21e2b</run_address>
         <size>0x538</size>
         <input_file_ref idref="fl-39"/>
      </object_component>
      <object_component id="oc-12e">
         <name>.text</name>
         <load_address>0x22363</load_address>
         <run_address>0x22363</run_address>
         <size>0x533</size>
         <input_file_ref idref="fl-43"/>
      </object_component>
      <object_component id="oc-27">
         <name>.text</name>
         <load_address>0x22896</load_address>
         <run_address>0x22896</run_address>
         <size>0x52e</size>
         <input_file_ref idref="fl-5"/>
      </object_component>
      <object_component id="oc-db">
         <name>.text</name>
         <load_address>0x22dc4</load_address>
         <run_address>0x22dc4</run_address>
         <size>0x518</size>
         <input_file_ref idref="fl-30"/>
      </object_component>
      <object_component id="oc-ad">
         <name>.text</name>
         <load_address>0x232dc</load_address>
         <run_address>0x232dc</run_address>
         <size>0x3c7</size>
         <input_file_ref idref="fl-25"/>
      </object_component>
      <object_component id="oc-19">
         <name>.text</name>
         <load_address>0x236a3</load_address>
         <run_address>0x236a3</run_address>
         <size>0x340</size>
         <input_file_ref idref="fl-3"/>
      </object_component>
      <object_component id="oc-32">
         <name>.text</name>
         <load_address>0x239e3</load_address>
         <run_address>0x239e3</run_address>
         <size>0x303</size>
         <input_file_ref idref="fl-7"/>
      </object_component>
      <object_component id="oc-41">
         <name>.text</name>
         <load_address>0x23ce6</load_address>
         <run_address>0x23ce6</run_address>
         <size>0x2b6</size>
         <input_file_ref idref="fl-9"/>
      </object_component>
      <object_component id="oc-6f">
         <name>.text</name>
         <load_address>0x23f9c</load_address>
         <run_address>0x23f9c</run_address>
         <size>0x2ad</size>
         <input_file_ref idref="fl-17"/>
      </object_component>
      <object_component id="oc-128">
         <name>.text</name>
         <load_address>0x24249</load_address>
         <run_address>0x24249</run_address>
         <size>0x26c</size>
         <input_file_ref idref="fl-42"/>
      </object_component>
      <object_component id="oc-48">
         <name>.text</name>
         <load_address>0x244b5</load_address>
         <run_address>0x244b5</run_address>
         <size>0x262</size>
         <input_file_ref idref="fl-a"/>
      </object_component>
      <object_component id="oc-2d">
         <name>.text</name>
         <load_address>0x24717</load_address>
         <run_address>0x24717</run_address>
         <size>0x25c</size>
         <input_file_ref idref="fl-6"/>
      </object_component>
      <object_component id="oc-d3">
         <name>.text</name>
         <load_address>0x24973</load_address>
         <run_address>0x24973</run_address>
         <size>0x25c</size>
         <input_file_ref idref="fl-2e"/>
      </object_component>
      <object_component id="oc-110">
         <name>.text</name>
         <load_address>0x24bcf</load_address>
         <run_address>0x24bcf</run_address>
         <size>0x257</size>
         <input_file_ref idref="fl-3c"/>
      </object_component>
      <object_component id="oc-a3">
         <name>.text</name>
         <load_address>0x24e26</load_address>
         <run_address>0x24e26</run_address>
         <size>0x1ea</size>
         <input_file_ref idref="fl-22"/>
      </object_component>
      <object_component id="oc-65">
         <name>.text</name>
         <load_address>0x25010</load_address>
         <run_address>0x25010</run_address>
         <size>0x1c9</size>
         <input_file_ref idref="fl-f"/>
      </object_component>
      <object_component id="oc-c6">
         <name>.text</name>
         <load_address>0x251d9</load_address>
         <run_address>0x251d9</run_address>
         <size>0x17b</size>
         <input_file_ref idref="fl-2b"/>
      </object_component>
      <object_component id="oc-12">
         <name>.text</name>
         <load_address>0x25354</load_address>
         <run_address>0x25354</run_address>
         <size>0x16b</size>
         <input_file_ref idref="fl-2"/>
      </object_component>
      <object_component id="oc-59">
         <name>.text</name>
         <load_address>0x254bf</load_address>
         <run_address>0x254bf</run_address>
         <size>0x156</size>
         <input_file_ref idref="fl-d"/>
      </object_component>
      <object_component id="oc-ed">
         <name>.text</name>
         <load_address>0x25615</load_address>
         <run_address>0x25615</run_address>
         <size>0x14b</size>
         <input_file_ref idref="fl-34"/>
      </object_component>
      <object_component id="oc-5e">
         <name>.text</name>
         <load_address>0x25760</load_address>
         <run_address>0x25760</run_address>
         <size>0x13e</size>
         <input_file_ref idref="fl-e"/>
      </object_component>
      <object_component id="oc-21">
         <name>.text</name>
         <load_address>0x2589e</load_address>
         <run_address>0x2589e</run_address>
         <size>0x13b</size>
         <input_file_ref idref="fl-4"/>
      </object_component>
      <object_component id="oc-124">
         <name>.text</name>
         <load_address>0x259d9</load_address>
         <run_address>0x259d9</run_address>
         <size>0xf3</size>
         <input_file_ref idref="fl-41"/>
      </object_component>
      <object_component id="oc-10c">
         <name>.text</name>
         <load_address>0x25acc</load_address>
         <run_address>0x25acc</run_address>
         <size>0xda</size>
         <input_file_ref idref="fl-3b"/>
      </object_component>
      <object_component id="oc-109">
         <name>.text:CIO_breakpoint</name>
         <load_address>0x25ba6</load_address>
         <run_address>0x25ba6</run_address>
         <size>0xbe</size>
         <input_file_ref idref="fl-3a"/>
      </object_component>
      <object_component id="oc-118">
         <name>.text</name>
         <load_address>0x25c64</load_address>
         <run_address>0x25c64</run_address>
         <size>0xba</size>
         <input_file_ref idref="fl-3e"/>
      </object_component>
      <object_component id="oc-c2">
         <name>.text</name>
         <load_address>0x25d1e</load_address>
         <run_address>0x25d1e</run_address>
         <size>0xa2</size>
         <input_file_ref idref="fl-2a"/>
      </object_component>
      <object_component id="oc-b1">
         <name>.text</name>
         <load_address>0x25dc0</load_address>
         <run_address>0x25dc0</run_address>
         <size>0xa0</size>
         <input_file_ref idref="fl-26"/>
      </object_component>
      <object_component id="oc-e1">
         <name>.text</name>
         <load_address>0x25e60</load_address>
         <run_address>0x25e60</run_address>
         <size>0x79</size>
         <input_file_ref idref="fl-31"/>
      </object_component>
      <object_component id="oc-6a">
         <name>.text</name>
         <load_address>0x25ed9</load_address>
         <run_address>0x25ed9</run_address>
         <size>0x77</size>
         <input_file_ref idref="fl-16"/>
      </object_component>
      <object_component id="oc-135">
         <name>.text</name>
         <load_address>0x25f50</load_address>
         <run_address>0x25f50</run_address>
         <size>0x76</size>
         <input_file_ref idref="fl-44"/>
      </object_component>
      <object_component id="oc-11c">
         <name>.text</name>
         <load_address>0x25fc6</load_address>
         <run_address>0x25fc6</run_address>
         <size>0x76</size>
         <input_file_ref idref="fl-3f"/>
      </object_component>
      <object_component id="oc-cb">
         <name>.text</name>
         <load_address>0x2603c</load_address>
         <run_address>0x2603c</run_address>
         <size>0x73</size>
         <input_file_ref idref="fl-2c"/>
      </object_component>
      <object_component id="oc-f9">
         <name>.text</name>
         <load_address>0x260af</load_address>
         <run_address>0x260af</run_address>
         <size>0x70</size>
         <input_file_ref idref="fl-37"/>
      </object_component>
      <object_component id="oc-b9">
         <name>.text</name>
         <load_address>0x2611f</load_address>
         <run_address>0x2611f</run_address>
         <size>0x6e</size>
         <input_file_ref idref="fl-28"/>
      </object_component>
      <object_component id="oc-106">
         <name>.text</name>
         <load_address>0x2618d</load_address>
         <run_address>0x2618d</run_address>
         <size>0x6b</size>
         <input_file_ref idref="fl-3a"/>
      </object_component>
      <object_component id="oc-120">
         <name>.text</name>
         <load_address>0x261f8</load_address>
         <run_address>0x261f8</run_address>
         <size>0x68</size>
         <input_file_ref idref="fl-40"/>
      </object_component>
      <object_component id="oc-bd">
         <name>.text</name>
         <load_address>0x26260</load_address>
         <run_address>0x26260</run_address>
         <size>0x67</size>
         <input_file_ref idref="fl-29"/>
      </object_component>
      <object_component id="oc-9b">
         <name>.text</name>
         <load_address>0x262c7</load_address>
         <run_address>0x262c7</run_address>
         <size>0x59</size>
         <input_file_ref idref="fl-20"/>
      </object_component>
      <object_component id="oc-e9">
         <name>.text</name>
         <load_address>0x26320</load_address>
         <run_address>0x26320</run_address>
         <size>0x56</size>
         <input_file_ref idref="fl-33"/>
      </object_component>
      <object_component id="oc-54">
         <name>.text</name>
         <load_address>0x26376</load_address>
         <run_address>0x26376</run_address>
         <size>0x54</size>
         <input_file_ref idref="fl-c"/>
      </object_component>
      <object_component id="oc-7f">
         <name>.text</name>
         <load_address>0x263ca</load_address>
         <run_address>0x263ca</run_address>
         <size>0x4e</size>
         <input_file_ref idref="fl-1a"/>
      </object_component>
      <object_component id="oc-9f">
         <name>.text</name>
         <load_address>0x26418</load_address>
         <run_address>0x26418</run_address>
         <size>0x4d</size>
         <input_file_ref idref="fl-21"/>
      </object_component>
      <object_component id="oc-f5">
         <name>.text</name>
         <load_address>0x26465</load_address>
         <run_address>0x26465</run_address>
         <size>0x4b</size>
         <input_file_ref idref="fl-36"/>
      </object_component>
      <object_component id="oc-97">
         <name>.text</name>
         <load_address>0x264b0</load_address>
         <run_address>0x264b0</run_address>
         <size>0x49</size>
         <input_file_ref idref="fl-1f"/>
      </object_component>
      <object_component id="oc-114">
         <name>.text</name>
         <load_address>0x264f9</load_address>
         <run_address>0x264f9</run_address>
         <size>0x48</size>
         <input_file_ref idref="fl-3d"/>
      </object_component>
      <object_component id="oc-78">
         <name>.text</name>
         <load_address>0x26541</load_address>
         <run_address>0x26541</run_address>
         <size>0x3e</size>
         <input_file_ref idref="fl-19"/>
      </object_component>
      <object_component id="oc-10">
         <name>.text</name>
         <load_address>0x2657f</load_address>
         <run_address>0x2657f</run_address>
         <size>0x34</size>
         <input_file_ref idref="fl-18"/>
      </object_component>
      <object_component id="oc-b5">
         <name>.text</name>
         <load_address>0x265b3</load_address>
         <run_address>0x265b3</run_address>
         <size>0x2a</size>
         <input_file_ref idref="fl-27"/>
      </object_component>
      <object_component id="oc-83">
         <name>.text</name>
         <load_address>0x265dd</load_address>
         <run_address>0x265dd</run_address>
         <size>0x2a</size>
         <input_file_ref idref="fl-1b"/>
      </object_component>
      <object_component id="oc-e5">
         <name>.text</name>
         <load_address>0x26607</load_address>
         <run_address>0x26607</run_address>
         <size>0x22</size>
         <input_file_ref idref="fl-32"/>
      </object_component>
      <object_component id="oc-4f">
         <name>.text</name>
         <load_address>0x26629</load_address>
         <run_address>0x26629</run_address>
         <size>0x1c</size>
         <input_file_ref idref="fl-b"/>
      </object_component>
      <object_component id="oc-cf">
         <name>.text</name>
         <load_address>0x26645</load_address>
         <run_address>0x26645</run_address>
         <size>0x1a</size>
         <input_file_ref idref="fl-2d"/>
      </object_component>
      <object_component id="oc-fd">
         <name>.text</name>
         <load_address>0x2665f</load_address>
         <run_address>0x2665f</run_address>
         <size>0x14</size>
         <input_file_ref idref="fl-38"/>
      </object_component>
      <object_component id="oc-d7">
         <name>.text</name>
         <load_address>0x26673</load_address>
         <run_address>0x26673</run_address>
         <size>0x13</size>
         <input_file_ref idref="fl-2f"/>
      </object_component>
      <object_component id="oc-8b">
         <name>.text</name>
         <load_address>0x26686</load_address>
         <run_address>0x26686</run_address>
         <size>0x12</size>
         <input_file_ref idref="fl-1d"/>
      </object_component>
      <object_component id="oc-f1">
         <name>.text</name>
         <load_address>0x26698</load_address>
         <run_address>0x26698</run_address>
         <size>0x10</size>
         <input_file_ref idref="fl-35"/>
      </object_component>
      <object_component id="oc-139">
         <name>.text</name>
         <load_address>0x266a8</load_address>
         <run_address>0x266a8</run_address>
         <size>0xa</size>
         <input_file_ref idref="fl-45"/>
      </object_component>
      <object_component id="oc-7c">
         <name>.text:CIO_breakpoint</name>
         <load_address>0x266b2</load_address>
         <run_address>0x266b2</run_address>
         <size>0x7</size>
         <input_file_ref idref="fl-19"/>
      </object_component>
      <object_component id="oc-87">
         <name>.text</name>
         <load_address>0x266b9</load_address>
         <run_address>0x266b9</run_address>
         <size>0x2</size>
         <input_file_ref idref="fl-1c"/>
      </object_component>
      <object_component id="oc-74">
         <name>.stack</name>
         <uninitialized>true</uninitialized>
         <run_address>0xc0</run_address>
         <size>0x0</size>
         <input_file_ref idref="fl-18"/>
      </object_component>
      <object_component id="oc-157">
         <name>.stack</name>
         <uninitialized>true</uninitialized>
         <run_address>0xc0</run_address>
         <size>0x0</size>
      </object_component>
      <object_component id="oc-13d">
         <name>.sysstack</name>
         <uninitialized>true</uninitialized>
         <run_address>0x20c0</run_address>
         <size>0x0</size>
         <input_file_ref idref="fl-18"/>
      </object_component>
      <object_component id="oc-159">
         <name>.sysstack</name>
         <uninitialized>true</uninitialized>
         <run_address>0x20c0</run_address>
         <size>0x0</size>
      </object_component>
      <object_component id="oc-6b">
         <name>.data</name>
         <load_address>0x62e0</load_address>
         <run_address>0x62e0</run_address>
         <size>0xc</size>
         <input_file_ref idref="fl-16"/>
      </object_component>
      <object_component id="oc-a9">
         <name>.bss</name>
         <uninitialized>true</uninitialized>
         <run_address>0x5b04</run_address>
         <size>0x232</size>
         <input_file_ref idref="fl-24"/>
      </object_component>
      <object_component id="oc-102">
         <name>.bss</name>
         <uninitialized>true</uninitialized>
         <run_address>0x5d36</run_address>
         <size>0x1a0</size>
         <input_file_ref idref="fl-39"/>
      </object_component>
      <object_component id="oc-3b">
         <name>.bss</name>
         <uninitialized>true</uninitialized>
         <run_address>0x5ed6</run_address>
         <size>0x178</size>
         <input_file_ref idref="fl-8"/>
      </object_component>
      <object_component id="oc-129">
         <name>.bss</name>
         <uninitialized>true</uninitialized>
         <run_address>0x604e</run_address>
         <size>0x2</size>
         <input_file_ref idref="fl-42"/>
      </object_component>
      <object_component id="oc-33">
         <name>.bss</name>
         <uninitialized>true</uninitialized>
         <run_address>0x6050</run_address>
         <size>0xec</size>
         <input_file_ref idref="fl-7"/>
      </object_component>
      <object_component id="oc-dc">
         <name>.bss</name>
         <uninitialized>true</uninitialized>
         <run_address>0x613c</run_address>
         <size>0xe2</size>
         <input_file_ref idref="fl-30"/>
      </object_component>
      <object_component id="oc-5f">
         <name>.bss</name>
         <uninitialized>true</uninitialized>
         <run_address>0x621e</run_address>
         <size>0x2</size>
         <input_file_ref idref="fl-e"/>
      </object_component>
      <object_component id="oc-1a">
         <name>.bss</name>
         <uninitialized>true</uninitialized>
         <run_address>0x6220</run_address>
         <size>0x6c</size>
         <input_file_ref idref="fl-3"/>
      </object_component>
      <object_component id="oc-42">
         <name>.bss</name>
         <uninitialized>true</uninitialized>
         <run_address>0x628c</run_address>
         <size>0x18</size>
         <input_file_ref idref="fl-9"/>
      </object_component>
      <object_component id="oc-13">
         <name>.bss</name>
         <uninitialized>true</uninitialized>
         <run_address>0x62a4</run_address>
         <size>0x14</size>
         <input_file_ref idref="fl-2"/>
      </object_component>
      <object_component id="oc-12f">
         <name>.bss</name>
         <uninitialized>true</uninitialized>
         <run_address>0x62b8</run_address>
         <size>0xe</size>
         <input_file_ref idref="fl-43"/>
      </object_component>
      <object_component id="oc-8c">
         <name>.bss</name>
         <uninitialized>true</uninitialized>
         <run_address>0x62c8</run_address>
         <size>0x8</size>
         <input_file_ref idref="fl-1d"/>
      </object_component>
      <object_component id="oc-79">
         <name>.bss</name>
         <uninitialized>true</uninitialized>
         <run_address>0x62d0</run_address>
         <size>0x8</size>
         <input_file_ref idref="fl-19"/>
      </object_component>
      <object_component id="oc-22">
         <name>.bss</name>
         <uninitialized>true</uninitialized>
         <run_address>0x62d8</run_address>
         <size>0x4</size>
         <input_file_ref idref="fl-4"/>
      </object_component>
      <object_component id="oc-49">
         <name>.bss</name>
         <uninitialized>true</uninitialized>
         <run_address>0x62dc</run_address>
         <size>0x4</size>
         <input_file_ref idref="fl-a"/>
      </object_component>
      <object_component id="oc-1d">
         <name>.const:.string</name>
         <load_address>0x50c0</load_address>
         <run_address>0x50c0</run_address>
         <size>0x46c</size>
         <input_file_ref idref="fl-3"/>
      </object_component>
      <object_component id="oc-29">
         <name>.const:.string</name>
         <load_address>0x552c</load_address>
         <run_address>0x552c</run_address>
         <size>0x2e8</size>
         <input_file_ref idref="fl-5"/>
      </object_component>
      <object_component id="oc-13e">
         <name>.const:__ctypes_</name>
         <load_address>0x5814</load_address>
         <run_address>0x5814</run_address>
         <size>0x202</size>
         <input_file_ref idref="fl-23"/>
      </object_component>
      <object_component id="oc-36">
         <name>.const:.string</name>
         <load_address>0x5a18</load_address>
         <run_address>0x5a18</run_address>
         <size>0x72</size>
         <input_file_ref idref="fl-7"/>
      </object_component>
      <object_component id="oc-94">
         <name>.const:.string</name>
         <load_address>0x5a8c</load_address>
         <run_address>0x5a8c</run_address>
         <size>0x48</size>
         <input_file_ref idref="fl-1e"/>
      </object_component>
      <object_component id="oc-93">
         <name>.const</name>
         <load_address>0x5ad4</load_address>
         <run_address>0x5ad4</run_address>
         <size>0x18</size>
         <input_file_ref idref="fl-1e"/>
      </object_component>
      <object_component id="oc-13f">
         <name>.const:_initial_approx$1</name>
         <load_address>0x5aec</load_address>
         <run_address>0x5aec</run_address>
         <size>0x10</size>
         <input_file_ref idref="fl-25"/>
      </object_component>
      <object_component id="oc-c8">
         <name>.const:.string</name>
         <load_address>0x5afc</load_address>
         <run_address>0x5afc</run_address>
         <size>0x4</size>
         <input_file_ref idref="fl-2b"/>
      </object_component>
      <object_component id="oc-bf">
         <name>.const</name>
         <load_address>0x5b00</load_address>
         <run_address>0x5b00</run_address>
         <size>0x4</size>
         <input_file_ref idref="fl-29"/>
      </object_component>
      <object_component id="oc-132">
         <name>.sysmem</name>
         <uninitialized>true</uninitialized>
         <run_address>0x30c0</run_address>
         <size>0x0</size>
         <input_file_ref idref="fl-43"/>
      </object_component>
      <object_component id="oc-158">
         <name>.sysmem</name>
         <uninitialized>true</uninitialized>
         <run_address>0x30c0</run_address>
         <size>0x0</size>
      </object_component>
      <object_component id="oc-3d">
         <name>.cinit</name>
         <load_address>0x40000</load_address>
         <run_address>0x40000</run_address>
         <size>0x184</size>
         <input_file_ref idref="fl-8"/>
      </object_component>
      <object_component id="oc-35">
         <name>.cinit</name>
         <load_address>0x40184</load_address>
         <run_address>0x40184</run_address>
         <size>0x9e</size>
         <input_file_ref idref="fl-7"/>
      </object_component>
      <object_component id="oc-1c">
         <name>.cinit</name>
         <load_address>0x40222</load_address>
         <run_address>0x40222</run_address>
         <size>0x8c</size>
         <input_file_ref idref="fl-3"/>
      </object_component>
      <object_component id="oc-de">
         <name>.cinit</name>
         <load_address>0x402ae</load_address>
         <run_address>0x402ae</run_address>
         <size>0x5a</size>
         <input_file_ref idref="fl-30"/>
      </object_component>
      <object_component id="oc-ab">
         <name>.cinit</name>
         <load_address>0x40308</load_address>
         <run_address>0x40308</run_address>
         <size>0x54</size>
         <input_file_ref idref="fl-24"/>
      </object_component>
      <object_component id="oc-15">
         <name>.cinit</name>
         <load_address>0x4035c</load_address>
         <run_address>0x4035c</run_address>
         <size>0x48</size>
         <input_file_ref idref="fl-2"/>
      </object_component>
      <object_component id="oc-44">
         <name>.cinit</name>
         <load_address>0x403a4</load_address>
         <run_address>0x403a4</run_address>
         <size>0x48</size>
         <input_file_ref idref="fl-9"/>
      </object_component>
      <object_component id="oc-8e">
         <name>.cinit</name>
         <load_address>0x403ec</load_address>
         <run_address>0x403ec</run_address>
         <size>0x14</size>
         <input_file_ref idref="fl-1d"/>
      </object_component>
      <object_component id="oc-7b">
         <name>.cinit</name>
         <load_address>0x40400</load_address>
         <run_address>0x40400</run_address>
         <size>0x14</size>
         <input_file_ref idref="fl-19"/>
      </object_component>
      <object_component id="oc-4b">
         <name>.cinit</name>
         <load_address>0x40414</load_address>
         <run_address>0x40414</run_address>
         <size>0x10</size>
         <input_file_ref idref="fl-a"/>
      </object_component>
      <object_component id="oc-12b">
         <name>.cinit</name>
         <load_address>0x40424</load_address>
         <run_address>0x40424</run_address>
         <size>0x8</size>
         <input_file_ref idref="fl-42"/>
      </object_component>
      <object_component id="oc-131">
         <name>.cinit</name>
         <load_address>0x4042c</load_address>
         <run_address>0x4042c</run_address>
         <size>0x8</size>
         <input_file_ref idref="fl-43"/>
      </object_component>
      <object_component id="oc-61">
         <name>.cinit</name>
         <load_address>0x40434</load_address>
         <run_address>0x40434</run_address>
         <size>0x8</size>
         <input_file_ref idref="fl-e"/>
      </object_component>
      <object_component id="oc-108">
         <name>.cio</name>
         <uninitialized>true</uninitialized>
         <run_address>0x40440</run_address>
         <size>0x240</size>
         <input_file_ref idref="fl-3a"/>
      </object_component>
      <object_component id="oc-11">
         <name>vectors</name>
         <load_address>0x4fe00</load_address>
         <run_address>0x4fe00</run_address>
         <size>0x100</size>
         <input_file_ref idref="fl-1c"/>
      </object_component>
      <object_component id="oc-14">
         <name>.debug_info</name>
         <load_address>0x0</load_address>
         <run_address>0x0</run_address>
         <size>0x66f</size>
         <input_file_ref idref="fl-2"/>
      </object_component>
      <object_component id="oc-1b">
         <name>.debug_info</name>
         <load_address>0x66f</load_address>
         <run_address>0x66f</run_address>
         <size>0x1170</size>
         <input_file_ref idref="fl-3"/>
      </object_component>
      <object_component id="oc-23">
         <name>.debug_info</name>
         <load_address>0x17df</load_address>
         <run_address>0x17df</run_address>
         <size>0xc70</size>
         <input_file_ref idref="fl-4"/>
      </object_component>
      <object_component id="oc-28">
         <name>.debug_info</name>
         <load_address>0x244f</load_address>
         <run_address>0x244f</run_address>
         <size>0xe69</size>
         <input_file_ref idref="fl-5"/>
      </object_component>
      <object_component id="oc-2e">
         <name>.debug_info</name>
         <load_address>0x32b8</load_address>
         <run_address>0x32b8</run_address>
         <size>0xb7e</size>
         <input_file_ref idref="fl-6"/>
      </object_component>
      <object_component id="oc-34">
         <name>.debug_info</name>
         <load_address>0x3e36</load_address>
         <run_address>0x3e36</run_address>
         <size>0xda2</size>
         <input_file_ref idref="fl-7"/>
      </object_component>
      <object_component id="oc-3c">
         <name>.debug_info</name>
         <load_address>0x4bd8</load_address>
         <run_address>0x4bd8</run_address>
         <size>0x1ba5</size>
         <input_file_ref idref="fl-8"/>
      </object_component>
      <object_component id="oc-43">
         <name>.debug_info</name>
         <load_address>0x677d</load_address>
         <run_address>0x677d</run_address>
         <size>0x6fa</size>
         <input_file_ref idref="fl-9"/>
      </object_component>
      <object_component id="oc-4a">
         <name>.debug_info</name>
         <load_address>0x6e77</load_address>
         <run_address>0x6e77</run_address>
         <size>0x776</size>
         <input_file_ref idref="fl-a"/>
      </object_component>
      <object_component id="oc-50">
         <name>.debug_info</name>
         <load_address>0x75ed</load_address>
         <run_address>0x75ed</run_address>
         <size>0x562</size>
         <input_file_ref idref="fl-b"/>
      </object_component>
      <object_component id="oc-55">
         <name>.debug_info</name>
         <load_address>0x7b4f</load_address>
         <run_address>0x7b4f</run_address>
         <size>0x661</size>
         <input_file_ref idref="fl-c"/>
      </object_component>
      <object_component id="oc-5a">
         <name>.debug_info</name>
         <load_address>0x81b0</load_address>
         <run_address>0x81b0</run_address>
         <size>0x7f2</size>
         <input_file_ref idref="fl-d"/>
      </object_component>
      <object_component id="oc-60">
         <name>.debug_info</name>
         <load_address>0x89a2</load_address>
         <run_address>0x89a2</run_address>
         <size>0xb74</size>
         <input_file_ref idref="fl-e"/>
      </object_component>
      <object_component id="oc-66">
         <name>.debug_info</name>
         <load_address>0x9516</load_address>
         <run_address>0x9516</run_address>
         <size>0xe6f</size>
         <input_file_ref idref="fl-f"/>
      </object_component>
      <object_component id="oc-6c">
         <name>.debug_info</name>
         <load_address>0xa385</load_address>
         <run_address>0xa385</run_address>
         <size>0xe5</size>
         <input_file_ref idref="fl-16"/>
      </object_component>
      <object_component id="oc-70">
         <name>.debug_info</name>
         <load_address>0xa46a</load_address>
         <run_address>0xa46a</run_address>
         <size>0x5ff3</size>
         <input_file_ref idref="fl-17"/>
      </object_component>
      <object_component id="oc-75">
         <name>.debug_info</name>
         <load_address>0x1045d</load_address>
         <run_address>0x1045d</run_address>
         <size>0xe8</size>
         <input_file_ref idref="fl-18"/>
      </object_component>
      <object_component id="oc-7a">
         <name>.debug_info</name>
         <load_address>0x10545</load_address>
         <run_address>0x10545</run_address>
         <size>0x5fb</size>
         <input_file_ref idref="fl-19"/>
      </object_component>
      <object_component id="oc-80">
         <name>.debug_info</name>
         <load_address>0x10b40</load_address>
         <run_address>0x10b40</run_address>
         <size>0x76c</size>
         <input_file_ref idref="fl-1a"/>
      </object_component>
      <object_component id="oc-84">
         <name>.debug_info</name>
         <load_address>0x112ac</load_address>
         <run_address>0x112ac</run_address>
         <size>0xef</size>
         <input_file_ref idref="fl-1b"/>
      </object_component>
      <object_component id="oc-88">
         <name>.debug_info</name>
         <load_address>0x1139b</load_address>
         <run_address>0x1139b</run_address>
         <size>0xbc</size>
         <input_file_ref idref="fl-1c"/>
      </object_component>
      <object_component id="oc-8d">
         <name>.debug_info</name>
         <load_address>0x11457</load_address>
         <run_address>0x11457</run_address>
         <size>0x5bc</size>
         <input_file_ref idref="fl-1d"/>
      </object_component>
      <object_component id="oc-92">
         <name>.debug_info</name>
         <load_address>0x11a13</load_address>
         <run_address>0x11a13</run_address>
         <size>0x27bd</size>
         <input_file_ref idref="fl-1e"/>
      </object_component>
      <object_component id="oc-98">
         <name>.debug_info</name>
         <load_address>0x141d0</load_address>
         <run_address>0x141d0</run_address>
         <size>0x586</size>
         <input_file_ref idref="fl-1f"/>
      </object_component>
      <object_component id="oc-9c">
         <name>.debug_info</name>
         <load_address>0x14756</load_address>
         <run_address>0x14756</run_address>
         <size>0x5a4</size>
         <input_file_ref idref="fl-20"/>
      </object_component>
      <object_component id="oc-a0">
         <name>.debug_info</name>
         <load_address>0x14cfa</load_address>
         <run_address>0x14cfa</run_address>
         <size>0xcd</size>
         <input_file_ref idref="fl-21"/>
      </object_component>
      <object_component id="oc-a4">
         <name>.debug_info</name>
         <load_address>0x14dc7</load_address>
         <run_address>0x14dc7</run_address>
         <size>0x81f</size>
         <input_file_ref idref="fl-22"/>
      </object_component>
      <object_component id="oc-a7">
         <name>.debug_info</name>
         <load_address>0x155e6</load_address>
         <run_address>0x155e6</run_address>
         <size>0x498</size>
         <input_file_ref idref="fl-23"/>
      </object_component>
      <object_component id="oc-aa">
         <name>.debug_info</name>
         <load_address>0x15a7e</load_address>
         <run_address>0x15a7e</run_address>
         <size>0x57e</size>
         <input_file_ref idref="fl-24"/>
      </object_component>
      <object_component id="oc-ae">
         <name>.debug_info</name>
         <load_address>0x15ffc</load_address>
         <run_address>0x15ffc</run_address>
         <size>0x7e8</size>
         <input_file_ref idref="fl-25"/>
      </object_component>
      <object_component id="oc-b2">
         <name>.debug_info</name>
         <load_address>0x167e4</load_address>
         <run_address>0x167e4</run_address>
         <size>0x534</size>
         <input_file_ref idref="fl-26"/>
      </object_component>
      <object_component id="oc-b6">
         <name>.debug_info</name>
         <load_address>0x16d18</load_address>
         <run_address>0x16d18</run_address>
         <size>0x4cf</size>
         <input_file_ref idref="fl-27"/>
      </object_component>
      <object_component id="oc-ba">
         <name>.debug_info</name>
         <load_address>0x171e7</load_address>
         <run_address>0x171e7</run_address>
         <size>0x534</size>
         <input_file_ref idref="fl-28"/>
      </object_component>
      <object_component id="oc-be">
         <name>.debug_info</name>
         <load_address>0x1771b</load_address>
         <run_address>0x1771b</run_address>
         <size>0x549</size>
         <input_file_ref idref="fl-29"/>
      </object_component>
      <object_component id="oc-c3">
         <name>.debug_info</name>
         <load_address>0x17c64</load_address>
         <run_address>0x17c64</run_address>
         <size>0x6aa</size>
         <input_file_ref idref="fl-2a"/>
      </object_component>
      <object_component id="oc-c7">
         <name>.debug_info</name>
         <load_address>0x1830e</load_address>
         <run_address>0x1830e</run_address>
         <size>0x942</size>
         <input_file_ref idref="fl-2b"/>
      </object_component>
      <object_component id="oc-cc">
         <name>.debug_info</name>
         <load_address>0x18c50</load_address>
         <run_address>0x18c50</run_address>
         <size>0x53e</size>
         <input_file_ref idref="fl-2c"/>
      </object_component>
      <object_component id="oc-d0">
         <name>.debug_info</name>
         <load_address>0x1918e</load_address>
         <run_address>0x1918e</run_address>
         <size>0x680</size>
         <input_file_ref idref="fl-2d"/>
      </object_component>
      <object_component id="oc-d4">
         <name>.debug_info</name>
         <load_address>0x1980e</load_address>
         <run_address>0x1980e</run_address>
         <size>0x7d4</size>
         <input_file_ref idref="fl-2e"/>
      </object_component>
      <object_component id="oc-d8">
         <name>.debug_info</name>
         <load_address>0x19fe2</load_address>
         <run_address>0x19fe2</run_address>
         <size>0xbd</size>
         <input_file_ref idref="fl-2f"/>
      </object_component>
      <object_component id="oc-dd">
         <name>.debug_info</name>
         <load_address>0x1a09f</load_address>
         <run_address>0x1a09f</run_address>
         <size>0x144b</size>
         <input_file_ref idref="fl-30"/>
      </object_component>
      <object_component id="oc-e2">
         <name>.debug_info</name>
         <load_address>0x1b4ea</load_address>
         <run_address>0x1b4ea</run_address>
         <size>0x5ad</size>
         <input_file_ref idref="fl-31"/>
      </object_component>
      <object_component id="oc-e6">
         <name>.debug_info</name>
         <load_address>0x1ba97</load_address>
         <run_address>0x1ba97</run_address>
         <size>0x574</size>
         <input_file_ref idref="fl-32"/>
      </object_component>
      <object_component id="oc-ea">
         <name>.debug_info</name>
         <load_address>0x1c00b</load_address>
         <run_address>0x1c00b</run_address>
         <size>0xd1</size>
         <input_file_ref idref="fl-33"/>
      </object_component>
      <object_component id="oc-ee">
         <name>.debug_info</name>
         <load_address>0x1c0dc</load_address>
         <run_address>0x1c0dc</run_address>
         <size>0x55b</size>
         <input_file_ref idref="fl-34"/>
      </object_component>
      <object_component id="oc-f2">
         <name>.debug_info</name>
         <load_address>0x1c637</load_address>
         <run_address>0x1c637</run_address>
         <size>0x4b7</size>
         <input_file_ref idref="fl-35"/>
      </object_component>
      <object_component id="oc-f6">
         <name>.debug_info</name>
         <load_address>0x1caee</load_address>
         <run_address>0x1caee</run_address>
         <size>0x4f2</size>
         <input_file_ref idref="fl-36"/>
      </object_component>
      <object_component id="oc-fa">
         <name>.debug_info</name>
         <load_address>0x1cfe0</load_address>
         <run_address>0x1cfe0</run_address>
         <size>0x534</size>
         <input_file_ref idref="fl-37"/>
      </object_component>
      <object_component id="oc-fe">
         <name>.debug_info</name>
         <load_address>0x1d514</load_address>
         <run_address>0x1d514</run_address>
         <size>0x4de</size>
         <input_file_ref idref="fl-38"/>
      </object_component>
      <object_component id="oc-103">
         <name>.debug_info</name>
         <load_address>0x1d9f2</load_address>
         <run_address>0x1d9f2</run_address>
         <size>0xed4</size>
         <input_file_ref idref="fl-39"/>
      </object_component>
      <object_component id="oc-107">
         <name>.debug_info</name>
         <load_address>0x1e8c6</load_address>
         <run_address>0x1e8c6</run_address>
         <size>0x744</size>
         <input_file_ref idref="fl-3a"/>
      </object_component>
      <object_component id="oc-10d">
         <name>.debug_info</name>
         <load_address>0x1f00a</load_address>
         <run_address>0x1f00a</run_address>
         <size>0x662</size>
         <input_file_ref idref="fl-3b"/>
      </object_component>
      <object_component id="oc-111">
         <name>.debug_info</name>
         <load_address>0x1f66c</load_address>
         <run_address>0x1f66c</run_address>
         <size>0x5ab</size>
         <input_file_ref idref="fl-3c"/>
      </object_component>
      <object_component id="oc-115">
         <name>.debug_info</name>
         <load_address>0x1fc17</load_address>
         <run_address>0x1fc17</run_address>
         <size>0x4f2</size>
         <input_file_ref idref="fl-3d"/>
      </object_component>
      <object_component id="oc-119">
         <name>.debug_info</name>
         <load_address>0x20109</load_address>
         <run_address>0x20109</run_address>
         <size>0x706</size>
         <input_file_ref idref="fl-3e"/>
      </object_component>
      <object_component id="oc-11d">
         <name>.debug_info</name>
         <load_address>0x2080f</load_address>
         <run_address>0x2080f</run_address>
         <size>0x4d2</size>
         <input_file_ref idref="fl-3f"/>
      </object_component>
      <object_component id="oc-121">
         <name>.debug_info</name>
         <load_address>0x20ce1</load_address>
         <run_address>0x20ce1</run_address>
         <size>0x5f7</size>
         <input_file_ref idref="fl-40"/>
      </object_component>
      <object_component id="oc-125">
         <name>.debug_info</name>
         <load_address>0x212d8</load_address>
         <run_address>0x212d8</run_address>
         <size>0x64a</size>
         <input_file_ref idref="fl-41"/>
      </object_component>
      <object_component id="oc-12a">
         <name>.debug_info</name>
         <load_address>0x21922</load_address>
         <run_address>0x21922</run_address>
         <size>0xa1c</size>
         <input_file_ref idref="fl-42"/>
      </object_component>
      <object_component id="oc-130">
         <name>.debug_info</name>
         <load_address>0x2233e</load_address>
         <run_address>0x2233e</run_address>
         <size>0xba5</size>
         <input_file_ref idref="fl-43"/>
      </object_component>
      <object_component id="oc-136">
         <name>.debug_info</name>
         <load_address>0x22ee3</load_address>
         <run_address>0x22ee3</run_address>
         <size>0x64f</size>
         <input_file_ref idref="fl-44"/>
      </object_component>
      <object_component id="oc-13a">
         <name>.debug_info</name>
         <load_address>0x23532</load_address>
         <run_address>0x23532</run_address>
         <size>0x510</size>
         <input_file_ref idref="fl-45"/>
      </object_component>
      <object_component id="oc-162">
         <name>.debug_info</name>
         <load_address>0x23a42</load_address>
         <run_address>0x23a42</run_address>
         <size>0x6e</size>
      </object_component>
      <object_component id="oc-16">
         <name>.debug_frame</name>
         <load_address>0x0</load_address>
         <run_address>0x0</run_address>
         <size>0xe6</size>
         <input_file_ref idref="fl-2"/>
      </object_component>
      <object_component id="oc-1e">
         <name>.debug_frame</name>
         <load_address>0xe6</load_address>
         <run_address>0xe6</run_address>
         <size>0x103</size>
         <input_file_ref idref="fl-3"/>
      </object_component>
      <object_component id="oc-24">
         <name>.debug_frame</name>
         <load_address>0x1e9</load_address>
         <run_address>0x1e9</run_address>
         <size>0x172</size>
         <input_file_ref idref="fl-4"/>
      </object_component>
      <object_component id="oc-2a">
         <name>.debug_frame</name>
         <load_address>0x35b</load_address>
         <run_address>0x35b</run_address>
         <size>0x103</size>
         <input_file_ref idref="fl-5"/>
      </object_component>
      <object_component id="oc-2f">
         <name>.debug_frame</name>
         <load_address>0x45e</load_address>
         <run_address>0x45e</run_address>
         <size>0x13b</size>
         <input_file_ref idref="fl-6"/>
      </object_component>
      <object_component id="oc-37">
         <name>.debug_frame</name>
         <load_address>0x599</load_address>
         <run_address>0x599</run_address>
         <size>0xe3</size>
         <input_file_ref idref="fl-7"/>
      </object_component>
      <object_component id="oc-3e">
         <name>.debug_frame</name>
         <load_address>0x67c</load_address>
         <run_address>0x67c</run_address>
         <size>0x25c</size>
         <input_file_ref idref="fl-8"/>
      </object_component>
      <object_component id="oc-45">
         <name>.debug_frame</name>
         <load_address>0x8d8</load_address>
         <run_address>0x8d8</run_address>
         <size>0x118</size>
         <input_file_ref idref="fl-9"/>
      </object_component>
      <object_component id="oc-4c">
         <name>.debug_frame</name>
         <load_address>0x9f0</load_address>
         <run_address>0x9f0</run_address>
         <size>0x104</size>
         <input_file_ref idref="fl-a"/>
      </object_component>
      <object_component id="oc-51">
         <name>.debug_frame</name>
         <load_address>0xaf4</load_address>
         <run_address>0xaf4</run_address>
         <size>0xe4</size>
         <input_file_ref idref="fl-b"/>
      </object_component>
      <object_component id="oc-56">
         <name>.debug_frame</name>
         <load_address>0xbd8</load_address>
         <run_address>0xbd8</run_address>
         <size>0x116</size>
         <input_file_ref idref="fl-c"/>
      </object_component>
      <object_component id="oc-5b">
         <name>.debug_frame</name>
         <load_address>0xcee</load_address>
         <run_address>0xcee</run_address>
         <size>0x135</size>
         <input_file_ref idref="fl-d"/>
      </object_component>
      <object_component id="oc-62">
         <name>.debug_frame</name>
         <load_address>0xe23</load_address>
         <run_address>0xe23</run_address>
         <size>0x14a</size>
         <input_file_ref idref="fl-e"/>
      </object_component>
      <object_component id="oc-67">
         <name>.debug_frame</name>
         <load_address>0xf6d</load_address>
         <run_address>0xf6d</run_address>
         <size>0x1d9</size>
         <input_file_ref idref="fl-f"/>
      </object_component>
      <object_component id="oc-71">
         <name>.debug_frame</name>
         <load_address>0x1146</load_address>
         <run_address>0x1146</run_address>
         <size>0x175</size>
         <input_file_ref idref="fl-17"/>
      </object_component>
      <object_component id="oc-17">
         <name>.debug_line</name>
         <load_address>0x0</load_address>
         <run_address>0x0</run_address>
         <size>0x10a</size>
         <input_file_ref idref="fl-2"/>
      </object_component>
      <object_component id="oc-1f">
         <name>.debug_line</name>
         <load_address>0x10a</load_address>
         <run_address>0x10a</run_address>
         <size>0x10e</size>
         <input_file_ref idref="fl-3"/>
      </object_component>
      <object_component id="oc-25">
         <name>.debug_line</name>
         <load_address>0x218</load_address>
         <run_address>0x218</run_address>
         <size>0xfe</size>
         <input_file_ref idref="fl-4"/>
      </object_component>
      <object_component id="oc-2b">
         <name>.debug_line</name>
         <load_address>0x316</load_address>
         <run_address>0x316</run_address>
         <size>0x211</size>
         <input_file_ref idref="fl-5"/>
      </object_component>
      <object_component id="oc-30">
         <name>.debug_line</name>
         <load_address>0x527</load_address>
         <run_address>0x527</run_address>
         <size>0x1a9</size>
         <input_file_ref idref="fl-6"/>
      </object_component>
      <object_component id="oc-38">
         <name>.debug_line</name>
         <load_address>0x6d0</load_address>
         <run_address>0x6d0</run_address>
         <size>0x112</size>
         <input_file_ref idref="fl-7"/>
      </object_component>
      <object_component id="oc-3f">
         <name>.debug_line</name>
         <load_address>0x7e2</load_address>
         <run_address>0x7e2</run_address>
         <size>0x4f4</size>
         <input_file_ref idref="fl-8"/>
      </object_component>
      <object_component id="oc-46">
         <name>.debug_line</name>
         <load_address>0xcd6</load_address>
         <run_address>0xcd6</run_address>
         <size>0x1d5</size>
         <input_file_ref idref="fl-9"/>
      </object_component>
      <object_component id="oc-4d">
         <name>.debug_line</name>
         <load_address>0xeab</load_address>
         <run_address>0xeab</run_address>
         <size>0x13c</size>
         <input_file_ref idref="fl-a"/>
      </object_component>
      <object_component id="oc-52">
         <name>.debug_line</name>
         <load_address>0xfe7</load_address>
         <run_address>0xfe7</run_address>
         <size>0x44</size>
         <input_file_ref idref="fl-b"/>
      </object_component>
      <object_component id="oc-57">
         <name>.debug_line</name>
         <load_address>0x102b</load_address>
         <run_address>0x102b</run_address>
         <size>0x83</size>
         <input_file_ref idref="fl-c"/>
      </object_component>
      <object_component id="oc-5c">
         <name>.debug_line</name>
         <load_address>0x10ae</load_address>
         <run_address>0x10ae</run_address>
         <size>0xdd</size>
         <input_file_ref idref="fl-d"/>
      </object_component>
      <object_component id="oc-63">
         <name>.debug_line</name>
         <load_address>0x118b</load_address>
         <run_address>0x118b</run_address>
         <size>0x122</size>
         <input_file_ref idref="fl-e"/>
      </object_component>
      <object_component id="oc-68">
         <name>.debug_line</name>
         <load_address>0x12ad</load_address>
         <run_address>0x12ad</run_address>
         <size>0x179</size>
         <input_file_ref idref="fl-f"/>
      </object_component>
      <object_component id="oc-6d">
         <name>.debug_line</name>
         <load_address>0x1426</load_address>
         <run_address>0x1426</run_address>
         <size>0x5e</size>
         <input_file_ref idref="fl-16"/>
      </object_component>
      <object_component id="oc-72">
         <name>.debug_line</name>
         <load_address>0x1484</load_address>
         <run_address>0x1484</run_address>
         <size>0x2dd</size>
         <input_file_ref idref="fl-17"/>
      </object_component>
      <object_component id="oc-76">
         <name>.debug_line</name>
         <load_address>0x1761</load_address>
         <run_address>0x1761</run_address>
         <size>0x54</size>
         <input_file_ref idref="fl-18"/>
      </object_component>
      <object_component id="oc-7d">
         <name>.debug_line</name>
         <load_address>0x17b5</load_address>
         <run_address>0x17b5</run_address>
         <size>0x51</size>
         <input_file_ref idref="fl-19"/>
      </object_component>
      <object_component id="oc-81">
         <name>.debug_line</name>
         <load_address>0x1806</load_address>
         <run_address>0x1806</run_address>
         <size>0x69</size>
         <input_file_ref idref="fl-1a"/>
      </object_component>
      <object_component id="oc-85">
         <name>.debug_line</name>
         <load_address>0x186f</load_address>
         <run_address>0x186f</run_address>
         <size>0x58</size>
         <input_file_ref idref="fl-1b"/>
      </object_component>
      <object_component id="oc-89">
         <name>.debug_line</name>
         <load_address>0x18c7</load_address>
         <run_address>0x18c7</run_address>
         <size>0x37</size>
         <input_file_ref idref="fl-1c"/>
      </object_component>
      <object_component id="oc-8f">
         <name>.debug_line</name>
         <load_address>0x18fe</load_address>
         <run_address>0x18fe</run_address>
         <size>0x57</size>
         <input_file_ref idref="fl-1d"/>
      </object_component>
      <object_component id="oc-95">
         <name>.debug_line</name>
         <load_address>0x1955</load_address>
         <run_address>0x1955</run_address>
         <size>0x328</size>
         <input_file_ref idref="fl-1e"/>
      </object_component>
      <object_component id="oc-99">
         <name>.debug_line</name>
         <load_address>0x1c7d</load_address>
         <run_address>0x1c7d</run_address>
         <size>0x41</size>
         <input_file_ref idref="fl-1f"/>
      </object_component>
      <object_component id="oc-9d">
         <name>.debug_line</name>
         <load_address>0x1cbe</load_address>
         <run_address>0x1cbe</run_address>
         <size>0x46</size>
         <input_file_ref idref="fl-20"/>
      </object_component>
      <object_component id="oc-a1">
         <name>.debug_line</name>
         <load_address>0x1d04</load_address>
         <run_address>0x1d04</run_address>
         <size>0x55</size>
         <input_file_ref idref="fl-21"/>
      </object_component>
      <object_component id="oc-a5">
         <name>.debug_line</name>
         <load_address>0x1d59</load_address>
         <run_address>0x1d59</run_address>
         <size>0xad</size>
         <input_file_ref idref="fl-22"/>
      </object_component>
      <object_component id="oc-af">
         <name>.debug_line</name>
         <load_address>0x1e06</load_address>
         <run_address>0x1e06</run_address>
         <size>0x5b</size>
         <input_file_ref idref="fl-25"/>
      </object_component>
      <object_component id="oc-b3">
         <name>.debug_line</name>
         <load_address>0x1e61</load_address>
         <run_address>0x1e61</run_address>
         <size>0x44</size>
         <input_file_ref idref="fl-26"/>
      </object_component>
      <object_component id="oc-b7">
         <name>.debug_line</name>
         <load_address>0x1ea5</load_address>
         <run_address>0x1ea5</run_address>
         <size>0x3d</size>
         <input_file_ref idref="fl-27"/>
      </object_component>
      <object_component id="oc-bb">
         <name>.debug_line</name>
         <load_address>0x1ee2</load_address>
         <run_address>0x1ee2</run_address>
         <size>0x3d</size>
         <input_file_ref idref="fl-28"/>
      </object_component>
      <object_component id="oc-c0">
         <name>.debug_line</name>
         <load_address>0x1f1f</load_address>
         <run_address>0x1f1f</run_address>
         <size>0x44</size>
         <input_file_ref idref="fl-29"/>
      </object_component>
      <object_component id="oc-c4">
         <name>.debug_line</name>
         <load_address>0x1f63</load_address>
         <run_address>0x1f63</run_address>
         <size>0x56</size>
         <input_file_ref idref="fl-2a"/>
      </object_component>
      <object_component id="oc-c9">
         <name>.debug_line</name>
         <load_address>0x1fb9</load_address>
         <run_address>0x1fb9</run_address>
         <size>0xa6</size>
         <input_file_ref idref="fl-2b"/>
      </object_component>
      <object_component id="oc-cd">
         <name>.debug_line</name>
         <load_address>0x205f</load_address>
         <run_address>0x205f</run_address>
         <size>0x40</size>
         <input_file_ref idref="fl-2c"/>
      </object_component>
      <object_component id="oc-d1">
         <name>.debug_line</name>
         <load_address>0x209f</load_address>
         <run_address>0x209f</run_address>
         <size>0x38</size>
         <input_file_ref idref="fl-2d"/>
      </object_component>
      <object_component id="oc-d5">
         <name>.debug_line</name>
         <load_address>0x20d7</load_address>
         <run_address>0x20d7</run_address>
         <size>0xa8</size>
         <input_file_ref idref="fl-2e"/>
      </object_component>
      <object_component id="oc-d9">
         <name>.debug_line</name>
         <load_address>0x217f</load_address>
         <run_address>0x217f</run_address>
         <size>0x3c</size>
         <input_file_ref idref="fl-2f"/>
      </object_component>
      <object_component id="oc-df">
         <name>.debug_line</name>
         <load_address>0x21bb</load_address>
         <run_address>0x21bb</run_address>
         <size>0x1b0</size>
         <input_file_ref idref="fl-30"/>
      </object_component>
      <object_component id="oc-e3">
         <name>.debug_line</name>
         <load_address>0x236b</load_address>
         <run_address>0x236b</run_address>
         <size>0x40</size>
         <input_file_ref idref="fl-31"/>
      </object_component>
      <object_component id="oc-e7">
         <name>.debug_line</name>
         <load_address>0x23ab</load_address>
         <run_address>0x23ab</run_address>
         <size>0x3a</size>
         <input_file_ref idref="fl-32"/>
      </object_component>
      <object_component id="oc-eb">
         <name>.debug_line</name>
         <load_address>0x23e5</load_address>
         <run_address>0x23e5</run_address>
         <size>0x54</size>
         <input_file_ref idref="fl-33"/>
      </object_component>
      <object_component id="oc-ef">
         <name>.debug_line</name>
         <load_address>0x2439</load_address>
         <run_address>0x2439</run_address>
         <size>0x3c</size>
         <input_file_ref idref="fl-34"/>
      </object_component>
      <object_component id="oc-f3">
         <name>.debug_line</name>
         <load_address>0x2475</load_address>
         <run_address>0x2475</run_address>
         <size>0x37</size>
         <input_file_ref idref="fl-35"/>
      </object_component>
      <object_component id="oc-f7">
         <name>.debug_line</name>
         <load_address>0x24ac</load_address>
         <run_address>0x24ac</run_address>
         <size>0x3c</size>
         <input_file_ref idref="fl-36"/>
      </object_component>
      <object_component id="oc-fb">
         <name>.debug_line</name>
         <load_address>0x24e8</load_address>
         <run_address>0x24e8</run_address>
         <size>0x44</size>
         <input_file_ref idref="fl-37"/>
      </object_component>
      <object_component id="oc-ff">
         <name>.debug_line</name>
         <load_address>0x252c</load_address>
         <run_address>0x252c</run_address>
         <size>0x37</size>
         <input_file_ref idref="fl-38"/>
      </object_component>
      <object_component id="oc-104">
         <name>.debug_line</name>
         <load_address>0x2563</load_address>
         <run_address>0x2563</run_address>
         <size>0x15e</size>
         <input_file_ref idref="fl-39"/>
      </object_component>
      <object_component id="oc-10a">
         <name>.debug_line</name>
         <load_address>0x26c1</load_address>
         <run_address>0x26c1</run_address>
         <size>0x6a</size>
         <input_file_ref idref="fl-3a"/>
      </object_component>
      <object_component id="oc-10e">
         <name>.debug_line</name>
         <load_address>0x272b</load_address>
         <run_address>0x272b</run_address>
         <size>0x57</size>
         <input_file_ref idref="fl-3b"/>
      </object_component>
      <object_component id="oc-112">
         <name>.debug_line</name>
         <load_address>0x2782</load_address>
         <run_address>0x2782</run_address>
         <size>0x5c</size>
         <input_file_ref idref="fl-3c"/>
      </object_component>
      <object_component id="oc-116">
         <name>.debug_line</name>
         <load_address>0x27de</load_address>
         <run_address>0x27de</run_address>
         <size>0x3c</size>
         <input_file_ref idref="fl-3d"/>
      </object_component>
      <object_component id="oc-11a">
         <name>.debug_line</name>
         <load_address>0x281a</load_address>
         <run_address>0x281a</run_address>
         <size>0x5b</size>
         <input_file_ref idref="fl-3e"/>
      </object_component>
      <object_component id="oc-11e">
         <name>.debug_line</name>
         <load_address>0x2875</load_address>
         <run_address>0x2875</run_address>
         <size>0x3a</size>
         <input_file_ref idref="fl-3f"/>
      </object_component>
      <object_component id="oc-122">
         <name>.debug_line</name>
         <load_address>0x28af</load_address>
         <run_address>0x28af</run_address>
         <size>0x3c</size>
         <input_file_ref idref="fl-40"/>
      </object_component>
      <object_component id="oc-126">
         <name>.debug_line</name>
         <load_address>0x28eb</load_address>
         <run_address>0x28eb</run_address>
         <size>0x40</size>
         <input_file_ref idref="fl-41"/>
      </object_component>
      <object_component id="oc-12c">
         <name>.debug_line</name>
         <load_address>0x292b</load_address>
         <run_address>0x292b</run_address>
         <size>0xd7</size>
         <input_file_ref idref="fl-42"/>
      </object_component>
      <object_component id="oc-133">
         <name>.debug_line</name>
         <load_address>0x2a02</load_address>
         <run_address>0x2a02</run_address>
         <size>0x112</size>
         <input_file_ref idref="fl-43"/>
      </object_component>
      <object_component id="oc-137">
         <name>.debug_line</name>
         <load_address>0x2b14</load_address>
         <run_address>0x2b14</run_address>
         <size>0x3d</size>
         <input_file_ref idref="fl-44"/>
      </object_component>
      <object_component id="oc-13b">
         <name>.debug_line</name>
         <load_address>0x2b51</load_address>
         <run_address>0x2b51</run_address>
         <size>0x39</size>
         <input_file_ref idref="fl-45"/>
      </object_component>
      <object_component id="oc-18">
         <name>.debug_abbrev</name>
         <load_address>0x0</load_address>
         <run_address>0x0</run_address>
         <size>0xb5</size>
         <input_file_ref idref="fl-2"/>
      </object_component>
      <object_component id="oc-20">
         <name>.debug_abbrev</name>
         <load_address>0xb5</load_address>
         <run_address>0xb5</run_address>
         <size>0x14c</size>
         <input_file_ref idref="fl-3"/>
      </object_component>
      <object_component id="oc-26">
         <name>.debug_abbrev</name>
         <load_address>0x201</load_address>
         <run_address>0x201</run_address>
         <size>0x147</size>
         <input_file_ref idref="fl-4"/>
      </object_component>
      <object_component id="oc-2c">
         <name>.debug_abbrev</name>
         <load_address>0x348</load_address>
         <run_address>0x348</run_address>
         <size>0xfd</size>
         <input_file_ref idref="fl-5"/>
      </object_component>
      <object_component id="oc-31">
         <name>.debug_abbrev</name>
         <load_address>0x445</load_address>
         <run_address>0x445</run_address>
         <size>0xf4</size>
         <input_file_ref idref="fl-6"/>
      </object_component>
      <object_component id="oc-39">
         <name>.debug_abbrev</name>
         <load_address>0x539</load_address>
         <run_address>0x539</run_address>
         <size>0x10b</size>
         <input_file_ref idref="fl-7"/>
      </object_component>
      <object_component id="oc-40">
         <name>.debug_abbrev</name>
         <load_address>0x644</load_address>
         <run_address>0x644</run_address>
         <size>0x1ae</size>
         <input_file_ref idref="fl-8"/>
      </object_component>
      <object_component id="oc-47">
         <name>.debug_abbrev</name>
         <load_address>0x7f2</load_address>
         <run_address>0x7f2</run_address>
         <size>0xf5</size>
         <input_file_ref idref="fl-9"/>
      </object_component>
      <object_component id="oc-4e">
         <name>.debug_abbrev</name>
         <load_address>0x8e7</load_address>
         <run_address>0x8e7</run_address>
         <size>0xc0</size>
         <input_file_ref idref="fl-a"/>
      </object_component>
      <object_component id="oc-53">
         <name>.debug_abbrev</name>
         <load_address>0x9a7</load_address>
         <run_address>0x9a7</run_address>
         <size>0x87</size>
         <input_file_ref idref="fl-b"/>
      </object_component>
      <object_component id="oc-58">
         <name>.debug_abbrev</name>
         <load_address>0xa2e</load_address>
         <run_address>0xa2e</run_address>
         <size>0xe7</size>
         <input_file_ref idref="fl-c"/>
      </object_component>
      <object_component id="oc-5d">
         <name>.debug_abbrev</name>
         <load_address>0xb15</load_address>
         <run_address>0xb15</run_address>
         <size>0x87</size>
         <input_file_ref idref="fl-d"/>
      </object_component>
      <object_component id="oc-64">
         <name>.debug_abbrev</name>
         <load_address>0xb9c</load_address>
         <run_address>0xb9c</run_address>
         <size>0xe0</size>
         <input_file_ref idref="fl-e"/>
      </object_component>
      <object_component id="oc-69">
         <name>.debug_abbrev</name>
         <load_address>0xc7c</load_address>
         <run_address>0xc7c</run_address>
         <size>0xdc</size>
         <input_file_ref idref="fl-f"/>
      </object_component>
      <object_component id="oc-6e">
         <name>.debug_abbrev</name>
         <load_address>0xd58</load_address>
         <run_address>0xd58</run_address>
         <size>0x2c</size>
         <input_file_ref idref="fl-16"/>
      </object_component>
      <object_component id="oc-73">
         <name>.debug_abbrev</name>
         <load_address>0xd84</load_address>
         <run_address>0xd84</run_address>
         <size>0x23e</size>
         <input_file_ref idref="fl-17"/>
      </object_component>
      <object_component id="oc-77">
         <name>.debug_abbrev</name>
         <load_address>0xfc2</load_address>
         <run_address>0xfc2</run_address>
         <size>0x3a</size>
         <input_file_ref idref="fl-18"/>
      </object_component>
      <object_component id="oc-7e">
         <name>.debug_abbrev</name>
         <load_address>0xffc</load_address>
         <run_address>0xffc</run_address>
         <size>0xf7</size>
         <input_file_ref idref="fl-19"/>
      </object_component>
      <object_component id="oc-82">
         <name>.debug_abbrev</name>
         <load_address>0x10f3</load_address>
         <run_address>0x10f3</run_address>
         <size>0x145</size>
         <input_file_ref idref="fl-1a"/>
      </object_component>
      <object_component id="oc-86">
         <name>.debug_abbrev</name>
         <load_address>0x1238</load_address>
         <run_address>0x1238</run_address>
         <size>0x38</size>
         <input_file_ref idref="fl-1b"/>
      </object_component>
[...]
         <value>0x25788</value>
         <object_component_ref idref="oc-5e"/>
      </symbol>
      <symbol id="sm-2d1">
         <name>_USBSTK5515_I2C_init</name>
         <value>0x25760</value>
         <object_component_ref idref="oc-5e"/>
      </symbol>
      <symbol id="sm-2ee">
         <name>_USBSTK5515_ULED_toggle</name>
         <value>0x25194</value>
         <object_component_ref idref="oc-65"/>
      </symbol>
      <symbol id="sm-2ef">
         <name>_USBSTK5515_LED_on</name>
         <value>0x2501b</value>
         <object_component_ref idref="oc-65"/>
      </symbol>
      <symbol id="sm-2f0">
         <name>_USBSTK5515_LED_off</name>
         <value>0x2502c</value>
         <object_component_ref idref="oc-65"/>
      </symbol>
      <symbol id="sm-2f1">
         <name>_USBSTK5515_ULED_on</name>
         <value>0x2512c</value>
         <object_component_ref idref="oc-65"/>
      </symbol>
      <symbol id="sm-2f2">
         <name>_USBSTK5515_ULED_off</name>
         <value>0x25161</value>
         <object_component_ref idref="oc-65"/>
      </symbol>
      <symbol id="sm-2f3">
         <name>_USBSTK5515_ULED_getall</name>
         <value>0x2506c</value>
         <object_component_ref idref="oc-65"/>
      </symbol>
      <symbol id="sm-2f4">
         <name>_USBSTK5515_ULED_setall</name>
         <value>0x250be</value>
         <object_component_ref idref="oc-65"/>
      </symbol>
      <symbol id="sm-2f5">
         <name>_USBSTK5515_ULED_init</name>
         <value>0x2503d</value>
         <object_component_ref idref="oc-65"/>
      </symbol>
      <symbol id="sm-2f6">
         <name>_USBSTK5515_LED_init</name>
         <value>0x25010</value>
         <object_component_ref idref="oc-65"/>
      </symbol>
      <symbol id="sm-307">
         <name>_sine</name>
         <value>0x25ed9</value>
         <object_component_ref idref="oc-6a"/>
      </symbol>
      <symbol id="sm-32c">
         <name>_PLL_reset</name>
         <value>0x241dd</value>
         <object_component_ref idref="oc-6f"/>
      </symbol>
      <symbol id="sm-32d">
         <name>_PLL_bypass</name>
         <value>0x2418e</value>
         <object_component_ref idref="oc-6f"/>
      </symbol>
      <symbol id="sm-32e">
         <name>_PLL_enable</name>
         <value>0x24127</value>
         <object_component_ref idref="oc-6f"/>
      </symbol>
      <symbol id="sm-32f">
         <name>_PLL_config</name>
         <value>0x23ffe</value>
         <object_component_ref idref="oc-6f"/>
      </symbol>
      <symbol id="sm-330">
         <name>_PLL_init</name>
         <value>0x23fc6</value>
         <object_component_ref idref="oc-6f"/>
      </symbol>
      <symbol id="sm-33c">
         <name>__sysstack</name>
         <value>0x20c0</value>
         <object_component_ref idref="oc-13d"/>
      </symbol>
      <symbol id="sm-33d">
         <name>_c_int00</name>
         <value>0x2657f</value>
         <object_component_ref idref="oc-10"/>
      </symbol>
      <symbol id="sm-33e">
         <name>__stack</name>
         <value>0xc0</value>
         <object_component_ref idref="oc-74"/>
      </symbol>
      <symbol id="sm-34e">
         <name>C$$EXIT</name>
         <value>0x266b3</value>
         <object_component_ref idref="oc-7c"/>
      </symbol>
      <symbol id="sm-34f">
         <name>_exit</name>
         <value>0x26541</value>
         <object_component_ref idref="oc-78"/>
      </symbol>
      <symbol id="sm-350">
         <name>_abort</name>
         <value>0x266b2</value>
         <object_component_ref idref="oc-7c"/>
      </symbol>
      <symbol id="sm-351">
         <name>__cleanup_ptr</name>
         <value>0x62d0</value>
         <object_component_ref idref="oc-79"/>
      </symbol>
      <symbol id="sm-352">
         <name>__dtors_ptr</name>
         <value>0x62d4</value>
         <object_component_ref idref="oc-79"/>
      </symbol>
      <symbol id="sm-35c">
         <name>_printf</name>
         <value>0x263ca</value>
         <object_component_ref idref="oc-7f"/>
      </symbol>
      <symbol id="sm-364">
         <name>__remu</name>
         <value>0x265f2</value>
         <object_component_ref idref="oc-83"/>
      </symbol>
      <symbol id="sm-365">
         <name>__divu</name>
         <value>0x265dd</value>
         <object_component_ref idref="oc-83"/>
      </symbol>
      <symbol id="sm-366">
         <name>I$$UMOD</name>
         <value>0x265f2</value>
         <object_component_ref idref="oc-83"/>
      </symbol>
      <symbol id="sm-367">
         <name>I$$UDIV</name>
         <value>0x265dd</value>
         <object_component_ref idref="oc-83"/>
      </symbol>
      <symbol id="sm-371">
         <name>_Reset</name>
         <value>0x4fe00</value>
         <object_component_ref idref="oc-11"/>
      </symbol>
      <symbol id="sm-37f">
         <name>__unlock</name>
         <value>0x62cc</value>
         <object_component_ref idref="oc-8c"/>
      </symbol>
      <symbol id="sm-380">
         <name>__lock</name>
         <value>0x62c8</value>
         <object_component_ref idref="oc-8c"/>
      </symbol>
      <symbol id="sm-381">
         <name>__register_lock</name>
         <value>0x2668e</value>
         <object_component_ref idref="oc-8b"/>
      </symbol>
      <symbol id="sm-382">
         <name>__nop</name>
         <value>0x26696</value>
         <object_component_ref idref="oc-8b"/>
      </symbol>
      <symbol id="sm-383">
         <name>__register_unlock</name>
         <value>0x26686</value>
         <object_component_ref idref="oc-8b"/>
      </symbol>
      <symbol id="sm-395">
         <name>__printfi</name>
         <value>0x21315</value>
         <object_component_ref idref="oc-91"/>
      </symbol>
      <symbol id="sm-39f">
         <name>__args_main</name>
         <value>0x264b0</value>
         <object_component_ref idref="oc-97"/>
      </symbol>
      <symbol id="sm-3a0">
         <name>__TI_args_main</name>
         <value>0x1</value>
      </symbol>
      <symbol id="sm-3aa">
         <name>_atoi</name>
         <value>0x262c7</value>
         <object_component_ref idref="oc-9b"/>
      </symbol>
      <symbol id="sm-3b2">
         <name>_auto_init</name>
         <value>0x26418</value>
         <object_component_ref idref="oc-9f"/>
      </symbol>
      <symbol id="sm-3bc">
         <name>__eqld</name>
         <value>0x24f84</value>
         <object_component_ref idref="oc-a3"/>
      </symbol>
      <symbol id="sm-3bd">
         <name>__cmpd</name>
         <value>0x24fb8</value>
         <object_component_ref idref="oc-a3"/>
      </symbol>
      <symbol id="sm-3be">
         <name>__neqd</name>
         <value>0x24e26</value>
         <object_component_ref idref="oc-a3"/>
      </symbol>
      <symbol id="sm-3bf">
         <name>__gtrd</name>
         <value>0x24eef</value>
         <object_component_ref idref="oc-a3"/>
      </symbol>
      <symbol id="sm-3c0">
         <name>__geqd</name>
         <value>0x24f3a</value>
         <object_component_ref idref="oc-a3"/>
      </symbol>
      <symbol id="sm-3c1">
         <name>__leqd</name>
         <value>0x24ea2</value>
         <object_component_ref idref="oc-a3"/>
      </symbol>
      <symbol id="sm-3c2">
         <name>__lssd</name>
         <value>0x24e5a</value>
         <object_component_ref idref="oc-a3"/>
      </symbol>
      <symbol id="sm-3ca">
         <name>__ctypes_</name>
         <value>0x5814</value>
         <object_component_ref idref="oc-13e"/>
      </symbol>
      <symbol id="sm-3d4">
         <name>__tmpnams</name>
         <value>0x5bf4</value>
         <object_component_ref idref="oc-a9"/>
      </symbol>
      <symbol id="sm-3d5">
         <name>__ft_end</name>
         <value>0x5d34</value>
         <object_component_ref idref="oc-a9"/>
      </symbol>
      <symbol id="sm-3d6">
         <name>__ftable</name>
         <value>0x5b04</value>
         <object_component_ref idref="oc-a9"/>
      </symbol>
      <symbol id="sm-3e2">
         <name>__divd</name>
         <value>0x232dc</value>
         <object_component_ref idref="oc-ad"/>
      </symbol>
      <symbol id="sm-3ed">
         <name>__divul</name>
         <value>0x25dc0</value>
         <object_component_ref idref="oc-b1"/>
      </symbol>
      <symbol id="sm-3f7">
         <name>__fixdi</name>
         <value>0x265b3</value>
         <object_component_ref idref="oc-b5"/>
      </symbol>
      <symbol id="sm-401">
         <name>__fixdli</name>
         <value>0x2611f</value>
         <object_component_ref idref="oc-b9"/>
      </symbol>
      <symbol id="sm-40d">
         <name>__fltlid</name>
         <value>0x26260</value>
         <object_component_ref idref="oc-bd"/>
      </symbol>
      <symbol id="sm-417">
         <name>_putchar</name>
         <value>0x25db1</value>
         <object_component_ref idref="oc-c2"/>
      </symbol>
      <symbol id="sm-418">
         <name>_putc</name>
         <value>0x25d1e</value>
         <object_component_ref idref="oc-c2"/>
      </symbol>
      <symbol id="sm-419">
         <name>_fputc</name>
         <value>0x25d1e</value>
         <object_component_ref idref="oc-c2"/>
      </symbol>
      <symbol id="sm-425">
         <name>_puts</name>
         <value>0x25328</value>
         <object_component_ref idref="oc-c6"/>
      </symbol>
      <symbol id="sm-426">
         <name>_fputs</name>
         <value>0x251d9</value>
         <object_component_ref idref="oc-c6"/>
      </symbol>
      <symbol id="sm-430">
         <name>__frcmpyd_div</name>
         <value>0x2603c</value>
         <object_component_ref idref="oc-cb"/>
      </symbol>
      <symbol id="sm-43a">
         <name>___isinf</name>
         <value>0x26645</value>
         <object_component_ref idref="oc-cf"/>
      </symbol>
      <symbol id="sm-444">
         <name>__divull</name>
         <value>0x24aa7</value>
         <object_component_ref idref="oc-d3"/>
      </symbol>
      <symbol id="sm-445">
         <name>__mpylli</name>
         <value>0x249f0</value>
         <object_component_ref idref="oc-d3"/>
      </symbol>
      <symbol id="sm-446">
         <name>__remlli</name>
         <value>0x249c1</value>
         <object_component_ref idref="oc-d3"/>
      </symbol>
      <symbol id="sm-447">
         <name>__divlli</name>
         <value>0x24b9b</value>
         <object_component_ref idref="oc-d3"/>
      </symbol>
      <symbol id="sm-448">
         <name>__remull</name>
         <value>0x24973</value>
         <object_component_ref idref="oc-d3"/>
      </symbol>
      <symbol id="sm-450">
         <name>__mpyli</name>
         <value>0x26673</value>
         <object_component_ref idref="oc-d7"/>
      </symbol>
      <symbol id="sm-451">
         <name>I$$LMPY</name>
         <value>0x26673</value>
         <object_component_ref idref="oc-d7"/>
      </symbol>
      <symbol id="sm-462">
         <name>_add_device</name>
         <value>0x231f4</value>
         <object_component_ref idref="oc-db"/>
      </symbol>
      <symbol id="sm-463">
         <name>_rename</name>
         <value>0x22f25</value>
         <object_component_ref idref="oc-db"/>
      </symbol>
      <symbol id="sm-464">
         <name>_read</name>
         <value>0x22fb0</value>
         <object_component_ref idref="oc-db"/>
      </symbol>
      <symbol id="sm-465">
         <name>_unlink</name>
         <value>0x22ef1</value>
         <object_component_ref idref="oc-db"/>
      </symbol>
      <symbol id="sm-466">
         <name>_remove_device</name>
         <value>0x22f7c</value>
         <object_component_ref idref="oc-db"/>
      </symbol>
      <symbol id="sm-467">
         <name>_open</name>
         <value>0x2305a</value>
         <object_component_ref idref="oc-db"/>
      </symbol>
      <symbol id="sm-468">
         <name>_find_registered_device</name>
         <value>0x2317b</value>
         <object_component_ref idref="oc-db"/>
      </symbol>
      <symbol id="sm-469">
         <name>_lseek</name>
         <value>0x23117</value>
         <object_component_ref idref="oc-db"/>
      </symbol>
      <symbol id="sm-46a">
         <name>_close</name>
         <value>0x23184</value>
         <object_component_ref idref="oc-db"/>
      </symbol>
      <symbol id="sm-46b">
         <name>_write</name>
         <value>0x22dc4</value>
         <object_component_ref idref="oc-db"/>
      </symbol>
      <symbol id="sm-475">
         <name>_ltoa</name>
         <value>0x25e60</value>
         <object_component_ref idref="oc-e1"/>
      </symbol>
      <symbol id="sm-480">
         <name>_memccpy</name>
         <value>0x26607</value>
         <object_component_ref idref="oc-e5"/>
      </symbol>
      <symbol id="sm-48a">
         <name>_memcpy</name>
         <value>0x26320</value>
         <object_component_ref idref="oc-e9"/>
      </symbol>
      <symbol id="sm-494">
         <name>__mpyd</name>
         <value>0x25615</value>
         <object_component_ref idref="oc-ed"/>
      </symbol>
      <symbol id="sm-49e">
         <name>__negd</name>
         <value>0x26698</value>
         <object_component_ref idref="oc-f1"/>
      </symbol>
      <symbol id="sm-4a8">
         <name>__remli</name>
         <value>0x26465</value>
         <object_component_ref idref="oc-f5"/>
      </symbol>
      <symbol id="sm-4b3">
         <name>__remul</name>
         <value>0x260af</value>
         <object_component_ref idref="oc-f9"/>
      </symbol>
      <symbol id="sm-4bd">
         <name>__subd</name>
         <value>0x2665f</value>
         <object_component_ref idref="oc-fd"/>
      </symbol>
      <symbol id="sm-4c9">
         <name>_HOSTopen</name>
         <value>0x22144</value>
         <object_component_ref idref="oc-101"/>
      </symbol>
      <symbol id="sm-4ca">
         <name>_HOSTread</name>
         <value>0x220b9</value>
         <object_component_ref idref="oc-101"/>
      </symbol>
      <symbol id="sm-4cb">
         <name>_HOSTtime</name>
         <value>0x21fa2</value>
         <object_component_ref idref="oc-101"/>
      </symbol>
      <symbol id="sm-4cc">
         <name>_getenv</name>
         <value>0x21e2b</value>
         <object_component_ref idref="oc-101"/>
      </symbol>
      <symbol id="sm-4cd">
         <name>_HOSTrename</name>
         <value>0x22000</value>
         <object_component_ref idref="oc-101"/>
      </symbol>
      <symbol id="sm-4ce">
         <name>_HOSTclock</name>
         <value>0x22305</value>
         <object_component_ref idref="oc-101"/>
      </symbol>
      <symbol id="sm-4cf">
         <name>_HOSTwrite</name>
         <value>0x21eab</value>
         <object_component_ref idref="oc-101"/>
      </symbol>
      <symbol id="sm-4d0">
         <name>_HOSTlseek</name>
         <value>0x221e5</value>
         <object_component_ref idref="oc-101"/>
      </symbol>
      <symbol id="sm-4d1">
         <name>_HOSTunlink</name>
         <value>0x21f36</value>
         <object_component_ref idref="oc-101"/>
      </symbol>
      <symbol id="sm-4d2">
         <name>_HOSTclose</name>
         <value>0x2229a</value>
         <object_component_ref idref="oc-101"/>
      </symbol>
      <symbol id="sm-4e4">
         <name>C$$IO$$</name>
         <value>0x25c5f</value>
         <object_component_ref idref="oc-109"/>
      </symbol>
      <symbol id="sm-4e5">
         <name>__CIOBUF_</name>
         <value>0x40440</value>
         <object_component_ref idref="oc-108"/>
      </symbol>
      <symbol id="sm-4e6">
         <name>_readmsg</name>
         <value>0x2618d</value>
         <object_component_ref idref="oc-106"/>
      </symbol>
      <symbol id="sm-4e7">
         <name>_writemsg</name>
         <value>0x25ba6</value>
         <object_component_ref idref="oc-109"/>
      </symbol>
      <symbol id="sm-4f1">
         <name>__rd_ok</name>
         <value>0x25b49</value>
         <object_component_ref idref="oc-10c"/>
      </symbol>
      <symbol id="sm-4f2">
         <name>__wrt_ok</name>
         <value>0x25acc</value>
         <object_component_ref idref="oc-10c"/>
      </symbol>
      <symbol id="sm-4fc">
         <name>__addd</name>
         <value>0x24bcf</value>
         <object_component_ref idref="oc-110"/>
      </symbol>
      <symbol id="sm-506">
         <name>__divli</name>
         <value>0x264f9</value>
         <object_component_ref idref="oc-114"/>
      </symbol>
      <symbol id="sm-510">
         <name>__doflush</name>
         <value>0x25c64</value>
         <object_component_ref idref="oc-118"/>
      </symbol>
      <symbol id="sm-511">
         <name>_fflush</name>
         <value>0x25cc6</value>
         <object_component_ref idref="oc-118"/>
      </symbol>
      <symbol id="sm-51b">
         <name>__frcmpyd</name>
         <value>0x25fc6</value>
         <object_component_ref idref="oc-11c"/>
      </symbol>
      <symbol id="sm-525">
         <name>_fseek</name>
         <value>0x261f8</value>
         <object_component_ref idref="oc-120"/>
      </symbol>
      <symbol id="sm-52f">
         <name>_setvbuf</name>
         <value>0x259d9</value>
         <object_component_ref idref="oc-124"/>
      </symbol>
      <symbol id="sm-53e">
         <name>__cleanup</name>
         <value>0x2435e</value>
         <object_component_ref idref="oc-128"/>
      </symbol>
      <symbol id="sm-53f">
         <name>_fopen</name>
         <value>0x2447c</value>
         <object_component_ref idref="oc-128"/>
      </symbol>
      <symbol id="sm-540">
         <name>_freopen</name>
         <value>0x243b6</value>
         <object_component_ref idref="oc-128"/>
      </symbol>
      <symbol id="sm-550">
         <name>__sys_memory</name>
         <value>0x30c0</value>
         <object_component_ref idref="oc-132"/>
      </symbol>
      <symbol id="sm-551">
         <name>_chkheap</name>
         <value>0x22842</value>
         <object_component_ref idref="oc-12e"/>
      </symbol>
      <symbol id="sm-552">
         <name>_realloc</name>
         <value>0x225a8</value>
         <object_component_ref idref="oc-12e"/>
      </symbol>
      <symbol id="sm-553">
         <name>_free_memory</name>
         <value>0x227db</value>
         <object_component_ref idref="oc-12e"/>
      </symbol>
      <symbol id="sm-554">
         <name>_max_free</name>
         <value>0x22771</value>
         <object_component_ref idref="oc-12e"/>
      </symbol>
      <symbol id="sm-555">
         <name>_free</name>
         <value>0x22363</value>
         <object_component_ref idref="oc-12e"/>
      </symbol>
      <symbol id="sm-556">
         <name>_calloc</name>
         <value>0x2284a</value>
         <object_component_ref idref="oc-12e"/>
      </symbol>
      <symbol id="sm-557">
         <name>_malloc</name>
         <value>0x224a7</value>
         <object_component_ref idref="oc-12e"/>
      </symbol>
      <symbol id="sm-558">
         <name>_minit</name>
         <value>0x22435</value>
         <object_component_ref idref="oc-12e"/>
      </symbol>
      <symbol id="sm-562">
         <name>_fclose</name>
         <value>0x25f50</value>
         <object_component_ref idref="oc-135"/>
      </symbol>
      <symbol id="sm-56c">
         <name>_remove</name>
         <value>0x266a8</value>
         <object_component_ref idref="oc-139"/>
      </symbol>
   </symbol_table>
</link_info>
