******************************************************************************
              TMS320C55x Linker PC v4.4.1                      
******************************************************************************
>> Linked Mon Nov 25 15:44:21 2024

OUTPUT FILE NAME:   <Lab10.out>
ENTRY POINT SYMBOL: "_c_int00"  address: 0002657f


MEMORY CONFIGURATION

         name            origin    length      used     unused   attr    fill
                        (bytes)   (bytes)    (bytes)   (bytes)
----------------------  --------  ---------  --------  --------  ----  --------
PAGE 0:
  MMR                   00000000   000000c0  00000000  000000c0  RWIX
  DARAM0                000000c0   0000ff40  00006226  00009d1a  RWIX
  SARAM0                00010000   00010000  00000000  00010000  RWIX
  SARAM1                00020000   00020000  000066bc  00019944  RWIX
  SARAM2                00040000   0000fe00  0000067e  0000f782  RWIX
  VECS                  0004fe00   00000200  00000100  00000100  RWIX
  PDROM                 00ff8000   00008000  00000000  00008000  R IX

PAGE 2:
  IOPORT                00000000   00020000  00000000  00020000  RWI 


SECTION ALLOCATION MAP
(Addresses surrounded by []'s are displayed for convenience only!)

output                                                          attributes/
section   page  orgn(bytes) orgn(words) len(bytes) len(words)   input sections
--------  ----  ----------- ----------- ---------- ----------   --------------
.pinit       0   [ 00040000 ]  00020000          *   00000000   UNINITIALIZED

.stack       0   [ 000000c0 ]  00000060          *   00001000   UNINITIALIZED
                 [ 000000c0 ]  00000060          *   00001000   --HOLE--

.sysstack 
*            0   [ 000020c0 ]  00001060          *   00000800   UNINITIALIZED
                 [ 000020c0 ]  00001060          *   00000800   --HOLE--

.sysmem      0   [ 000030c0 ]  00001860          *   00001000   UNINITIALIZED
                 [ 000030c0 ]  00001860          *   00001000   --HOLE--

.const.1     0   [ 000050c0 ]  00002860          *   000004ab   
                 [ 000050c0 ]  00002860          *   00000236   PLL.obj (.const:.string)
                 [ 0000552c ]  00002a96          *   00000174   aic3204_init.obj (.const:.string)
                 [ 00005814 ]  00002c0a          *   00000101   rts55h.lib : ctype.obj (.const:__ctypes_)

.const.2     0   [ 00005a18 ]  00002d0c          *   00000039   
                 [ 00005a18 ]  00002d0c          *   00000039   main.obj (.const:.string)

.const.3     0   [ 00005a8c ]  00002d46          *   0000003c   
                 [ 00005a8c ]  00002d46          *   00000024   rts55h.lib : _printfi.obj (.const:.string)
                 [ 00005ad4 ]  00002d6a          *   0000000c              : _printfi.obj (.const)
                 [ 00005aec ]  00002d76          *   00000008              : divd.obj (.const:_initial_approx$1)
                 [ 00005afc ]  00002d7e          *   00000002              : fputs.obj (.const:.string)
                 [ 00005b00 ]  00002d80          *   00000002              : fltlid.obj (.const)

.bss.1       0   [ 00005b04 ]  00002d82          *   000003e1   UNINITIALIZED
                 [ 00005b04 ]  00002d82          *   00000119   rts55h.lib : defs.obj (.bss)
                 [ 00005d36 ]  00002e9b          *   000000d0              : trgdrv.obj (.bss)
                 [ 00005ed6 ]  00002f6b          *   000000bc   oled5515.obj (.bss)
                 [ 0000604e ]  00003027          *   00000001   rts55h.lib : fopen.obj (.bss)
                 [ 00006050 ]  00003028          *   00000076   main.obj (.bss)
                 [ 0000613c ]  0000309e          *   00000071   rts55h.lib : lowlev.obj (.bss)
                 [ 0000621e ]  0000310f          *   00000001   usbstk5515_i2c.obj (.bss)
                 [ 00006220 ]  00003110          *   00000036   PLL.obj (.bss)
                 [ 0000628c ]  00003146          *   0000000c   pushbuttons5515.obj (.bss)
                 [ 000062a4 ]  00003152          *   0000000a   LEDFlasher.obj (.bss)
                 [ 000062b8 ]  0000315c          *   00000007   rts55h.lib : memory.obj (.bss)

.bss.2       0   [ 000062c8 ]  00003164          *   0000000c   UNINITIALIZED
                 [ 000062c8 ]  00003164          *   00000004   rts55h.lib : _lock.obj (.bss)
                 [ 000062d0 ]  00003168          *   00000004              : exit.obj (.bss)
                 [ 000062d8 ]  0000316c          *   00000002   aic3204.obj (.bss)
                 [ 000062dc ]  0000316e          *   00000002   sinewaves.obj (.bss)

.data        0   [ 000062e0 ]  00003170          *   00000006   
                 [ 000062e0 ]  00003170          *   00000006   55xdsph.lib : sine.obj (.data)

.text        0     00020000  [ 00010000 ] 000066bc          *   
                   00020000  [ 00010000 ] 00001533          *   rts55h.lib : _printfi.obj (.text)
                   00021533  [ 00010a99+] 000008f8          *   oled5515.obj (.text)
                   00021e2b  [ 00010f15+] 00000538          *   rts55h.lib : trgdrv.obj (.text)
                   00022363  [ 000111b1+] 00000533          *              : memory.obj (.text)
                   00022896  [ 0001144b ] 0000052e          *   aic3204_init.obj (.text)
                   00022dc4  [ 000116e2 ] 00000518          *   rts55h.lib : lowlev.obj (.text)
                   000232dc  [ 0001196e ] 000003c7          *              : divd.obj (.text)
                   000236a3  [ 00011b51+] 00000340          *   PLL.obj (.text)
                   000239e3  [ 00011cf1+] 00000303          *   main.obj (.text)
                   00023ce6  [ 00011e73 ] 000002b6          *   pushbuttons5515.obj (.text)
                   00023f9c  [ 00011fce ] 000002ad          *   CSLc55x5h.lib : csl_pll.obj (.text)
                   00024249  [ 00012124+] 0000026c          *   rts55h.lib : fopen.obj (.text)
                   000244b5  [ 0001225a+] 00000262          *   sinewaves.obj (.text)
                   00024717  [ 0001238b+] 0000025c          *   bargraph5515.obj (.text)
                   00024973  [ 000124b9+] 0000025c          *   rts55h.lib : llmpy.obj (.text)
                   00024bcf  [ 000125e7+] 00000257          *              : addd.obj (.text)
                   00024e26  [ 00012713 ] 000001ea          *              : cmpd.obj (.text)
                   00025010  [ 00012808 ] 000001c9          *   usbstk5515_led.obj (.text)
                   000251d9  [ 000128ec+] 0000017b          *   rts55h.lib : fputs.obj (.text)
                   00025354  [ 000129aa ] 0000016b          *   LEDFlasher.obj (.text)
                   000254bf  [ 00012a5f+] 00000156          *   usbstk5515_gpio.obj (.text)
                   00025615  [ 00012b0a+] 0000014b          *   rts55h.lib : mpyd.obj (.text)
                   00025760  [ 00012bb0 ] 0000013e          *   usbstk5515_i2c.obj (.text)
                   0002589e  [ 00012c4f ] 0000013b          *   aic3204.obj (.text)
                   000259d9  [ 00012cec+] 000000f3          *   rts55h.lib : setvbuf.obj (.text)
                   00025acc  [ 00012d66 ] 000000da          *              : _io_perm.obj (.text)
                   00025ba6  [ 00012dd3 ] 000000be          *              : trgmsg.obj (.text:CIO_breakpoint)
                   00025c64  [ 00012e32 ] 000000ba          *              : fflush.obj (.text)
                   00025d1e  [ 00012e8f ] 000000a2          *              : fputc.obj (.text)
                   00025dc0  [ 00012ee0 ] 000000a0          *              : divul.obj (.text)
                   00025e60  [ 00012f30 ] 00000079          *              : ltoa.obj (.text)
                   00025ed9  [ 00012f6c+] 00000077          *   55xdsph.lib : sine.obj (.text)
                   00025f50  [ 00012fa8 ] 00000076          *   rts55h.lib : fclose.obj (.text)
                   00025fc6  [ 00012fe3 ] 00000076          *              : frcmpyd.obj (.text)
                   0002603c  [ 0001301e ] 00000073          *              : frcmpyd_div.obj (.text)
                   000260af  [ 00013057+] 00000070          *              : remul.obj (.text)
                   0002611f  [ 0001308f+] 0000006e          *              : fixdli.obj (.text)
                   0002618d  [ 000130c6+] 0000006b          *              : trgmsg.obj (.text)
                   000261f8  [ 000130fc ] 00000068          *              : fseek.obj (.text)
                   00026260  [ 00013130 ] 00000067          *              : fltlid.obj (.text)
                   000262c7  [ 00013163+] 00000059          *              : atoi.obj (.text)
                   00026320  [ 00013190 ] 00000056          *              : memcpy.obj (.text)
                   00026376  [ 000131bb ] 00000054          *   usbstk5515.obj (.text)
                   000263ca  [ 000131e5 ] 0000004e          *   rts55h.lib : printf.obj (.text)
                   00026418  [ 0001320c ] 0000004d          *              : autoinit.obj (.text)
                   00026465  [ 00013232+] 0000004b          *              : remli.obj (.text)
                   000264b0  [ 00013258 ] 00000049          *              : args_main.obj (.text)
                   000264f9  [ 0001327c+] 00000048          *              : divli.obj (.text)
                   00026541  [ 000132a0+] 0000003e          *              : exit.obj (.text)
                   0002657f  [ 000132bf+] 00000034          *              : boot.obj (.text)
                   000265b3  [ 000132d9+] 0000002a          *              : fixdi.obj (.text)
                   000265dd  [ 000132ee+] 0000002a          *              : udiv.obj (.text)
                   00026607  [ 00013303+] 00000022          *              : memccpy.obj (.text)
                   00026629  [ 00013314+] 0000001c          *   stereo.obj (.text)
                   00026645  [ 00013322+] 0000001a          *   rts55h.lib : isinf.obj (.text)
                   0002665f  [ 0001332f+] 00000014          *              : subd.obj (.text)
                   00026673  [ 00013339+] 00000013          *              : lmpy.obj (.text)
                   00026686  [ 00013343 ] 00000012          *              : _lock.obj (.text)
                   00026698  [ 0001334c ] 00000010          *              : negd.obj (.text)
                   000266a8  [ 00013354 ] 0000000a          *              : remove.obj (.text)
                   000266b2  [ 00013359 ] 00000007          *              : exit.obj (.text:CIO_breakpoint)
                   000266b9  [ 0001335c+] 00000002          *              : vectors.obj (.text)
                   000266bb  [ 0001335d ] 00000001          *   --HOLE-- [fill = 20]

.cinit       0   [ 00040000 ]  00020000          *   0000021f   
                 [ 00040000 ]  00020000          *   000000c2   oled5515.obj (.cinit)
                 [ 00040184 ]  000200c2          *   0000004f   main.obj (.cinit)
                 [ 00040222 ]  00020111          *   00000046   PLL.obj (.cinit)
                 [ 000402ae ]  00020157          *   0000002d   rts55h.lib : lowlev.obj (.cinit)
                 [ 00040308 ]  00020184          *   0000002a              : defs.obj (.cinit)
                 [ 0004035c ]  000201ae          *   00000024   LEDFlasher.obj (.cinit)
                 [ 000403a4 ]  000201d2          *   00000024   pushbuttons5515.obj (.cinit)
                 [ 000403ec ]  000201f6          *   0000000a   rts55h.lib : _lock.obj (.cinit)
                 [ 00040400 ]  00020200          *   0000000a              : exit.obj (.cinit)
                 [ 00040414 ]  0002020a          *   00000008   sinewaves.obj (.cinit)
                 [ 00040424 ]  00020212          *   00000004   rts55h.lib : fopen.obj (.cinit)
                 [ 0004042c ]  00020216          *   00000004              : memory.obj (.cinit)
                 [ 00040434 ]  0002021a          *   00000004   usbstk5515_i2c.obj (.cinit)
                 [ 0004043c ]  0002021e          *   00000001   --HOLE-- [fill = 0]

.cio         0   [ 00040440 ]  00020220          *   00000120   UNINITIALIZED
                 [ 00040440 ]  00020220          *   00000120   rts55h.lib : trgmsg.obj (.cio)

vectors      0     0004fe00  [ 00027f00 ] 00000100          *   
                   0004fe00  [ 00027f00 ] 00000100          *   rts55h.lib : vectors.obj (vectors)


GLOBAL SYMBOLS: SORTED ALPHABETICALLY BY Name 

abs. value/
byte addr   word addr   name
---------   ---------   ----
00000002                $TI_capability$C5500$CallingConvention
00000008                $TI_capability$C5500$MemoryModel
00000001                $TI_capability_requires_rev3
ffffffff                .bss
ffffffff                .data
ffffffff                .text
000266b3                C$$EXIT
00025c5f                C$$IO$$
00026673                I$$LMPY
000265dd                I$$UDIV
000265f2                I$$UMOD
0002589e                _AIC3204_rget
000258e9                _AIC3204_rset
00022305                _HOSTclock
0002229a                _HOSTclose
000221e5                _HOSTlseek
00022144                _HOSTopen
000220b9                _HOSTread
00022000                _HOSTrename
00021fa2                _HOSTtime
00021f36                _HOSTunlink
00021eab                _HOSTwrite
00025354                _LEDFlasher
00021553                _OSD9616_multiSend
00021533                _OSD9616_send
0002418e                _PLL_bypass
00023ffe                _PLL_config
00024127                _PLL_enable
00023fc6                _PLL_init
000241dd                _PLL_reset
0004fe00                _Reset
00023ce6                _SAR_init
000255bd                _USBSTK5515_GPIO_getInput
000254bf                _USBSTK5515_GPIO_init
000254c3                _USBSTK5515_GPIO_setDirection
00025540                _USBSTK5515_GPIO_setOutput
0002577f                _USBSTK5515_I2C_close
00025760                _USBSTK5515_I2C_init
00025825                _USBSTK5515_I2C_read
00025788                _USBSTK5515_I2C_reset
00025796                _USBSTK5515_I2C_write
00025010                _USBSTK5515_LED_init
0002502c                _USBSTK5515_LED_off
0002501b                _USBSTK5515_LED_on
0002506c                _USBSTK5515_ULED_getall
0002503d                _USBSTK5515_ULED_init
00025161                _USBSTK5515_ULED_off
0002512c                _USBSTK5515_ULED_on
000250be                _USBSTK5515_ULED_setall
00025194                _USBSTK5515_ULED_toggle
000263bc                _USBSTK5515_init
00026376                _USBSTK5515_wait
000263aa                _USBSTK5515_waitusec
            00020220    __CIOBUF_
            00001060    __STACK_END
00002000                __STACK_SIZE
00002000                __SYSMEM_SIZE
00001000                __SYSSTACK_SIZE
00000001                __TI_args_main
ffffffff                ___binit__
ffffffff                ___bss__
ffffffff                ___c_args__
            00020000    ___cinit__
ffffffff                ___data__
ffffffff                ___edata__
ffffffff                ___end__
ffffffff                ___etext__
00026645                ___isinf
ffffffff                ___pinit__
ffffffff                ___text__
00024bcf                __addd
000264b0                __args_main
0002435e                __cleanup
            00003168    __cleanup_ptr
00024fb8                __cmpd
            00002c0a    __ctypes_
000232dc                __divd
000264f9                __divli
00024b9b                __divlli
000265dd                __divu
00025dc0                __divul
00024aa7                __divull
00025c64                __doflush
            0000316a    __dtors_ptr
00024f84                __eqld
000265b3                __fixdi
0002611f                __fixdli
00026260                __fltlid
00025fc6                __frcmpyd
0002603c                __frcmpyd_div
            00002e9a    __ft_end
            00002d82    __ftable
00024f3a                __geqd
00024eef                __gtrd
00024ea2                __leqd
            00003164    __lock
00024e5a                __lssd
00025615                __mpyd
00026673                __mpyli
000249f0                __mpylli
00026698                __negd
00024e26                __neqd
00026696                __nop
00021315                __printfi
00025b49                __rd_ok
0002668e                __register_lock
00026686                __register_unlock
00026465                __remli
000249c1                __remlli
000265f2                __remu
000260af                __remul
00024973                __remull
            00000060    __stack
0002665f                __subd
            00001860    __sys_memory
            00001060    __sysstack
            00002dfa    __tmpnams
            00003166    __unlock
00025acc                __wrt_ok
000266b2                _abort
            00003094    _acc_hp
            00003092    _acc_lp
000231f4                _add_device
00025957                _aic3204_codec_read
0002599d                _aic3204_codec_write
0002593b                _aic3204_disable
0002590b                _aic3204_hardware_init
00022896                _aic3204_init
000262c7                _atoi
00026418                _auto_init
            00003081    _b_hp
            00003070    _b_lp
00024853                _bargraph_12dB
00024717                _bargraph_3dB
000247b5                _bargraph_6dB
            00003099    _bass_enabled
0002657f                _c_int00
0002284a                _calloc
            00002f6b    _character_set
00022842                _chkheap
00023184                _close
            0000316c    _counter1
            0000316d    _counter2
            00003030    _delay_line
            00003096    _delay_line_index
00026541                _exit
00025f50                _fclose
00025cc6                _fflush
0002317b                _find_registered_device
0002447c                _fopen
00025d1e                _fputc
000251d9                _fputs
00022363                _free
000227db                _free_memory
000243b6                _freopen
000261f8                _fseek
000244b5                _generate_sinewave_1
000245e6                _generate_sinewave_2
00021e2b                _getenv
            0000311a    _hPll
            0000309c    _i
            00003097    _j
00023117                _lseek
00025e60                _ltoa
000239e3                _main
000224a7                _malloc
00022771                _max_free
00026607                _memccpy
00026320                _memcpy
00022435                _minit
            00002fd3    _number_set
00021dbc                _oled_display_bar
00021af2                _oled_display_bargraph
000217ee                _oled_display_message
00021cb2                _oled_display_picture
00021dea                _oled_display_reset
00021bdb                _oled_display_waveform
000216d1                _oled_init
00021d83                _oled_set_page
0002305a                _open
            00003144    _pConfigInfo
            00003116    _pllCfg1
            0000313c    _pllCfg_100MHz
            00003140    _pllCfg_120MHz
            00003124    _pllCfg_12MHz
            00003128    _pllCfg_12p288MHz
            0000311c    _pllCfg_1MHz
            00003120    _pllCfg_2MHz
            0000312c    _pllCfg_40MHz
            00003130    _pllCfg_60MHz
            00003134    _pllCfg_75MHz
            00003138    _pllCfg_98MHz
            00003110    _pllObj
0002371e                _pll_frequency_setup
0002159f                _printCharacter
000215e3                _printMessage
000263ca                _printf
00023cfe                _pushbuttons_read
00023e7c                _pushbuttons_read_raw
00025d1e                _putc
00025db1                _putchar
00025328                _puts
00022fb0                _read
0002618d                _readmsg
000225a8                _realloc
000266a8                _remove
00022f7c                _remove_device
00022f25                _rename
00022a74                _set_sampling_frequency_and_gain
000259d9                _setvbuf
00025ed9                _sine
000248f1                _spectrum_analyser_display
            00003152    _state
00026629                _stereo_to_mono
            0000309a    _switches
            0000309b    _switches_1
            00003098    _treble_enabled
00022ef1                _unlink
00022dc4                _write
00025ba6                _writemsg
            0000302c    _x
            0000302d    _x_delayed
            00003028    _x_left
            00003029    _x_right
            0000302f    _y_hp
            0000302a    _y_left
            0000302e    _y_lp
            0000302b    _y_right
ffffffff                binit
            00020000    cinit
ffffffff                edata
ffffffff                end
ffffffff                etext
ffffffff                pinit


GLOBAL SYMBOLS: SORTED BY Symbol Address 

abs. value/
byte addr   word addr   name
---------   ---------   ----
00000001                $TI_capability_requires_rev3
00000001                __TI_args_main
00000002                $TI_capability$C5500$CallingConvention
00000008                $TI_capability$C5500$MemoryModel
            00000060    __stack
00001000                __SYSSTACK_SIZE
00002000                __STACK_SIZE
00002000                __SYSMEM_SIZE
            00001060    __STACK_END
            00001060    __sysstack
            00001860    __sys_memory
            00002c0a    __ctypes_
            00002d82    __ftable
            00002dfa    __tmpnams
            00002e9a    __ft_end
            00002f6b    _character_set
            00002fd3    _number_set
            00003028    _x_left
            00003029    _x_right
            0000302a    _y_left
            0000302b    _y_right
            0000302c    _x
            0000302d    _x_delayed
            0000302e    _y_lp
            0000302f    _y_hp
            00003030    _delay_line
            00003070    _b_lp
            00003081    _b_hp
            00003092    _acc_lp
            00003094    _acc_hp
            00003096    _delay_line_index
            00003097    _j
            00003098    _treble_enabled
            00003099    _bass_enabled
            0000309a    _switches
            0000309b    _switches_1
            0000309c    _i
            00003110    _pllObj
            00003116    _pllCfg1
            0000311a    _hPll
            0000311c    _pllCfg_1MHz
            00003120    _pllCfg_2MHz
            00003124    _pllCfg_12MHz
            00003128    _pllCfg_12p288MHz
            0000312c    _pllCfg_40MHz
            00003130    _pllCfg_60MHz
            00003134    _pllCfg_75MHz
            00003138    _pllCfg_98MHz
            0000313c    _pllCfg_100MHz
            00003140    _pllCfg_120MHz
            00003144    _pConfigInfo
            00003152    _state
            00003164    __lock
            00003166    __unlock
            00003168    __cleanup_ptr
            0000316a    __dtors_ptr
            0000316c    _counter1
            0000316d    _counter2
00021315                __printfi
00021533                _OSD9616_send
00021553                _OSD9616_multiSend
0002159f                _printCharacter
000215e3                _printMessage
000216d1                _oled_init
000217ee                _oled_display_message
00021af2                _oled_display_bargraph
00021bdb                _oled_display_waveform
00021cb2                _oled_display_picture
00021d83                _oled_set_page
00021dbc                _oled_display_bar
00021dea                _oled_display_reset
00021e2b                _getenv
00021eab                _HOSTwrite
00021f36                _HOSTunlink
00021fa2                _HOSTtime
00022000                _HOSTrename
000220b9                _HOSTread
00022144                _HOSTopen
000221e5                _HOSTlseek
0002229a                _HOSTclose
00022305                _HOSTclock
00022363                _free
00022435                _minit
000224a7                _malloc
000225a8                _realloc
00022771                _max_free
000227db                _free_memory
00022842                _chkheap
0002284a                _calloc
00022896                _aic3204_init
00022a74                _set_sampling_frequency_and_gain
00022dc4                _write
00022ef1                _unlink
00022f25                _rename
00022f7c                _remove_device
00022fb0                _read
0002305a                _open
00023117                _lseek
0002317b                _find_registered_device
00023184                _close
000231f4                _add_device
000232dc                __divd
0002371e                _pll_frequency_setup
000239e3                _main
00023ce6                _SAR_init
00023cfe                _pushbuttons_read
00023e7c                _pushbuttons_read_raw
00023fc6                _PLL_init
00023ffe                _PLL_config
00024127                _PLL_enable
0002418e                _PLL_bypass
000241dd                _PLL_reset
0002435e                __cleanup
000243b6                _freopen
0002447c                _fopen
000244b5                _generate_sinewave_1
000245e6                _generate_sinewave_2
00024717                _bargraph_3dB
000247b5                _bargraph_6dB
00024853                _bargraph_12dB
000248f1                _spectrum_analyser_display
00024973                __remull
000249c1                __remlli
000249f0                __mpylli
00024aa7                __divull
00024b9b                __divlli
00024bcf                __addd
00024e26                __neqd
00024e5a                __lssd
00024ea2                __leqd
00024eef                __gtrd
00024f3a                __geqd
00024f84                __eqld
00024fb8                __cmpd
00025010                _USBSTK5515_LED_init
0002501b                _USBSTK5515_LED_on
0002502c                _USBSTK5515_LED_off
0002503d                _USBSTK5515_ULED_init
0002506c                _USBSTK5515_ULED_getall
000250be                _USBSTK5515_ULED_setall
0002512c                _USBSTK5515_ULED_on
00025161                _USBSTK5515_ULED_off
00025194                _USBSTK5515_ULED_toggle
000251d9                _fputs
00025328                _puts
00025354                _LEDFlasher
000254bf                _USBSTK5515_GPIO_init
000254c3                _USBSTK5515_GPIO_setDirection
00025540                _USBSTK5515_GPIO_setOutput
000255bd                _USBSTK5515_GPIO_getInput
00025615                __mpyd
00025760                _USBSTK5515_I2C_init
0002577f                _USBSTK5515_I2C_close
00025788                _USBSTK5515_I2C_reset
00025796                _USBSTK5515_I2C_write
00025825                _USBSTK5515_I2C_read
0002589e                _AIC3204_rget
000258e9                _AIC3204_rset
0002590b                _aic3204_hardware_init
0002593b                _aic3204_disable
00025957                _aic3204_codec_read
0002599d                _aic3204_codec_write
000259d9                _setvbuf
00025acc                __wrt_ok
00025b49                __rd_ok
00025ba6                _writemsg
00025c5f                C$$IO$$
00025c64                __doflush
00025cc6                _fflush
00025d1e                _fputc
00025d1e                _putc
00025db1                _putchar
00025dc0                __divul
00025e60                _ltoa
00025ed9                _sine
00025f50                _fclose
00025fc6                __frcmpyd
0002603c                __frcmpyd_div
000260af                __remul
0002611f                __fixdli
0002618d                _readmsg
000261f8                _fseek
00026260                __fltlid
000262c7                _atoi
00026320                _memcpy
00026376                _USBSTK5515_wait
000263aa                _USBSTK5515_waitusec
000263bc                _USBSTK5515_init
000263ca                _printf
00026418                _auto_init
00026465                __remli
000264b0                __args_main
000264f9                __divli
00026541                _exit
0002657f                _c_int00
000265b3                __fixdi
000265dd                I$$UDIV
000265dd                __divu
000265f2                I$$UMOD
000265f2                __remu
00026607                _memccpy
00026629                _stereo_to_mono
00026645                ___isinf
0002665f                __subd
00026673                I$$LMPY
00026673                __mpyli
00026686                __register_unlock
0002668e                __register_lock
00026696                __nop
00026698                __negd
000266a8                _remove
000266b2                _abort
000266b3                C$$EXIT
            00020000    ___cinit__
            00020000    cinit
            00020220    __CIOBUF_
0004fe00                _Reset
ffffffff                .bss
ffffffff                .data
ffffffff                .text
ffffffff                ___binit__
ffffffff                ___bss__
ffffffff                ___c_args__
ffffffff                ___data__
ffffffff                ___edata__
ffffffff                ___end__
ffffffff                ___etext__
ffffffff                ___pinit__
ffffffff                ___text__
ffffffff                binit
ffffffff                edata
ffffffff                end
ffffffff                etext
ffffffff                pinit

[234 symbols]
