******************************************************************************
              TMS320C55x Linker PC v4.4.1                      
******************************************************************************
>> Linked Tue Feb 18 12:00:45 2025

OUTPUT FILE NAME:   <Lab4.out>
ENTRY POINT SYMBOL: "_c_int00"  address: 00026447


MEMORY CONFIGURATION

         name            origin    length      used     unused   attr    fill
                        (bytes)   (bytes)    (bytes)   (bytes)
----------------------  --------  ---------  --------  --------  ----  --------
PAGE 0:
  MMR                   00000000   000000c0  00000000  000000c0  RWIX
  DARAM0                000000c0   0000ff40  0000fca0  000002a0  RWIX
  SARAM0                00010000   00010000  00002000  0000e000  RWIX
  SARAM1                00020000   00020000  00006584  00019a7c  RWIX
  SARAM2                00040000   0000fe00  000063d0  00009a30  RWIX
  VECS                  0004fe00   00000200  00000100  00000100  RWIX
  PDROM                 00ff8000   00008000  00000000  00008000  R IX

PAGE 2:
  IOPORT                00000000   00020000  00000000  00020000  RWI 


SECTION ALLOCATION MAP
(Addresses surrounded by []'s are displayed for convenience only!)

output                                                          attributes/
section   page  orgn(bytes) orgn(words) len(bytes) len(words)   input sections
--------  ----  ----------- ----------- ---------- ----------   --------------
.pinit       0   [ 00040000 ]  00020000          *   00000000   UNINITIALIZED

.stack       0   [ 000000c0 ]  00000060          *   00001000   UNINITIALIZED
                 [ 000000c0 ]  00000060          *   00001000   --HOLE--

.sysstack 
*            0   [ 000020c0 ]  00001060          *   00000800   UNINITIALIZED
                 [ 000020c0 ]  00001060          *   00000800   --HOLE--

.bss.1       0   [ 000030c0 ]  00001860          *   000060e5   UNINITIALIZED
                 [ 000030c0 ]  00001860          *   00005dcd   main.obj (.bss)
                 [ 0000ec5a ]  0000762d          *   00000001   rts55h.lib : fopen.obj (.bss)
                 [ 0000ec5c ]  0000762e          *   00000119              : defs.obj (.bss)
                 [ 0000ee8e ]  00007747          *   000000d0              : trgdrv.obj (.bss)
                 [ 0000f02e ]  00007817          *   000000bc   oled5515.obj (.bss)
                 [ 0000f1a6 ]  000078d3          *   00000001   usbstk5515_i2c.obj (.bss)
                 [ 0000f1a8 ]  000078d4          *   00000071   rts55h.lib : lowlev.obj (.bss)

.bss.2       0   [ 0000f28c ]  00007946          *   00000053   UNINITIALIZED
                 [ 0000f28c ]  00007946          *   00000036   PLL.obj (.bss)
                 [ 0000f2f8 ]  0000797c          *   0000000c   pushbuttons5515.obj (.bss)
                 [ 0000f310 ]  00007988          *   0000000a   LEDFlasher.obj (.bss)
                 [ 0000f324 ]  00007992          *   00000007   rts55h.lib : memory.obj (.bss)

.bss.3       0   [ 0000f334 ]  0000799a          *   0000000c   UNINITIALIZED
                 [ 0000f334 ]  0000799a          *   00000004   rts55h.lib : _lock.obj (.bss)
                 [ 0000f33c ]  0000799e          *   00000004              : exit.obj (.bss)
                 [ 0000f344 ]  000079a2          *   00000002   aic3204.obj (.bss)
                 [ 0000f348 ]  000079a4          *   00000002   sinewaves.obj (.bss)

.const.1     0   [ 0000f34c ]  000079a6          *   000004ab   
                 [ 0000f34c ]  000079a6          *   00000236   PLL.obj (.const:.string)
                 [ 0000f7b8 ]  00007bdc          *   00000174   aic3204_init.obj (.const:.string)
                 [ 0000faa0 ]  00007d50          *   00000101   rts55h.lib : ctype.obj (.const:__ctypes_)

.const.2     0   [ 0000fca4 ]  00007e52          *   00000043   
                 [ 0000fca4 ]  00007e52          *   00000024   rts55h.lib : _printfi.obj (.const:.string)
                 [ 0000fcec ]  00007e76          *   0000001f   main.obj (.const:.string)

.const.3     0   [ 0000fd2c ]  00007e96          *   00000018   
                 [ 0000fd2c ]  00007e96          *   0000000c   rts55h.lib : _printfi.obj (.const)
                 [ 0000fd44 ]  00007ea2          *   00000008              : divd.obj (.const:_initial_approx$1)
                 [ 0000fd54 ]  00007eaa          *   00000002              : fputs.obj (.const:.string)
                 [ 0000fd58 ]  00007eac          *   00000002              : fltlid.obj (.const)

.data        0   [ 0000fd5c ]  00007eae          *   00000006   
                 [ 0000fd5c ]  00007eae          *   00000006   55xdsph.lib : sine.obj (.data)

.sysmem      0   [ 00010000 ]  00008000          *   00001000   UNINITIALIZED
                 [ 00010000 ]  00008000          *   00001000   --HOLE--

.text        0     00020000  [ 00010000 ] 00006584          *   
                   00020000  [ 00010000 ] 00001533          *   rts55h.lib : _printfi.obj (.text)
                   00021533  [ 00010a99+] 000008f8          *   oled5515.obj (.text)
                   00021e2b  [ 00010f15+] 00000538          *   rts55h.lib : trgdrv.obj (.text)
                   00022363  [ 000111b1+] 00000533          *              : memory.obj (.text)
                   00022896  [ 0001144b ] 0000052e          *   aic3204_init.obj (.text)
                   00022dc4  [ 000116e2 ] 00000518          *   rts55h.lib : lowlev.obj (.text)
                   000232dc  [ 0001196e ] 000003c7          *              : divd.obj (.text)
                   000236a3  [ 00011b51+] 00000340          *   PLL.obj (.text)
                   000239e3  [ 00011cf1+] 000002b6          *   pushbuttons5515.obj (.text)
                   00023c99  [ 00011e4c+] 000002ad          *   CSLc55x5h.lib : csl_pll.obj (.text)
                   00023f46  [ 00011fa3 ] 0000026c          *   rts55h.lib : fopen.obj (.text)
                   000241b2  [ 000120d9 ] 00000262          *   sinewaves.obj (.text)
                   00024414  [ 0001220a ] 0000025c          *   bargraph5515.obj (.text)
                   00024670  [ 00012338 ] 0000025c          *   rts55h.lib : llmpy.obj (.text)
                   000248cc  [ 00012466 ] 00000257          *              : addd.obj (.text)
                   00024b23  [ 00012591+] 000001ea          *              : cmpd.obj (.text)
                   00024d0d  [ 00012686+] 000001c9          *   usbstk5515_led.obj (.text)
                   00024ed6  [ 0001276b ] 0000017b          *   rts55h.lib : fputs.obj (.text)
                   00025051  [ 00012828+] 0000016b          *   LEDFlasher.obj (.text)
                   000251bc  [ 000128de ] 00000160          *   main.obj (.text)
                   0002531c  [ 0001298e ] 00000156          *   usbstk5515_gpio.obj (.text)
                   00025472  [ 00012a39 ] 0000014b          *   rts55h.lib : mpyd.obj (.text)
                   000255bd  [ 00012ade+] 0000013e          *   usbstk5515_i2c.obj (.text)
                   000256fb  [ 00012b7d+] 0000013b          *   aic3204.obj (.text)
                   00025836  [ 00012c1b ] 000000f3          *   rts55h.lib : setvbuf.obj (.text)
                   00025929  [ 00012c94+] 000000da          *              : _io_perm.obj (.text)
                   00025a03  [ 00012d01+] 000000be          *              : trgmsg.obj (.text:CIO_breakpoint)
                   00025ac1  [ 00012d60+] 000000ba          *              : fflush.obj (.text)
                   00025b7b  [ 00012dbd+] 000000a2          *              : fputc.obj (.text)
                   00025c1d  [ 00012e0e+] 000000a0          *              : divul.obj (.text)
                   00025cbd  [ 00012e5e+] 00000079          *              : ltoa.obj (.text)
                   00025d36  [ 00012e9b ] 00000077          *   55xdsph.lib : sine.obj (.text)
                   00025dad  [ 00012ed6+] 00000076          *   rts55h.lib : fclose.obj (.text)
                   00025e23  [ 00012f11+] 00000076          *              : frcmpyd.obj (.text)
                   00025e99  [ 00012f4c+] 00000073          *              : frcmpyd_div.obj (.text)
                   00025f0c  [ 00012f86 ] 00000070          *              : remul.obj (.text)
                   00025f7c  [ 00012fbe ] 0000006e          *              : fixdli.obj (.text)
                   00025fea  [ 00012ff5 ] 0000006b          *   55xdsph.lib : fir.obj (.text)
                   00026055  [ 0001302a+] 0000006b          *   rts55h.lib : trgmsg.obj (.text)
                   000260c0  [ 00013060 ] 00000068          *              : fseek.obj (.text)
                   00026128  [ 00013094 ] 00000067          *              : fltlid.obj (.text)
                   0002618f  [ 000130c7+] 00000059          *              : atoi.obj (.text)
                   000261e8  [ 000130f4 ] 00000056          *              : memcpy.obj (.text)
                   0002623e  [ 0001311f ] 00000054          *   usbstk5515.obj (.text)
                   00026292  [ 00013149 ] 0000004e          *   rts55h.lib : printf.obj (.text)
                   000262e0  [ 00013170 ] 0000004d          *              : autoinit.obj (.text)
                   0002632d  [ 00013196+] 0000004b          *              : remli.obj (.text)
                   00026378  [ 000131bc ] 00000049          *              : args_main.obj (.text)
                   000263c1  [ 000131e0+] 00000048          *              : divli.obj (.text)
                   00026409  [ 00013204+] 0000003e          *              : exit.obj (.text)
                   00026447  [ 00013223+] 00000034          *              : boot.obj (.text)
                   0002647b  [ 0001323d+] 0000002a          *              : fixdi.obj (.text)
                   000264a5  [ 00013252+] 0000002a          *              : udiv.obj (.text)
                   000264cf  [ 00013267+] 00000022          *              : memccpy.obj (.text)
                   000264f1  [ 00013278+] 0000001c          *   stereo.obj (.text)
                   0002650d  [ 00013286+] 0000001a          *   rts55h.lib : isinf.obj (.text)
                   00026527  [ 00013293+] 00000014          *              : subd.obj (.text)
                   0002653b  [ 0001329d+] 00000013          *              : lmpy.obj (.text)
                   0002654e  [ 000132a7 ] 00000012          *              : _lock.obj (.text)
                   00026560  [ 000132b0 ] 00000010          *              : negd.obj (.text)
                   00026570  [ 000132b8 ] 0000000a          *              : remove.obj (.text)
                   0002657a  [ 000132bd ] 00000007          *              : exit.obj (.text:CIO_breakpoint)
                   00026581  [ 000132c0+] 00000002          *              : vectors.obj (.text)
                   00026583  [ 000132c1 ] 00000001          *   --HOLE-- [fill = 20]

.cinit       0   [ 00040000 ]  00020000          *   000030c8   
                 [ 00040000 ]  00020000          *   00002ef8   main.obj (.cinit)
                 [ 00045df0 ]  00022ef8          *   000000c2   oled5515.obj (.cinit)
                 [ 00045f74 ]  00022fba          *   00000046   PLL.obj (.cinit)
                 [ 00046000 ]  00023000          *   0000002d   rts55h.lib : lowlev.obj (.cinit)
                 [ 0004605a ]  0002302d          *   0000002a              : defs.obj (.cinit)
                 [ 000460ae ]  00023057          *   00000024   LEDFlasher.obj (.cinit)
                 [ 000460f6 ]  0002307b          *   00000024   pushbuttons5515.obj (.cinit)
                 [ 0004613e ]  0002309f          *   0000000a   rts55h.lib : _lock.obj (.cinit)
                 [ 00046152 ]  000230a9          *   0000000a              : exit.obj (.cinit)
                 [ 00046166 ]  000230b3          *   00000008   sinewaves.obj (.cinit)
                 [ 00046176 ]  000230bb          *   00000004   rts55h.lib : fopen.obj (.cinit)
                 [ 0004617e ]  000230bf          *   00000004              : memory.obj (.cinit)
                 [ 00046186 ]  000230c3          *   00000004   usbstk5515_i2c.obj (.cinit)
                 [ 0004618e ]  000230c7          *   00000001   --HOLE-- [fill = 0]

.cio         0   [ 00046190 ]  000230c8          *   00000120   UNINITIALIZED
                 [ 00046190 ]  000230c8          *   00000120   rts55h.lib : trgmsg.obj (.cio)

vectors      0     0004fe00  [ 00027f00 ] 00000100          *   
                   0004fe00  [ 00027f00 ] 00000100          *   rts55h.lib : vectors.obj (vectors)


GLOBAL SYMBOLS: SORTED ALPHABETICALLY BY Name 

abs. value/
byte addr   word addr   name
---------   ---------   ----
00000002                $TI_capability$C5500$CallingConvention
00000008                $TI_capability$C5500$MemoryModel
00000001                $TI_capability_requires_rev3
ffffffff                .bss
ffffffff                .data
ffffffff                .text
0002657b                C$$EXIT
00025abc                C$$IO$$
0002653b                I$$LMPY
000264a5                I$$UDIV
000264ba                I$$UMOD
000256fb                _AIC3204_rget
00025746                _AIC3204_rset
00022305                _HOSTclock
0002229a                _HOSTclose
000221e5                _HOSTlseek
00022144                _HOSTopen
000220b9                _HOSTread
00022000                _HOSTrename
00021fa2                _HOSTtime
00021f36                _HOSTunlink
00021eab                _HOSTwrite
00025051                _LEDFlasher
00021553                _OSD9616_multiSend
00021533                _OSD9616_send
00023e8b                _PLL_bypass
00023cfb                _PLL_config
00023e24                _PLL_enable
00023cc3                _PLL_init
00023eda                _PLL_reset
0004fe00                _Reset
000239e3                _SAR_init
0002541a                _USBSTK5515_GPIO_getInput
0002531c                _USBSTK5515_GPIO_init
00025320                _USBSTK5515_GPIO_setDirection
0002539d                _USBSTK5515_GPIO_setOutput
000255dc                _USBSTK5515_I2C_close
000255bd                _USBSTK5515_I2C_init
00025682                _USBSTK5515_I2C_read
000255e5                _USBSTK5515_I2C_reset
000255f3                _USBSTK5515_I2C_write
00024d0d                _USBSTK5515_LED_init
00024d29                _USBSTK5515_LED_off
00024d18                _USBSTK5515_LED_on
00024d69                _USBSTK5515_ULED_getall
00024d3a                _USBSTK5515_ULED_init
00024e5e                _USBSTK5515_ULED_off
00024e29                _USBSTK5515_ULED_on
00024dbb                _USBSTK5515_ULED_setall
00024e91                _USBSTK5515_ULED_toggle
00026284                _USBSTK5515_init
0002623e                _USBSTK5515_wait
00026272                _USBSTK5515_waitusec
            000230c8    __CIOBUF_
            00001060    __STACK_END
00002000                __STACK_SIZE
00002000                __SYSMEM_SIZE
00001000                __SYSSTACK_SIZE
00000001                __TI_args_main
ffffffff                ___binit__
ffffffff                ___bss__
ffffffff                ___c_args__
            00020000    ___cinit__
ffffffff                ___data__
ffffffff                ___edata__
ffffffff                ___end__
ffffffff                ___etext__
0002650d                ___isinf
ffffffff                ___pinit__
ffffffff                ___text__
000248cc                __addd
00026378                __args_main
0002405b                __cleanup
            0000799e    __cleanup_ptr
00024cb5                __cmpd
            00007d50    __ctypes_
000232dc                __divd
000263c1                __divli
00024898                __divlli
000264a5                __divu
00025c1d                __divul
000247a4                __divull
00025ac1                __doflush
            000079a0    __dtors_ptr
00024c81                __eqld
0002647b                __fixdi
00025f7c                __fixdli
00026128                __fltlid
00025e23                __frcmpyd
00025e99                __frcmpyd_div
            00007746    __ft_end
            0000762e    __ftable
00024c37                __geqd
00024bec                __gtrd
00024b9f                __leqd
            0000799a    __lock
00024b57                __lssd
00025472                __mpyd
0002653b                __mpyli
000246ed                __mpylli
00026560                __negd
00024b23                __neqd
0002655e                __nop
00021315                __printfi
000259a6                __rd_ok
00026556                __register_lock
0002654e                __register_unlock
0002632d                __remli
000246be                __remlli
000264ba                __remu
00025f0c                __remul
00024670                __remull
            00000060    __stack
00026527                __subd
            00008000    __sys_memory
            00001060    __sysstack
            000076a6    __tmpnams
            0000799c    __unlock
00025929                __wrt_ok
0002657a                _abort
000231f4                _add_device
000257b4                _aic3204_codec_read
000257fa                _aic3204_codec_write
00025798                _aic3204_disable
00025768                _aic3204_hardware_init
00022896                _aic3204_init
0002618f                _atoi
000262e0                _auto_init
00024550                _bargraph_12dB
00024414                _bargraph_3dB
000244b2                _bargraph_6dB
00026447                _c_int00
0002284a                _calloc
            00007817    _character_set
00022842                _chkheap
00023184                _close
            0000762c    _convolving
            000079a2    _counter1
            000079a3    _counter2
            00004748    _delay_buffer
00026409                _exit
00025dad                _fclose
00025b23                _fflush
0002317b                _find_registered_device
00025fea                _fir
00024179                _fopen
00025b7b                _fputc
00024ed6                _fputs
00022363                _free
000227db                _free_memory
000240b3                _freopen
000260c0                _fseek
000241b2                _generate_sinewave_1
000242e3                _generate_sinewave_2
00021e2b                _getenv
            00001860    _h
            00007950    _hPll
            00004746    _i
00023117                _lseek
00025cbd                _ltoa
000251bc                _main
000224a7                _malloc
00022771                _max_free
000264cf                _memccpy
000261e8                _memcpy
00022435                _minit
            0000787f    _number_set
00021dbc                _oled_display_bar
00021af2                _oled_display_bargraph
000217ee                _oled_display_message
00021cb2                _oled_display_picture
00021dea                _oled_display_reset
00021bdb                _oled_display_waveform
000216d1                _oled_init
00021d83                _oled_set_page
0002305a                _open
            0000797a    _pConfigInfo
            0000794c    _pllCfg1
            00007972    _pllCfg_100MHz
            00007976    _pllCfg_120MHz
            0000795a    _pllCfg_12MHz
            0000795e    _pllCfg_12p288MHz
            00007952    _pllCfg_1MHz
            00007956    _pllCfg_2MHz
            00007962    _pllCfg_40MHz
            00007966    _pllCfg_60MHz
            0000796a    _pllCfg_75MHz
            0000796e    _pllCfg_98MHz
            00007946    _pllObj
0002371e                _pll_frequency_setup
0002159f                _printCharacter
000215e3                _printMessage
00026292                _printf
000239fb                _pushbuttons_read
00023b79                _pushbuttons_read_raw
00025b7b                _putc
00025c0e                _putchar
00025025                _puts
00022fb0                _read
00026055                _readmsg
000225a8                _realloc
00026570                _remove
00022f7c                _remove_device
00022f25                _rename
00022a74                _set_sampling_frequency_and_gain
00025836                _setvbuf
00025d36                _sine
000245ee                _spectrum_analyser_display
            00007988    _state
000264f1                _stereo_to_mono
            0000762a    _switches
            0000762b    _switches_1
00022ef1                _unlink
00022dc4                _write
00025a03                _writemsg
            00004744    _x
            00004740    _x_left
            00004741    _x_right
            00004745    _y
            00004742    _y_left
            00004743    _y_right
ffffffff                binit
            00020000    cinit
ffffffff                edata
ffffffff                end
ffffffff                etext
ffffffff                pinit


GLOBAL SYMBOLS: SORTED BY Symbol Address 

abs. value/
byte addr   word addr   name
---------   ---------   ----
00000001                $TI_capability_requires_rev3
00000001                __TI_args_main
00000002                $TI_capability$C5500$CallingConvention
00000008                $TI_capability$C5500$MemoryModel
            00000060    __stack
00001000                __SYSSTACK_SIZE
00002000                __STACK_SIZE
00002000                __SYSMEM_SIZE
            00001060    __STACK_END
            00001060    __sysstack
            00001860    _h
            00004740    _x_left
            00004741    _x_right
            00004742    _y_left
            00004743    _y_right
            00004744    _x
            00004745    _y
            00004746    _i
            00004748    _delay_buffer
            0000762a    _switches
            0000762b    _switches_1
            0000762c    _convolving
            0000762e    __ftable
            000076a6    __tmpnams
            00007746    __ft_end
            00007817    _character_set
            0000787f    _number_set
            00007946    _pllObj
            0000794c    _pllCfg1
            00007950    _hPll
            00007952    _pllCfg_1MHz
            00007956    _pllCfg_2MHz
            0000795a    _pllCfg_12MHz
            0000795e    _pllCfg_12p288MHz
            00007962    _pllCfg_40MHz
            00007966    _pllCfg_60MHz
            0000796a    _pllCfg_75MHz
            0000796e    _pllCfg_98MHz
            00007972    _pllCfg_100MHz
            00007976    _pllCfg_120MHz
            0000797a    _pConfigInfo
            00007988    _state
            0000799a    __lock
            0000799c    __unlock
            0000799e    __cleanup_ptr
            000079a0    __dtors_ptr
            000079a2    _counter1
            000079a3    _counter2
            00007d50    __ctypes_
            00008000    __sys_memory
00021315                __printfi
00021533                _OSD9616_send
00021553                _OSD9616_multiSend
0002159f                _printCharacter
000215e3                _printMessage
000216d1                _oled_init
000217ee                _oled_display_message
00021af2                _oled_display_bargraph
00021bdb                _oled_display_waveform
00021cb2                _oled_display_picture
00021d83                _oled_set_page
00021dbc                _oled_display_bar
00021dea                _oled_display_reset
00021e2b                _getenv
00021eab                _HOSTwrite
00021f36                _HOSTunlink
00021fa2                _HOSTtime
00022000                _HOSTrename
000220b9                _HOSTread
00022144                _HOSTopen
000221e5                _HOSTlseek
0002229a                _HOSTclose
00022305                _HOSTclock
00022363                _free
00022435                _minit
000224a7                _malloc
000225a8                _realloc
00022771                _max_free
000227db                _free_memory
00022842                _chkheap
0002284a                _calloc
00022896                _aic3204_init
00022a74                _set_sampling_frequency_and_gain
00022dc4                _write
00022ef1                _unlink
00022f25                _rename
00022f7c                _remove_device
00022fb0                _read
0002305a                _open
00023117                _lseek
0002317b                _find_registered_device
00023184                _close
000231f4                _add_device
000232dc                __divd
0002371e                _pll_frequency_setup
000239e3                _SAR_init
000239fb                _pushbuttons_read
00023b79                _pushbuttons_read_raw
00023cc3                _PLL_init
00023cfb                _PLL_config
00023e24                _PLL_enable
00023e8b                _PLL_bypass
00023eda                _PLL_reset
0002405b                __cleanup
000240b3                _freopen
00024179                _fopen
000241b2                _generate_sinewave_1
000242e3                _generate_sinewave_2
00024414                _bargraph_3dB
000244b2                _bargraph_6dB
00024550                _bargraph_12dB
000245ee                _spectrum_analyser_display
00024670                __remull
000246be                __remlli
000246ed                __mpylli
000247a4                __divull
00024898                __divlli
000248cc                __addd
00024b23                __neqd
00024b57                __lssd
00024b9f                __leqd
00024bec                __gtrd
00024c37                __geqd
00024c81                __eqld
00024cb5                __cmpd
00024d0d                _USBSTK5515_LED_init
00024d18                _USBSTK5515_LED_on
00024d29                _USBSTK5515_LED_off
00024d3a                _USBSTK5515_ULED_init
00024d69                _USBSTK5515_ULED_getall
00024dbb                _USBSTK5515_ULED_setall
00024e29                _USBSTK5515_ULED_on
00024e5e                _USBSTK5515_ULED_off
00024e91                _USBSTK5515_ULED_toggle
00024ed6                _fputs
00025025                _puts
00025051                _LEDFlasher
000251bc                _main
0002531c                _USBSTK5515_GPIO_init
00025320                _USBSTK5515_GPIO_setDirection
0002539d                _USBSTK5515_GPIO_setOutput
0002541a                _USBSTK5515_GPIO_getInput
00025472                __mpyd
000255bd                _USBSTK5515_I2C_init
000255dc                _USBSTK5515_I2C_close
000255e5                _USBSTK5515_I2C_reset
000255f3                _USBSTK5515_I2C_write
00025682                _USBSTK5515_I2C_read
000256fb                _AIC3204_rget
00025746                _AIC3204_rset
00025768                _aic3204_hardware_init
00025798                _aic3204_disable
000257b4                _aic3204_codec_read
000257fa                _aic3204_codec_write
00025836                _setvbuf
00025929                __wrt_ok
000259a6                __rd_ok
00025a03                _writemsg
00025abc                C$$IO$$
00025ac1                __doflush
00025b23                _fflush
00025b7b                _fputc
00025b7b                _putc
00025c0e                _putchar
00025c1d                __divul
00025cbd                _ltoa
00025d36                _sine
00025dad                _fclose
00025e23                __frcmpyd
00025e99                __frcmpyd_div
00025f0c                __remul
00025f7c                __fixdli
00025fea                _fir
00026055                _readmsg
000260c0                _fseek
00026128                __fltlid
0002618f                _atoi
000261e8                _memcpy
0002623e                _USBSTK5515_wait
00026272                _USBSTK5515_waitusec
00026284                _USBSTK5515_init
00026292                _printf
000262e0                _auto_init
0002632d                __remli
00026378                __args_main
000263c1                __divli
00026409                _exit
00026447                _c_int00
0002647b                __fixdi
000264a5                I$$UDIV
000264a5                __divu
000264ba                I$$UMOD
000264ba                __remu
000264cf                _memccpy
000264f1                _stereo_to_mono
0002650d                ___isinf
00026527                __subd
0002653b                I$$LMPY
0002653b                __mpyli
0002654e                __register_unlock
00026556                __register_lock
0002655e                __nop
00026560                __negd
00026570                _remove
0002657a                _abort
0002657b                C$$EXIT
            00020000    ___cinit__
            00020000    cinit
            000230c8    __CIOBUF_
0004fe00                _Reset
ffffffff                .bss
ffffffff                .data
ffffffff                .text
ffffffff                ___binit__
ffffffff                ___bss__
ffffffff                ___c_args__
ffffffff                ___data__
ffffffff                ___edata__
ffffffff                ___end__
ffffffff                ___etext__
ffffffff                ___pinit__
ffffffff                ___text__
ffffffff                binit
ffffffff                edata
ffffffff                end
ffffffff                etext
ffffffff                pinit

[227 symbols]
