<?xml version="1.0"?>
<link_info>
   <banner>TMS320C55x Linker PC v4.4.1</banner>
   <copyright>Copyright (c) 1996-2012 Texas Instruments Incorporated</copyright>
   <link_time>0x67b4bcbd</link_time>
   <output_file>Lab4.out</output_file>
   <entry_point>
      <name>_c_int00</name>
      <address>0x26447</address>
   </entry_point>
   <input_file_list>
      <input_file id="fl-2">
         <path>.\</path>
         <kind>object</kind>
         <file>LEDFlasher.obj</file>
         <name>LEDFlasher.obj</name>
      </input_file>
      <input_file id="fl-3">
         <path>.\</path>
         <kind>object</kind>
         <file>PLL.obj</file>
         <name>PLL.obj</name>
      </input_file>
      <input_file id="fl-4">
         <path>.\</path>
         <kind>object</kind>
         <file>aic3204.obj</file>
         <name>aic3204.obj</name>
      </input_file>
      <input_file id="fl-5">
         <path>.\</path>
         <kind>object</kind>
         <file>aic3204_init.obj</file>
         <name>aic3204_init.obj</name>
      </input_file>
      <input_file id="fl-6">
         <path>.\</path>
         <kind>object</kind>
         <file>bargraph5515.obj</file>
         <name>bargraph5515.obj</name>
      </input_file>
      <input_file id="fl-7">
         <path>.\</path>
         <kind>object</kind>
         <file>main.obj</file>
         <name>main.obj</name>
      </input_file>
      <input_file id="fl-8">
         <path>.\</path>
         <kind>object</kind>
         <file>oled5515.obj</file>
         <name>oled5515.obj</name>
      </input_file>
      <input_file id="fl-9">
         <path>.\</path>
         <kind>object</kind>
         <file>pushbuttons5515.obj</file>
         <name>pushbuttons5515.obj</name>
      </input_file>
      <input_file id="fl-a">
         <path>.\</path>
         <kind>object</kind>
         <file>sinewaves.obj</file>
         <name>sinewaves.obj</name>
      </input_file>
      <input_file id="fl-b">
         <path>.\</path>
         <kind>object</kind>
         <file>stereo.obj</file>
         <name>stereo.obj</name>
      </input_file>
      <input_file id="fl-c">
         <path>.\</path>
         <kind>object</kind>
         <file>usbstk5515.obj</file>
         <name>usbstk5515.obj</name>
      </input_file>
      <input_file id="fl-d">
         <path>.\</path>
         <kind>object</kind>
         <file>usbstk5515_gpio.obj</file>
         <name>usbstk5515_gpio.obj</name>
      </input_file>
      <input_file id="fl-e">
         <path>.\</path>
         <kind>object</kind>
         <file>usbstk5515_i2c.obj</file>
         <name>usbstk5515_i2c.obj</name>
      </input_file>
      <input_file id="fl-f">
         <path>.\</path>
         <kind>object</kind>
         <file>usbstk5515_led.obj</file>
         <name>usbstk5515_led.obj</name>
      </input_file>
      <input_file id="fl-16">
         <path>..\</path>
         <kind>archive</kind>
         <file>55xdsph.lib</file>
         <name>fir.obj</name>
      </input_file>
      <input_file id="fl-17">
         <path>..\</path>
         <kind>archive</kind>
         <file>55xdsph.lib</file>
         <name>sine.obj</name>
      </input_file>
      <input_file id="fl-18">
         <path>..\</path>
         <kind>archive</kind>
         <file>CSLc55x5h.lib</file>
         <name>csl_pll.obj</name>
      </input_file>
      <input_file id="fl-19">
         <path>..\</path>
         <kind>archive</kind>
         <file>rts55h.lib</file>
         <name>boot.obj</name>
      </input_file>
      <input_file id="fl-1a">
         <path>..\</path>
         <kind>archive</kind>
         <file>rts55h.lib</file>
         <name>exit.obj</name>
      </input_file>
      <input_file id="fl-1b">
         <path>..\</path>
         <kind>archive</kind>
         <file>rts55h.lib</file>
         <name>printf.obj</name>
      </input_file>
      <input_file id="fl-1c">
         <path>..\</path>
         <kind>archive</kind>
         <file>rts55h.lib</file>
         <name>udiv.obj</name>
      </input_file>
      <input_file id="fl-1d">
         <path>..\</path>
         <kind>archive</kind>
         <file>rts55h.lib</file>
         <name>vectors.obj</name>
      </input_file>
      <input_file id="fl-1e">
         <path>..\</path>
         <kind>archive</kind>
         <file>rts55h.lib</file>
         <name>_lock.obj</name>
      </input_file>
      <input_file id="fl-1f">
         <path>..\</path>
         <kind>archive</kind>
         <file>rts55h.lib</file>
         <name>_printfi.obj</name>
      </input_file>
      <input_file id="fl-20">
         <path>..\</path>
         <kind>archive</kind>
         <file>rts55h.lib</file>
         <name>args_main.obj</name>
      </input_file>
      <input_file id="fl-21">
         <path>..\</path>
         <kind>archive</kind>
         <file>rts55h.lib</file>
         <name>atoi.obj</name>
      </input_file>
      <input_file id="fl-22">
         <path>..\</path>
         <kind>archive</kind>
         <file>rts55h.lib</file>
         <name>autoinit.obj</name>
      </input_file>
      <input_file id="fl-23">
         <path>..\</path>
         <kind>archive</kind>
         <file>rts55h.lib</file>
         <name>cmpd.obj</name>
      </input_file>
      <input_file id="fl-24">
         <path>..\</path>
         <kind>archive</kind>
         <file>rts55h.lib</file>
         <name>ctype.obj</name>
      </input_file>
      <input_file id="fl-25">
         <path>..\</path>
         <kind>archive</kind>
         <file>rts55h.lib</file>
         <name>defs.obj</name>
      </input_file>
      <input_file id="fl-26">
         <path>..\</path>
         <kind>archive</kind>
         <file>rts55h.lib</file>
         <name>divd.obj</name>
      </input_file>
      <input_file id="fl-27">
         <path>..\</path>
         <kind>archive</kind>
         <file>rts55h.lib</file>
         <name>divul.obj</name>
      </input_file>
      <input_file id="fl-28">
         <path>..\</path>
         <kind>archive</kind>
         <file>rts55h.lib</file>
         <name>fixdi.obj</name>
      </input_file>
      <input_file id="fl-29">
         <path>..\</path>
         <kind>archive</kind>
         <file>rts55h.lib</file>
         <name>fixdli.obj</name>
      </input_file>
      <input_file id="fl-2a">
         <path>..\</path>
         <kind>archive</kind>
         <file>rts55h.lib</file>
         <name>fltlid.obj</name>
      </input_file>
      <input_file id="fl-2b">
         <path>..\</path>
         <kind>archive</kind>
         <file>rts55h.lib</file>
         <name>fputc.obj</name>
      </input_file>
      <input_file id="fl-2c">
         <path>..\</path>
         <kind>archive</kind>
         <file>rts55h.lib</file>
         <name>fputs.obj</name>
      </input_file>
      <input_file id="fl-2d">
         <path>..\</path>
         <kind>archive</kind>
         <file>rts55h.lib</file>
         <name>frcmpyd_div.obj</name>
      </input_file>
      <input_file id="fl-2e">
         <path>..\</path>
         <kind>archive</kind>
         <file>rts55h.lib</file>
         <name>isinf.obj</name>
      </input_file>
      <input_file id="fl-2f">
         <path>..\</path>
         <kind>archive</kind>
         <file>rts55h.lib</file>
         <name>llmpy.obj</name>
      </input_file>
      <input_file id="fl-30">
         <path>..\</path>
         <kind>archive</kind>
         <file>rts55h.lib</file>
         <name>lmpy.obj</name>
      </input_file>
      <input_file id="fl-31">
         <path>..\</path>
         <kind>archive</kind>
         <file>rts55h.lib</file>
         <name>lowlev.obj</name>
      </input_file>
      <input_file id="fl-32">
         <path>..\</path>
         <kind>archive</kind>
         <file>rts55h.lib</file>
         <name>ltoa.obj</name>
      </input_file>
      <input_file id="fl-33">
         <path>..\</path>
         <kind>archive</kind>
         <file>rts55h.lib</file>
         <name>memccpy.obj</name>
      </input_file>
      <input_file id="fl-34">
         <path>..\</path>
         <kind>archive</kind>
         <file>rts55h.lib</file>
         <name>memcpy.obj</name>
      </input_file>
      <input_file id="fl-35">
         <path>..\</path>
         <kind>archive</kind>
         <file>rts55h.lib</file>
         <name>mpyd.obj</name>
      </input_file>
      <input_file id="fl-36">
         <path>..\</path>
         <kind>archive</kind>
         <file>rts55h.lib</file>
         <name>negd.obj</name>
      </input_file>
      <input_file id="fl-37">
         <path>..\</path>
         <kind>archive</kind>
         <file>rts55h.lib</file>
         <name>remli.obj</name>
      </input_file>
      <input_file id="fl-38">
         <path>..\</path>
         <kind>archive</kind>
         <file>rts55h.lib</file>
         <name>remul.obj</name>
      </input_file>
      <input_file id="fl-39">
         <path>..\</path>
         <kind>archive</kind>
         <file>rts55h.lib</file>
         <name>subd.obj</name>
      </input_file>
      <input_file id="fl-3a">
         <path>..\</path>
         <kind>archive</kind>
         <file>rts55h.lib</file>
         <name>trgdrv.obj</name>
      </input_file>
      <input_file id="fl-3b">
         <path>..\</path>
         <kind>archive</kind>
         <file>rts55h.lib</file>
         <name>trgmsg.obj</name>
      </input_file>
      <input_file id="fl-3c">
         <path>..\</path>
         <kind>archive</kind>
         <file>rts55h.lib</file>
         <name>_io_perm.obj</name>
      </input_file>
      <input_file id="fl-3d">
         <path>..\</path>
         <kind>archive</kind>
         <file>rts55h.lib</file>
         <name>addd.obj</name>
      </input_file>
      <input_file id="fl-3e">
         <path>..\</path>
         <kind>archive</kind>
         <file>rts55h.lib</file>
         <name>divli.obj</name>
      </input_file>
      <input_file id="fl-3f">
         <path>..\</path>
         <kind>archive</kind>
         <file>rts55h.lib</file>
         <name>fflush.obj</name>
      </input_file>
      <input_file id="fl-40">
         <path>..\</path>
         <kind>archive</kind>
         <file>rts55h.lib</file>
         <name>frcmpyd.obj</name>
      </input_file>
      <input_file id="fl-41">
         <path>..\</path>
         <kind>archive</kind>
         <file>rts55h.lib</file>
         <name>fseek.obj</name>
      </input_file>
      <input_file id="fl-42">
         <path>..\</path>
         <kind>archive</kind>
         <file>rts55h.lib</file>
         <name>setvbuf.obj</name>
      </input_file>
      <input_file id="fl-43">
         <path>..\</path>
         <kind>archive</kind>
         <file>rts55h.lib</file>
         <name>fopen.obj</name>
      </input_file>
      <input_file id="fl-44">
         <path>..\</path>
         <kind>archive</kind>
         <file>rts55h.lib</file>
         <name>memory.obj</name>
      </input_file>
      <input_file id="fl-45">
         <path>..\</path>
         <kind>archive</kind>
         <file>rts55h.lib</file>
         <name>fclose.obj</name>
      </input_file>
      <input_file id="fl-46">
         <path>..\</path>
         <kind>archive</kind>
         <file>rts55h.lib</file>
         <name>remove.obj</name>
      </input_file>
   </input_file_list>
   <object_component_list>
      <object_component id="oc-95">
         <name>.text</name>
         <load_address>0x20000</load_address>
         <run_address>0x20000</run_address>
         <size>0x1533</size>
         <input_file_ref idref="fl-1f"/>
      </object_component>
      <object_component id="oc-3a">
         <name>.text</name>
         <load_address>0x21533</load_address>
         <run_address>0x21533</run_address>
         <size>0x8f8</size>
         <input_file_ref idref="fl-8"/>
      </object_component>
      <object_component id="oc-105">
         <name>.text</name>
         <load_address>0x21e2b</load_address>
         <run_address>0x21e2b</run_address>
         <size>0x538</size>
         <input_file_ref idref="fl-3a"/>
      </object_component>
      <object_component id="oc-132">
         <name>.text</name>
         <load_address>0x22363</load_address>
         <run_address>0x22363</run_address>
         <size>0x533</size>
         <input_file_ref idref="fl-44"/>
      </object_component>
      <object_component id="oc-27">
         <name>.text</name>
         <load_address>0x22896</load_address>
         <run_address>0x22896</run_address>
         <size>0x52e</size>
         <input_file_ref idref="fl-5"/>
      </object_component>
      <object_component id="oc-df">
         <name>.text</name>
         <load_address>0x22dc4</load_address>
         <run_address>0x22dc4</run_address>
         <size>0x518</size>
         <input_file_ref idref="fl-31"/>
      </object_component>
      <object_component id="oc-b1">
         <name>.text</name>
         <load_address>0x232dc</load_address>
         <run_address>0x232dc</run_address>
         <size>0x3c7</size>
         <input_file_ref idref="fl-26"/>
      </object_component>
      <object_component id="oc-19">
         <name>.text</name>
         <load_address>0x236a3</load_address>
         <run_address>0x236a3</run_address>
         <size>0x340</size>
         <input_file_ref idref="fl-3"/>
      </object_component>
      <object_component id="oc-41">
         <name>.text</name>
         <load_address>0x239e3</load_address>
         <run_address>0x239e3</run_address>
         <size>0x2b6</size>
         <input_file_ref idref="fl-9"/>
      </object_component>
      <object_component id="oc-73">
         <name>.text</name>
         <load_address>0x23c99</load_address>
         <run_address>0x23c99</run_address>
         <size>0x2ad</size>
         <input_file_ref idref="fl-18"/>
      </object_component>
      <object_component id="oc-12c">
         <name>.text</name>
         <load_address>0x23f46</load_address>
         <run_address>0x23f46</run_address>
         <size>0x26c</size>
         <input_file_ref idref="fl-43"/>
      </object_component>
      <object_component id="oc-48">
         <name>.text</name>
         <load_address>0x241b2</load_address>
         <run_address>0x241b2</run_address>
         <size>0x262</size>
         <input_file_ref idref="fl-a"/>
      </object_component>
      <object_component id="oc-2d">
         <name>.text</name>
         <load_address>0x24414</load_address>
         <run_address>0x24414</run_address>
         <size>0x25c</size>
         <input_file_ref idref="fl-6"/>
      </object_component>
      <object_component id="oc-d7">
         <name>.text</name>
         <load_address>0x24670</load_address>
         <run_address>0x24670</run_address>
         <size>0x25c</size>
         <input_file_ref idref="fl-2f"/>
      </object_component>
      <object_component id="oc-114">
         <name>.text</name>
         <load_address>0x248cc</load_address>
         <run_address>0x248cc</run_address>
         <size>0x257</size>
         <input_file_ref idref="fl-3d"/>
      </object_component>
      <object_component id="oc-a7">
         <name>.text</name>
         <load_address>0x24b23</load_address>
         <run_address>0x24b23</run_address>
         <size>0x1ea</size>
         <input_file_ref idref="fl-23"/>
      </object_component>
      <object_component id="oc-65">
         <name>.text</name>
         <load_address>0x24d0d</load_address>
         <run_address>0x24d0d</run_address>
         <size>0x1c9</size>
         <input_file_ref idref="fl-f"/>
      </object_component>
      <object_component id="oc-ca">
         <name>.text</name>
         <load_address>0x24ed6</load_address>
         <run_address>0x24ed6</run_address>
         <size>0x17b</size>
         <input_file_ref idref="fl-2c"/>
      </object_component>
      <object_component id="oc-12">
         <name>.text</name>
         <load_address>0x25051</load_address>
         <run_address>0x25051</run_address>
         <size>0x16b</size>
         <input_file_ref idref="fl-2"/>
      </object_component>
      <object_component id="oc-32">
         <name>.text</name>
         <load_address>0x251bc</load_address>
         <run_address>0x251bc</run_address>
         <size>0x160</size>
         <input_file_ref idref="fl-7"/>
      </object_component>
      <object_component id="oc-59">
         <name>.text</name>
         <load_address>0x2531c</load_address>
         <run_address>0x2531c</run_address>
         <size>0x156</size>
         <input_file_ref idref="fl-d"/>
      </object_component>
      <object_component id="oc-f1">
         <name>.text</name>
         <load_address>0x25472</load_address>
         <run_address>0x25472</run_address>
         <size>0x14b</size>
         <input_file_ref idref="fl-35"/>
      </object_component>
      <object_component id="oc-5e">
         <name>.text</name>
         <load_address>0x255bd</load_address>
         <run_address>0x255bd</run_address>
         <size>0x13e</size>
         <input_file_ref idref="fl-e"/>
      </object_component>
      <object_component id="oc-21">
         <name>.text</name>
         <load_address>0x256fb</load_address>
         <run_address>0x256fb</run_address>
         <size>0x13b</size>
         <input_file_ref idref="fl-4"/>
      </object_component>
      <object_component id="oc-128">
         <name>.text</name>
         <load_address>0x25836</load_address>
         <run_address>0x25836</run_address>
         <size>0xf3</size>
         <input_file_ref idref="fl-42"/>
      </object_component>
      <object_component id="oc-110">
         <name>.text</name>
         <load_address>0x25929</load_address>
         <run_address>0x25929</run_address>
         <size>0xda</size>
         <input_file_ref idref="fl-3c"/>
      </object_component>
      <object_component id="oc-10d">
         <name>.text:CIO_breakpoint</name>
         <load_address>0x25a03</load_address>
         <run_address>0x25a03</run_address>
         <size>0xbe</size>
         <input_file_ref idref="fl-3b"/>
      </object_component>
      <object_component id="oc-11c">
         <name>.text</name>
         <load_address>0x25ac1</load_address>
         <run_address>0x25ac1</run_address>
         <size>0xba</size>
         <input_file_ref idref="fl-3f"/>
      </object_component>
      <object_component id="oc-c6">
         <name>.text</name>
         <load_address>0x25b7b</load_address>
         <run_address>0x25b7b</run_address>
         <size>0xa2</size>
         <input_file_ref idref="fl-2b"/>
      </object_component>
      <object_component id="oc-b5">
         <name>.text</name>
         <load_address>0x25c1d</load_address>
         <run_address>0x25c1d</run_address>
         <size>0xa0</size>
         <input_file_ref idref="fl-27"/>
      </object_component>
      <object_component id="oc-e5">
         <name>.text</name>
         <load_address>0x25cbd</load_address>
         <run_address>0x25cbd</run_address>
         <size>0x79</size>
         <input_file_ref idref="fl-32"/>
      </object_component>
      <object_component id="oc-6e">
         <name>.text</name>
         <load_address>0x25d36</load_address>
         <run_address>0x25d36</run_address>
         <size>0x77</size>
         <input_file_ref idref="fl-17"/>
      </object_component>
      <object_component id="oc-139">
         <name>.text</name>
         <load_address>0x25dad</load_address>
         <run_address>0x25dad</run_address>
         <size>0x76</size>
         <input_file_ref idref="fl-45"/>
      </object_component>
      <object_component id="oc-120">
         <name>.text</name>
         <load_address>0x25e23</load_address>
         <run_address>0x25e23</run_address>
         <size>0x76</size>
         <input_file_ref idref="fl-40"/>
      </object_component>
      <object_component id="oc-cf">
         <name>.text</name>
         <load_address>0x25e99</load_address>
         <run_address>0x25e99</run_address>
         <size>0x73</size>
         <input_file_ref idref="fl-2d"/>
      </object_component>
      <object_component id="oc-fd">
         <name>.text</name>
         <load_address>0x25f0c</load_address>
         <run_address>0x25f0c</run_address>
         <size>0x70</size>
         <input_file_ref idref="fl-38"/>
      </object_component>
      <object_component id="oc-bd">
         <name>.text</name>
         <load_address>0x25f7c</load_address>
         <run_address>0x25f7c</run_address>
         <size>0x6e</size>
         <input_file_ref idref="fl-29"/>
      </object_component>
      <object_component id="oc-6a">
         <name>.text</name>
         <load_address>0x25fea</load_address>
         <run_address>0x25fea</run_address>
         <size>0x6b</size>
         <input_file_ref idref="fl-16"/>
      </object_component>
      <object_component id="oc-10a">
         <name>.text</name>
         <load_address>0x26055</load_address>
         <run_address>0x26055</run_address>
         <size>0x6b</size>
         <input_file_ref idref="fl-3b"/>
      </object_component>
      <object_component id="oc-124">
         <name>.text</name>
         <load_address>0x260c0</load_address>
         <run_address>0x260c0</run_address>
         <size>0x68</size>
         <input_file_ref idref="fl-41"/>
      </object_component>
      <object_component id="oc-c1">
         <name>.text</name>
         <load_address>0x26128</load_address>
         <run_address>0x26128</run_address>
         <size>0x67</size>
         <input_file_ref idref="fl-2a"/>
      </object_component>
      <object_component id="oc-9f">
         <name>.text</name>
         <load_address>0x2618f</load_address>
         <run_address>0x2618f</run_address>
         <size>0x59</size>
         <input_file_ref idref="fl-21"/>
      </object_component>
      <object_component id="oc-ed">
         <name>.text</name>
         <load_address>0x261e8</load_address>
         <run_address>0x261e8</run_address>
         <size>0x56</size>
         <input_file_ref idref="fl-34"/>
      </object_component>
      <object_component id="oc-54">
         <name>.text</name>
         <load_address>0x2623e</load_address>
         <run_address>0x2623e</run_address>
         <size>0x54</size>
         <input_file_ref idref="fl-c"/>
      </object_component>
      <object_component id="oc-83">
         <name>.text</name>
         <load_address>0x26292</load_address>
         <run_address>0x26292</run_address>
         <size>0x4e</size>
         <input_file_ref idref="fl-1b"/>
      </object_component>
      <object_component id="oc-a3">
         <name>.text</name>
         <load_address>0x262e0</load_address>
         <run_address>0x262e0</run_address>
         <size>0x4d</size>
         <input_file_ref idref="fl-22"/>
      </object_component>
      <object_component id="oc-f9">
         <name>.text</name>
         <load_address>0x2632d</load_address>
         <run_address>0x2632d</run_address>
         <size>0x4b</size>
         <input_file_ref idref="fl-37"/>
      </object_component>
      <object_component id="oc-9b">
         <name>.text</name>
         <load_address>0x26378</load_address>
         <run_address>0x26378</run_address>
         <size>0x49</size>
         <input_file_ref idref="fl-20"/>
      </object_component>
      <object_component id="oc-118">
         <name>.text</name>
         <load_address>0x263c1</load_address>
         <run_address>0x263c1</run_address>
         <size>0x48</size>
         <input_file_ref idref="fl-3e"/>
      </object_component>
      <object_component id="oc-7c">
         <name>.text</name>
         <load_address>0x26409</load_address>
         <run_address>0x26409</run_address>
         <size>0x3e</size>
         <input_file_ref idref="fl-1a"/>
      </object_component>
      <object_component id="oc-10">
         <name>.text</name>
         <load_address>0x26447</load_address>
         <run_address>0x26447</run_address>
         <size>0x34</size>
         <input_file_ref idref="fl-19"/>
      </object_component>
      <object_component id="oc-b9">
         <name>.text</name>
         <load_address>0x2647b</load_address>
         <run_address>0x2647b</run_address>
         <size>0x2a</size>
         <input_file_ref idref="fl-28"/>
      </object_component>
      <object_component id="oc-87">
         <name>.text</name>
         <load_address>0x264a5</load_address>
         <run_address>0x264a5</run_address>
         <size>0x2a</size>
         <input_file_ref idref="fl-1c"/>
      </object_component>
      <object_component id="oc-e9">
         <name>.text</name>
         <load_address>0x264cf</load_address>
         <run_address>0x264cf</run_address>
         <size>0x22</size>
         <input_file_ref idref="fl-33"/>
      </object_component>
      <object_component id="oc-4f">
         <name>.text</name>
         <load_address>0x264f1</load_address>
         <run_address>0x264f1</run_address>
         <size>0x1c</size>
         <input_file_ref idref="fl-b"/>
      </object_component>
      <object_component id="oc-d3">
         <name>.text</name>
         <load_address>0x2650d</load_address>
         <run_address>0x2650d</run_address>
         <size>0x1a</size>
         <input_file_ref idref="fl-2e"/>
      </object_component>
      <object_component id="oc-101">
         <name>.text</name>
         <load_address>0x26527</load_address>
         <run_address>0x26527</run_address>
         <size>0x14</size>
         <input_file_ref idref="fl-39"/>
      </object_component>
      <object_component id="oc-db">
         <name>.text</name>
         <load_address>0x2653b</load_address>
         <run_address>0x2653b</run_address>
         <size>0x13</size>
         <input_file_ref idref="fl-30"/>
      </object_component>
      <object_component id="oc-8f">
         <name>.text</name>
         <load_address>0x2654e</load_address>
         <run_address>0x2654e</run_address>
         <size>0x12</size>
         <input_file_ref idref="fl-1e"/>
      </object_component>
      <object_component id="oc-f5">
         <name>.text</name>
         <load_address>0x26560</load_address>
         <run_address>0x26560</run_address>
         <size>0x10</size>
         <input_file_ref idref="fl-36"/>
      </object_component>
      <object_component id="oc-13d">
         <name>.text</name>
         <load_address>0x26570</load_address>
         <run_address>0x26570</run_address>
         <size>0xa</size>
         <input_file_ref idref="fl-46"/>
      </object_component>
      <object_component id="oc-80">
         <name>.text:CIO_breakpoint</name>
         <load_address>0x2657a</load_address>
         <run_address>0x2657a</run_address>
         <size>0x7</size>
         <input_file_ref idref="fl-1a"/>
      </object_component>
      <object_component id="oc-8b">
         <name>.text</name>
         <load_address>0x26581</load_address>
         <run_address>0x26581</run_address>
         <size>0x2</size>
         <input_file_ref idref="fl-1d"/>
      </object_component>
      <object_component id="oc-78">
         <name>.stack</name>
         <uninitialized>true</uninitialized>
         <run_address>0xc0</run_address>
         <size>0x0</size>
         <input_file_ref idref="fl-19"/>
      </object_component>
      <object_component id="oc-15b">
         <name>.stack</name>
         <uninitialized>true</uninitialized>
         <run_address>0xc0</run_address>
         <size>0x0</size>
      </object_component>
      <object_component id="oc-141">
         <name>.sysstack</name>
         <uninitialized>true</uninitialized>
         <run_address>0x20c0</run_address>
         <size>0x0</size>
         <input_file_ref idref="fl-19"/>
      </object_component>
      <object_component id="oc-15d">
         <name>.sysstack</name>
         <uninitialized>true</uninitialized>
         <run_address>0x20c0</run_address>
         <size>0x0</size>
      </object_component>
      <object_component id="oc-6f">
         <name>.data</name>
         <load_address>0xfd5c</load_address>
         <run_address>0xfd5c</run_address>
         <size>0xc</size>
         <input_file_ref idref="fl-17"/>
      </object_component>
      <object_component id="oc-33">
         <name>.bss</name>
         <uninitialized>true</uninitialized>
         <run_address>0x30c0</run_address>
         <size>0xbb9a</size>
         <input_file_ref idref="fl-7"/>
      </object_component>
      <object_component id="oc-12d">
         <name>.bss</name>
         <uninitialized>true</uninitialized>
         <run_address>0xec5a</run_address>
         <size>0x2</size>
         <input_file_ref idref="fl-43"/>
      </object_component>
      <object_component id="oc-ad">
         <name>.bss</name>
         <uninitialized>true</uninitialized>
         <run_address>0xec5c</run_address>
         <size>0x232</size>
         <input_file_ref idref="fl-25"/>
      </object_component>
      <object_component id="oc-106">
         <name>.bss</name>
         <uninitialized>true</uninitialized>
         <run_address>0xee8e</run_address>
         <size>0x1a0</size>
         <input_file_ref idref="fl-3a"/>
      </object_component>
      <object_component id="oc-3b">
         <name>.bss</name>
         <uninitialized>true</uninitialized>
         <run_address>0xf02e</run_address>
         <size>0x178</size>
         <input_file_ref idref="fl-8"/>
      </object_component>
      <object_component id="oc-5f">
         <name>.bss</name>
         <uninitialized>true</uninitialized>
         <run_address>0xf1a6</run_address>
         <size>0x2</size>
         <input_file_ref idref="fl-e"/>
      </object_component>
      <object_component id="oc-e0">
         <name>.bss</name>
         <uninitialized>true</uninitialized>
         <run_address>0xf1a8</run_address>
         <size>0xe2</size>
         <input_file_ref idref="fl-31"/>
      </object_component>
      <object_component id="oc-1a">
         <name>.bss</name>
         <uninitialized>true</uninitialized>
         <run_address>0xf28c</run_address>
         <size>0x6c</size>
         <input_file_ref idref="fl-3"/>
      </object_component>
      <object_component id="oc-42">
         <name>.bss</name>
         <uninitialized>true</uninitialized>
         <run_address>0xf2f8</run_address>
         <size>0x18</size>
         <input_file_ref idref="fl-9"/>
      </object_component>
      <object_component id="oc-13">
         <name>.bss</name>
         <uninitialized>true</uninitialized>
         <run_address>0xf310</run_address>
         <size>0x14</size>
         <input_file_ref idref="fl-2"/>
      </object_component>
      <object_component id="oc-133">
         <name>.bss</name>
         <uninitialized>true</uninitialized>
         <run_address>0xf324</run_address>
         <size>0xe</size>
         <input_file_ref idref="fl-44"/>
      </object_component>
      <object_component id="oc-90">
         <name>.bss</name>
         <uninitialized>true</uninitialized>
         <run_address>0xf334</run_address>
         <size>0x8</size>
         <input_file_ref idref="fl-1e"/>
      </object_component>
      <object_component id="oc-7d">
         <name>.bss</name>
         <uninitialized>true</uninitialized>
         <run_address>0xf33c</run_address>
         <size>0x8</size>
         <input_file_ref idref="fl-1a"/>
      </object_component>
      <object_component id="oc-22">
         <name>.bss</name>
         <uninitialized>true</uninitialized>
         <run_address>0xf344</run_address>
         <size>0x4</size>
         <input_file_ref idref="fl-4"/>
      </object_component>
      <object_component id="oc-49">
         <name>.bss</name>
         <uninitialized>true</uninitialized>
         <run_address>0xf348</run_address>
         <size>0x4</size>
         <input_file_ref idref="fl-a"/>
      </object_component>
      <object_component id="oc-1d">
         <name>.const:.string</name>
         <load_address>0xf34c</load_address>
         <run_address>0xf34c</run_address>
         <size>0x46c</size>
         <input_file_ref idref="fl-3"/>
      </object_component>
      <object_component id="oc-29">
         <name>.const:.string</name>
         <load_address>0xf7b8</load_address>
         <run_address>0xf7b8</run_address>
         <size>0x2e8</size>
         <input_file_ref idref="fl-5"/>
      </object_component>
      <object_component id="oc-142">
         <name>.const:__ctypes_</name>
         <load_address>0xfaa0</load_address>
         <run_address>0xfaa0</run_address>
         <size>0x202</size>
         <input_file_ref idref="fl-24"/>
      </object_component>
      <object_component id="oc-98">
         <name>.const:.string</name>
         <load_address>0xfca4</load_address>
         <run_address>0xfca4</run_address>
         <size>0x48</size>
         <input_file_ref idref="fl-1f"/>
      </object_component>
      <object_component id="oc-36">
         <name>.const:.string</name>
         <load_address>0xfcec</load_address>
         <run_address>0xfcec</run_address>
         <size>0x3e</size>
         <input_file_ref idref="fl-7"/>
      </object_component>
      <object_component id="oc-97">
         <name>.const</name>
         <load_address>0xfd2c</load_address>
         <run_address>0xfd2c</run_address>
         <size>0x18</size>
         <input_file_ref idref="fl-1f"/>
      </object_component>
      <object_component id="oc-143">
         <name>.const:_initial_approx$1</name>
         <load_address>0xfd44</load_address>
         <run_address>0xfd44</run_address>
         <size>0x10</size>
         <input_file_ref idref="fl-26"/>
      </object_component>
      <object_component id="oc-cc">
         <name>.const:.string</name>
         <load_address>0xfd54</load_address>
         <run_address>0xfd54</run_address>
         <size>0x4</size>
         <input_file_ref idref="fl-2c"/>
      </object_component>
      <object_component id="oc-c3">
         <name>.const</name>
         <load_address>0xfd58</load_address>
         <run_address>0xfd58</run_address>
         <size>0x4</size>
         <input_file_ref idref="fl-2a"/>
      </object_component>
      <object_component id="oc-136">
         <name>.sysmem</name>
         <uninitialized>true</uninitialized>
         <run_address>0x10000</run_address>
         <size>0x0</size>
         <input_file_ref idref="fl-44"/>
      </object_component>
      <object_component id="oc-15c">
         <name>.sysmem</name>
         <uninitialized>true</uninitialized>
         <run_address>0x10000</run_address>
         <size>0x0</size>
      </object_component>
      <object_component id="oc-35">
         <name>.cinit</name>
         <load_address>0x40000</load_address>
         <run_address>0x40000</run_address>
         <size>0x5df0</size>
         <input_file_ref idref="fl-7"/>
      </object_component>
      <object_component id="oc-3d">
         <name>.cinit</name>
         <load_address>0x45df0</load_address>
         <run_address>0x45df0</run_address>
         <size>0x184</size>
         <input_file_ref idref="fl-8"/>
      </object_component>
      <object_component id="oc-1c">
         <name>.cinit</name>
         <load_address>0x45f74</load_address>
         <run_address>0x45f74</run_address>
         <size>0x8c</size>
         <input_file_ref idref="fl-3"/>
      </object_component>
      <object_component id="oc-e2">
         <name>.cinit</name>
         <load_address>0x46000</load_address>
         <run_address>0x46000</run_address>
         <size>0x5a</size>
         <input_file_ref idref="fl-31"/>
      </object_component>
      <object_component id="oc-af">
         <name>.cinit</name>
         <load_address>0x4605a</load_address>
         <run_address>0x4605a</run_address>
         <size>0x54</size>
         <input_file_ref idref="fl-25"/>
      </object_component>
      <object_component id="oc-15">
         <name>.cinit</name>
         <load_address>0x460ae</load_address>
         <run_address>0x460ae</run_address>
         <size>0x48</size>
         <input_file_ref idref="fl-2"/>
      </object_component>
      <object_component id="oc-44">
         <name>.cinit</name>
         <load_address>0x460f6</load_address>
         <run_address>0x460f6</run_address>
         <size>0x48</size>
         <input_file_ref idref="fl-9"/>
      </object_component>
      <object_component id="oc-92">
         <name>.cinit</name>
         <load_address>0x4613e</load_address>
         <run_address>0x4613e</run_address>
         <size>0x14</size>
         <input_file_ref idref="fl-1e"/>
      </object_component>
      <object_component id="oc-7f">
         <name>.cinit</name>
         <load_address>0x46152</load_address>
         <run_address>0x46152</run_address>
         <size>0x14</size>
         <input_file_ref idref="fl-1a"/>
      </object_component>
      <object_component id="oc-4b">
         <name>.cinit</name>
         <load_address>0x46166</load_address>
         <run_address>0x46166</run_address>
         <size>0x10</size>
         <input_file_ref idref="fl-a"/>
      </object_component>
      <object_component id="oc-12f">
         <name>.cinit</name>
         <load_address>0x46176</load_address>
         <run_address>0x46176</run_address>
         <size>0x8</size>
         <input_file_ref idref="fl-43"/>
      </object_component>
      <object_component id="oc-135">
         <name>.cinit</name>
         <load_address>0x4617e</load_address>
         <run_address>0x4617e</run_address>
         <size>0x8</size>
         <input_file_ref idref="fl-44"/>
      </object_component>
      <object_component id="oc-61">
         <name>.cinit</name>
         <load_address>0x46186</load_address>
         <run_address>0x46186</run_address>
         <size>0x8</size>
         <input_file_ref idref="fl-e"/>
      </object_component>
      <object_component id="oc-10c">
         <name>.cio</name>
         <uninitialized>true</uninitialized>
         <run_address>0x46190</run_address>
         <size>0x240</size>
         <input_file_ref idref="fl-3b"/>
      </object_component>
      <object_component id="oc-11">
         <name>vectors</name>
         <load_address>0x4fe00</load_address>
         <run_address>0x4fe00</run_address>
         <size>0x100</size>
         <input_file_ref idref="fl-1d"/>
      </object_component>
      <object_component id="oc-14">
         <name>.debug_info</name>
         <load_address>0x0</load_address>
         <run_address>0x0</run_address>
         <size>0x66e</size>
         <input_file_ref idref="fl-2"/>
      </object_component>
      <object_component id="oc-1b">
         <name>.debug_info</name>
         <load_address>0x66e</load_address>
         <run_address>0x66e</run_address>
         <size>0x116f</size>
         <input_file_ref idref="fl-3"/>
      </object_component>
      <object_component id="oc-23">
         <name>.debug_info</name>
         <load_address>0x17dd</load_address>
         <run_address>0x17dd</run_address>
         <size>0xc6f</size>
         <input_file_ref idref="fl-4"/>
      </object_component>
      <object_component id="oc-28">
         <name>.debug_info</name>
         <load_address>0x244c</load_address>
         <run_address>0x244c</run_address>
         <size>0xe68</size>
         <input_file_ref idref="fl-5"/>
      </object_component>
      <object_component id="oc-2e">
         <name>.debug_info</name>
         <load_address>0x32b4</load_address>
         <run_address>0x32b4</run_address>
         <size>0xb7d</size>
         <input_file_ref idref="fl-6"/>
      </object_component>
      <object_component id="oc-34">
         <name>.debug_info</name>
         <load_address>0x3e31</load_address>
         <run_address>0x3e31</run_address>
         <size>0xbfb</size>
         <input_file_ref idref="fl-7"/>
      </object_component>
      <object_component id="oc-3c">
         <name>.debug_info</name>
         <load_address>0x4a2c</load_address>
         <run_address>0x4a2c</run_address>
         <size>0x1ba4</size>
         <input_file_ref idref="fl-8"/>
      </object_component>
      <object_component id="oc-43">
         <name>.debug_info</name>
         <load_address>0x65d0</load_address>
         <run_address>0x65d0</run_address>
         <size>0x6f9</size>
         <input_file_ref idref="fl-9"/>
      </object_component>
      <object_component id="oc-4a">
         <name>.debug_info</name>
         <load_address>0x6cc9</load_address>
         <run_address>0x6cc9</run_address>
         <size>0x775</size>
         <input_file_ref idref="fl-a"/>
      </object_component>
      <object_component id="oc-50">
         <name>.debug_info</name>
         <load_address>0x743e</load_address>
         <run_address>0x743e</run_address>
         <size>0x561</size>
         <input_file_ref idref="fl-b"/>
      </object_component>
      <object_component id="oc-55">
         <name>.debug_info</name>
         <load_address>0x799f</load_address>
         <run_address>0x799f</run_address>
         <size>0x660</size>
         <input_file_ref idref="fl-c"/>
      </object_component>
      <object_component id="oc-5a">
         <name>.debug_info</name>
         <load_address>0x7fff</load_address>
         <run_address>0x7fff</run_address>
         <size>0x7f1</size>
         <input_file_ref idref="fl-d"/>
      </object_component>
      <object_component id="oc-60">
         <name>.debug_info</name>
         <load_address>0x87f0</load_address>
         <run_address>0x87f0</run_address>
         <size>0xb73</size>
         <input_file_ref idref="fl-e"/>
      </object_component>
      <object_component id="oc-66">
         <name>.debug_info</name>
         <load_address>0x9363</load_address>
         <run_address>0x9363</run_address>
         <size>0xe6e</size>
         <input_file_ref idref="fl-f"/>
      </object_component>
      <object_component id="oc-6b">
         <name>.debug_info</name>
         <load_address>0xa1d1</load_address>
         <run_address>0xa1d1</run_address>
         <size>0xe3</size>
         <input_file_ref idref="fl-16"/>
      </object_component>
      <object_component id="oc-70">
         <name>.debug_info</name>
         <load_address>0xa2b4</load_address>
         <run_address>0xa2b4</run_address>
         <size>0xe5</size>
         <input_file_ref idref="fl-17"/>
      </object_component>
      <object_component id="oc-74">
         <name>.debug_info</name>
         <load_address>0xa399</load_address>
         <run_address>0xa399</run_address>
         <size>0x5ff3</size>
         <input_file_ref idref="fl-18"/>
      </object_component>
      <object_component id="oc-79">
         <name>.debug_info</name>
         <load_address>0x1038c</load_address>
         <run_address>0x1038c</run_address>
         <size>0xe8</size>
         <input_file_ref idref="fl-19"/>
      </object_component>
      <object_component id="oc-7e">
         <name>.debug_info</name>
         <load_address>0x10474</load_address>
         <run_address>0x10474</run_address>
         <size>0x5fb</size>
         <input_file_ref idref="fl-1a"/>
      </object_component>
      <object_component id="oc-84">
         <name>.debug_info</name>
         <load_address>0x10a6f</load_address>
         <run_address>0x10a6f</run_address>
         <size>0x76c</size>
         <input_file_ref idref="fl-1b"/>
      </object_component>
      <object_component id="oc-88">
         <name>.debug_info</name>
         <load_address>0x111db</load_address>
         <run_address>0x111db</run_address>
         <size>0xef</size>
         <input_file_ref idref="fl-1c"/>
      </object_component>
      <object_component id="oc-8c">
         <name>.debug_info</name>
         <load_address>0x112ca</load_address>
         <run_address>0x112ca</run_address>
         <size>0xbc</size>
         <input_file_ref idref="fl-1d"/>
      </object_component>
      <object_component id="oc-91">
         <name>.debug_info</name>
         <load_address>0x11386</load_address>
         <run_address>0x11386</run_address>
         <size>0x5bc</size>
         <input_file_ref idref="fl-1e"/>
      </object_component>
      <object_component id="oc-96">
         <name>.debug_info</name>
         <load_address>0x11942</load_address>
         <run_address>0x11942</run_address>
         <size>0x27bd</size>
         <input_file_ref idref="fl-1f"/>
      </object_component>
      <object_component id="oc-9c">
         <name>.debug_info</name>
         <load_address>0x140ff</load_address>
         <run_address>0x140ff</run_address>
         <size>0x586</size>
         <input_file_ref idref="fl-20"/>
      </object_component>
      <object_component id="oc-a0">
         <name>.debug_info</name>
         <load_address>0x14685</load_address>
         <run_address>0x14685</run_address>
         <size>0x5a4</size>
         <input_file_ref idref="fl-21"/>
      </object_component>
      <object_component id="oc-a4">
         <name>.debug_info</name>
         <load_address>0x14c29</load_address>
         <run_address>0x14c29</run_address>
         <size>0xcd</size>
         <input_file_ref idref="fl-22"/>
      </object_component>
      <object_component id="oc-a8">
         <name>.debug_info</name>
         <load_address>0x14cf6</load_address>
         <run_address>0x14cf6</run_address>
         <size>0x81f</size>
         <input_file_ref idref="fl-23"/>
      </object_component>
      <object_component id="oc-ab">
         <name>.debug_info</name>
         <load_address>0x15515</load_address>
         <run_address>0x15515</run_address>
         <size>0x498</size>
         <input_file_ref idref="fl-24"/>
      </object_component>
      <object_component id="oc-ae">
         <name>.debug_info</name>
         <load_address>0x159ad</load_address>
         <run_address>0x159ad</run_address>
         <size>0x57e</size>
         <input_file_ref idref="fl-25"/>
      </object_component>
      <object_component id="oc-b2">
         <name>.debug_info</name>
         <load_address>0x15f2b</load_address>
         <run_address>0x15f2b</run_address>
         <size>0x7e8</size>
         <input_file_ref idref="fl-26"/>
      </object_component>
      <object_component id="oc-b6">
         <name>.debug_info</name>
         <load_address>0x16713</load_address>
         <run_address>0x16713</run_address>
         <size>0x534</size>
         <input_file_ref idref="fl-27"/>
      </object_component>
      <object_component id="oc-ba">
         <name>.debug_info</name>
         <load_address>0x16c47</load_address>
         <run_address>0x16c47</run_address>
         <size>0x4cf</size>
         <input_file_ref idref="fl-28"/>
      </object_component>
      <object_component id="oc-be">
         <name>.debug_info</name>
         <load_address>0x17116</load_address>
         <run_address>0x17116</run_address>
         <size>0x534</size>
         <input_file_ref idref="fl-29"/>
      </object_component>
      <object_component id="oc-c2">
         <name>.debug_info</name>
         <load_address>0x1764a</load_address>
         <run_address>0x1764a</run_address>
         <size>0x549</size>
         <input_file_ref idref="fl-2a"/>
      </object_component>
      <object_component id="oc-c7">
         <name>.debug_info</name>
         <load_address>0x17b93</load_address>
         <run_address>0x17b93</run_address>
         <size>0x6aa</size>
         <input_file_ref idref="fl-2b"/>
      </object_component>
      <object_component id="oc-cb">
         <name>.debug_info</name>
         <load_address>0x1823d</load_address>
         <run_address>0x1823d</run_address>
         <size>0x942</size>
         <input_file_ref idref="fl-2c"/>
      </object_component>
      <object_component id="oc-d0">
         <name>.debug_info</name>
         <load_address>0x18b7f</load_address>
         <run_address>0x18b7f</run_address>
         <size>0x53e</size>
         <input_file_ref idref="fl-2d"/>
      </object_component>
      <object_component id="oc-d4">
         <name>.debug_info</name>
         <load_address>0x190bd</load_address>
         <run_address>0x190bd</run_address>
         <size>0x680</size>
         <input_file_ref idref="fl-2e"/>
      </object_component>
      <object_component id="oc-d8">
         <name>.debug_info</name>
         <load_address>0x1973d</load_address>
         <run_address>0x1973d</run_address>
         <size>0x7d4</size>
         <input_file_ref idref="fl-2f"/>
      </object_component>
      <object_component id="oc-dc">
         <name>.debug_info</name>
         <load_address>0x19f11</load_address>
         <run_address>0x19f11</run_address>
         <size>0xbd</size>
         <input_file_ref idref="fl-30"/>
      </object_component>
      <object_component id="oc-e1">
         <name>.debug_info</name>
         <load_address>0x19fce</load_address>
         <run_address>0x19fce</run_address>
         <size>0x144b</size>
         <input_file_ref idref="fl-31"/>
      </object_component>
      <object_component id="oc-e6">
         <name>.debug_info</name>
         <load_address>0x1b419</load_address>
         <run_address>0x1b419</run_address>
         <size>0x5ad</size>
         <input_file_ref idref="fl-32"/>
      </object_component>
      <object_component id="oc-ea">
         <name>.debug_info</name>
         <load_address>0x1b9c6</load_address>
         <run_address>0x1b9c6</run_address>
         <size>0x574</size>
         <input_file_ref idref="fl-33"/>
      </object_component>
      <object_component id="oc-ee">
         <name>.debug_info</name>
         <load_address>0x1bf3a</load_address>
         <run_address>0x1bf3a</run_address>
         <size>0xd1</size>
         <input_file_ref idref="fl-34"/>
      </object_component>
      <object_component id="oc-f2">
         <name>.debug_info</name>
         <load_address>0x1c00b</load_address>
         <run_address>0x1c00b</run_address>
         <size>0x55b</size>
         <input_file_ref idref="fl-35"/>
      </object_component>
      <object_component id="oc-f6">
         <name>.debug_info</name>
         <load_address>0x1c566</load_address>
         <run_address>0x1c566</run_address>
         <size>0x4b7</size>
         <input_file_ref idref="fl-36"/>
      </object_component>
      <object_component id="oc-fa">
         <name>.debug_info</name>
         <load_address>0x1ca1d</load_address>
         <run_address>0x1ca1d</run_address>
         <size>0x4f2</size>
         <input_file_ref idref="fl-37"/>
      </object_component>
      <object_component id="oc-fe">
         <name>.debug_info</name>
         <load_address>0x1cf0f</load_address>
         <run_address>0x1cf0f</run_address>
         <size>0x534</size>
         <input_file_ref idref="fl-38"/>
      </object_component>
      <object_component id="oc-102">
         <name>.debug_info</name>
         <load_address>0x1d443</load_address>
         <run_address>0x1d443</run_address>
         <size>0x4de</size>
         <input_file_ref idref="fl-39"/>
      </object_component>
      <object_component id="oc-107">
         <name>.debug_info</name>
         <load_address>0x1d921</load_address>
         <run_address>0x1d921</run_address>
         <size>0xed4</size>
         <input_file_ref idref="fl-3a"/>
      </object_component>
      <object_component id="oc-10b">
         <name>.debug_info</name>
         <load_address>0x1e7f5</load_address>
         <run_address>0x1e7f5</run_address>
         <size>0x744</size>
         <input_file_ref idref="fl-3b"/>
      </object_component>
      <object_component id="oc-111">
         <name>.debug_info</name>
         <load_address>0x1ef39</load_address>
         <run_address>0x1ef39</run_address>
         <size>0x662</size>
         <input_file_ref idref="fl-3c"/>
      </object_component>
      <object_component id="oc-115">
         <name>.debug_info</name>
         <load_address>0x1f59b</load_address>
         <run_address>0x1f59b</run_address>
         <size>0x5ab</size>
         <input_file_ref idref="fl-3d"/>
      </object_component>
      <object_component id="oc-119">
         <name>.debug_info</name>
         <load_address>0x1fb46</load_address>
         <run_address>0x1fb46</run_address>
         <size>0x4f2</size>
         <input_file_ref idref="fl-3e"/>
      </object_component>
      <object_component id="oc-11d">
         <name>.debug_info</name>
         <load_address>0x20038</load_address>
         <run_address>0x20038</run_address>
         <size>0x706</size>
         <input_file_ref idref="fl-3f"/>
      </object_component>
      <object_component id="oc-121">
         <name>.debug_info</name>
         <load_address>0x2073e</load_address>
         <run_address>0x2073e</run_address>
         <size>0x4d2</size>
         <input_file_ref idref="fl-40"/>
      </object_component>
      <object_component id="oc-125">
         <name>.debug_info</name>
         <load_address>0x20c10</load_address>
         <run_address>0x20c10</run_address>
         <size>0x5f7</size>
         <input_file_ref idref="fl-41"/>
      </object_component>
      <object_component id="oc-129">
         <name>.debug_info</name>
         <load_address>0x21207</load_address>
         <run_address>0x21207</run_address>
         <size>0x64a</size>
         <input_file_ref idref="fl-42"/>
      </object_component>
      <object_component id="oc-12e">
         <name>.debug_info</name>
         <load_address>0x21851</load_address>
         <run_address>0x21851</run_address>
         <size>0xa1c</size>
         <input_file_ref idref="fl-43"/>
      </object_component>
      <object_component id="oc-134">
         <name>.debug_info</name>
         <load_address>0x2226d</load_address>
         <run_address>0x2226d</run_address>
         <size>0xba5</size>
         <input_file_ref idref="fl-44"/>
      </object_component>
      <object_component id="oc-13a">
         <name>.debug_info</name>
         <load_address>0x22e12</load_address>
         <run_address>0x22e12</run_address>
         <size>0x64f</size>
         <input_file_ref idref="fl-45"/>
      </object_component>
      <object_component id="oc-13e">
         <name>.debug_info</name>
         <load_address>0x23461</load_address>
         <run_address>0x23461</run_address>
         <size>0x510</size>
         <input_file_ref idref="fl-46"/>
      </object_component>
      <object_component id="oc-167">
         <name>.debug_info</name>
         <load_address>0x23971</load_address>
         <run_address>0x23971</run_address>
         <size>0x6e</size>
      </object_component>
      <object_component id="oc-16">
         <name>.debug_frame</name>
         <load_address>0x0</load_address>
         <run_address>0x0</run_address>
         <size>0xe6</size>
         <input_file_ref idref="fl-2"/>
      </object_component>
      <object_component id="oc-1e">
         <name>.debug_frame</name>
         <load_address>0xe6</load_address>
         <run_address>0xe6</run_address>
         <size>0x103</size>
         <input_file_ref idref="fl-3"/>
      </object_component>
      <object_component id="oc-24">
         <name>.debug_frame</name>
         <load_address>0x1e9</load_address>
         <run_address>0x1e9</run_address>
         <size>0x172</size>
         <input_file_ref idref="fl-4"/>
      </object_component>
      <object_component id="oc-2a">
         <name>.debug_frame</name>
         <load_address>0x35b</load_address>
         <run_address>0x35b</run_address>
         <size>0x103</size>
         <input_file_ref idref="fl-5"/>
      </object_component>
      <object_component id="oc-2f">
         <name>.debug_frame</name>
         <load_address>0x45e</load_address>
         <run_address>0x45e</run_address>
         <size>0x13b</size>
         <input_file_ref idref="fl-6"/>
      </object_component>
      <object_component id="oc-37">
         <name>.debug_frame</name>
         <load_address>0x599</load_address>
         <run_address>0x599</run_address>
         <size>0xe2</size>
         <input_file_ref idref="fl-7"/>
      </object_component>
      <object_component id="oc-3e">
         <name>.debug_frame</name>
         <load_address>0x67b</load_address>
         <run_address>0x67b</run_address>
         <size>0x25c</size>
         <input_file_ref idref="fl-8"/>
      </object_component>
      <object_component id="oc-45">
         <name>.debug_frame</name>
         <load_address>0x8d7</load_address>
         <run_address>0x8d7</run_address>
         <size>0x118</size>
         <input_file_ref idref="fl-9"/>
      </object_component>
      <object_component id="oc-4c">
         <name>.debug_frame</name>
         <load_address>0x9ef</load_address>
         <run_address>0x9ef</run_address>
         <size>0x104</size>
         <input_file_ref idref="fl-a"/>
      </object_component>
      <object_component id="oc-51">
         <name>.debug_frame</name>
         <load_address>0xaf3</load_address>
         <run_address>0xaf3</run_address>
         <size>0xe4</size>
         <input_file_ref idref="fl-b"/>
      </object_component>
      <object_component id="oc-56">
         <name>.debug_frame</name>
         <load_address>0xbd7</load_address>
         <run_address>0xbd7</run_address>
         <size>0x116</size>
         <input_file_ref idref="fl-c"/>
      </object_component>
      <object_component id="oc-5b">
         <name>.debug_frame</name>
         <load_address>0xced</load_address>
         <run_address>0xced</run_address>
         <size>0x135</size>
         <input_file_ref idref="fl-d"/>
      </object_component>
      <object_component id="oc-62">
         <name>.debug_frame</name>
         <load_address>0xe22</load_address>
         <run_address>0xe22</run_address>
         <size>0x14a</size>
         <input_file_ref idref="fl-e"/>
      </object_component>
      <object_component id="oc-67">
         <name>.debug_frame</name>
         <load_address>0xf6c</load_address>
         <run_address>0xf6c</run_address>
         <size>0x1d9</size>
         <input_file_ref idref="fl-f"/>
      </object_component>
      <object_component id="oc-75">
         <name>.debug_frame</name>
         <load_address>0x1145</load_address>
         <run_address>0x1145</run_address>
         <size>0x175</size>
         <input_file_ref idref="fl-18"/>
      </object_component>
      <object_component id="oc-17">
         <name>.debug_line</name>
         <load_address>0x0</load_address>
         <run_address>0x0</run_address>
         <size>0x10a</size>
         <input_file_ref idref="fl-2"/>
      </object_component>
      <object_component id="oc-1f">
         <name>.debug_line</name>
         <load_address>0x10a</load_address>
         <run_address>0x10a</run_address>
         <size>0x10e</size>
         <input_file_ref idref="fl-3"/>
      </object_component>
      <object_component id="oc-25">
         <name>.debug_line</name>
         <load_address>0x218</load_address>
         <run_address>0x218</run_address>
         <size>0xfe</size>
         <input_file_ref idref="fl-4"/>
      </object_component>
      <object_component id="oc-2b">
         <name>.debug_line</name>
         <load_address>0x316</load_address>
         <run_address>0x316</run_address>
         <size>0x211</size>
         <input_file_ref idref="fl-5"/>
      </object_component>
      <object_component id="oc-30">
         <name>.debug_line</name>
         <load_address>0x527</load_address>
         <run_address>0x527</run_address>
         <size>0x1a9</size>
         <input_file_ref idref="fl-6"/>
      </object_component>
      <object_component id="oc-38">
         <name>.debug_line</name>
         <load_address>0x6d0</load_address>
         <run_address>0x6d0</run_address>
         <size>0xa2</size>
         <input_file_ref idref="fl-7"/>
      </object_component>
      <object_component id="oc-3f">
         <name>.debug_line</name>
         <load_address>0x772</load_address>
         <run_address>0x772</run_address>
         <size>0x4f4</size>
         <input_file_ref idref="fl-8"/>
      </object_component>
      <object_component id="oc-46">
         <name>.debug_line</name>
         <load_address>0xc66</load_address>
         <run_address>0xc66</run_address>
         <size>0x1d5</size>
         <input_file_ref idref="fl-9"/>
      </object_component>
      <object_component id="oc-4d">
         <name>.debug_line</name>
         <load_address>0xe3b</load_address>
         <run_address>0xe3b</run_address>
         <size>0x13c</size>
         <input_file_ref idref="fl-a"/>
      </object_component>
      <object_component id="oc-52">
         <name>.debug_line</name>
         <load_address>0xf77</load_address>
         <run_address>0xf77</run_address>
         <size>0x44</size>
         <input_file_ref idref="fl-b"/>
      </object_component>
      <object_component id="oc-57">
         <name>.debug_line</name>
         <load_address>0xfbb</load_address>
         <run_address>0xfbb</run_address>
         <size>0x83</size>
         <input_file_ref idref="fl-c"/>
      </object_component>
      <object_component id="oc-5c">
         <name>.debug_line</name>
         <load_address>0x103e</load_address>
         <run_address>0x103e</run_address>
         <size>0xdd</size>
         <input_file_ref idref="fl-d"/>
      </object_component>
      <object_component id="oc-63">
         <name>.debug_line</name>
         <load_address>0x111b</load_address>
         <run_address>0x111b</run_address>
         <size>0x122</size>
         <input_file_ref idref="fl-e"/>
      </object_component>
      <object_component id="oc-68">
         <name>.debug_line</name>
         <load_address>0x123d</load_address>
         <run_address>0x123d</run_address>
         <size>0x179</size>
         <input_file_ref idref="fl-f"/>
      </object_component>
      <object_component id="oc-6c">
         <name>.debug_line</name>
         <load_address>0x13b6</load_address>
         <run_address>0x13b6</run_address>
         <size>0x51</size>
         <input_file_ref idref="fl-16"/>
      </object_component>
      <object_component id="oc-71">
         <name>.debug_line</name>
         <load_address>0x1407</load_address>
         <run_address>0x1407</run_address>
         <size>0x5e</size>
         <input_file_ref idref="fl-17"/>
      </object_component>
      <object_component id="oc-76">
         <name>.debug_line</name>
         <load_address>0x1465</load_address>
         <run_address>0x1465</run_address>
         <size>0x2dd</size>
         <input_file_ref idref="fl-18"/>
      </object_component>
      <object_component id="oc-7a">
         <name>.debug_line</name>
         <load_address>0x1742</load_address>
         <run_address>0x1742</run_address>
         <size>0x54</size>
         <input_file_ref idref="fl-19"/>
      </object_component>
      <object_component id="oc-81">
         <name>.debug_line</name>
         <load_address>0x1796</load_address>
         <run_address>0x1796</run_address>
         <size>0x51</size>
         <input_file_ref idref="fl-1a"/>
      </object_component>
      <object_component id="oc-85">
         <name>.debug_line</name>
         <load_address>0x17e7</load_address>
         <run_address>0x17e7</run_address>
         <size>0x69</size>
         <input_file_ref idref="fl-1b"/>
      </object_component>
      <object_component id="oc-89">
         <name>.debug_line</name>
         <load_address>0x1850</load_address>
         <run_address>0x1850</run_address>
         <size>0x58</size>
         <input_file_ref idref="fl-1c"/>
      </object_component>
      <object_component id="oc-8d">
         <name>.debug_line</name>
         <load_address>0x18a8</load_address>
         <run_address>0x18a8</run_address>
         <size>0x37</size>
         <input_file_ref idref="fl-1d"/>
      </object_component>
      <object_component id="oc-93">
         <name>.debug_line</name>
         <load_address>0x18df</load_address>
         <run_address>0x18df</run_address>
         <size>0x57</size>
         <input_file_ref idref="fl-1e"/>
      </object_component>
      <object_component id="oc-99">
         <name>.debug_line</name>
         <load_address>0x1936</load_address>
         <run_address>0x1936</run_address>
         <size>0x328</size>
         <input_file_ref idref="fl-1f"/>
      </object_component>
      <object_component id="oc-9d">
         <name>.debug_line</name>
         <load_address>0x1c5e</load_address>
         <run_address>0x1c5e</run_address>
         <size>0x41</size>
         <input_file_ref idref="fl-20"/>
      </object_component>
      <object_component id="oc-a1">
         <name>.debug_line</name>
         <load_address>0x1c9f</load_address>
         <run_address>0x1c9f</run_address>
         <size>0x46</size>
         <input_file_ref idref="fl-21"/>
      </object_component>
      <object_component id="oc-a5">
         <name>.debug_line</name>
         <load_address>0x1ce5</load_address>
         <run_address>0x1ce5</run_address>
         <size>0x55</size>
         <input_file_ref idref="fl-22"/>
      </object_component>
      <object_component id="oc-a9">
         <name>.debug_line</name>
         <load_address>0x1d3a</load_address>
         <run_address>0x1d3a</run_address>
         <size>0xad</size>
         <input_file_ref idref="fl-23"/>
      </object_component>
      <object_component id="oc-b3">
         <name>.debug_line</name>
         <load_address>0x1de7</load_address>
         <run_address>0x1de7</run_address>
         <size>0x5b</size>
         <input_file_ref idref="fl-26"/>
      </object_component>
      <object_component id="oc-b7">
         <name>.debug_line</name>
         <load_address>0x1e42</load_address>
         <run_address>0x1e42</run_address>
         <size>0x44</size>
         <input_file_ref idref="fl-27"/>
      </object_component>
      <object_component id="oc-bb">
         <name>.debug_line</name>
         <load_address>0x1e86</load_address>
         <run_address>0x1e86</run_address>
         <size>0x3d</size>
         <input_file_ref idref="fl-28"/>
      </object_component>
      <object_component id="oc-bf">
         <name>.debug_line</name>
         <load_address>0x1ec3</load_address>
         <run_address>0x1ec3</run_address>
         <size>0x3d</size>
         <input_file_ref idref="fl-29"/>
      </object_component>
      <object_component id="oc-c4">
         <name>.debug_line</name>
         <load_address>0x1f00</load_address>
         <run_address>0x1f00</run_address>
         <size>0x44</size>
         <input_file_ref idref="fl-2a"/>
      </object_component>
      <object_component id="oc-c8">
         <name>.debug_line</name>
         <load_address>0x1f44</load_address>
         <run_address>0x1f44</run_address>
         <size>0x56</size>
         <input_file_ref idref="fl-2b"/>
      </object_component>
      <object_component id="oc-cd">
         <name>.debug_line</name>
         <load_address>0x1f9a</load_address>
         <run_address>0x1f9a</run_address>
         <size>0xa6</size>
         <input_file_ref idref="fl-2c"/>
      </object_component>
      <object_component id="oc-d1">
         <name>.debug_line</name>
         <load_address>0x2040</load_address>
         <run_address>0x2040</run_address>
         <size>0x40</size>
         <input_file_ref idref="fl-2d"/>
      </object_component>
      <object_component id="oc-d5">
         <name>.debug_line</name>
         <load_address>0x2080</load_address>
         <run_address>0x2080</run_address>
         <size>0x38</size>
         <input_file_ref idref="fl-2e"/>
      </object_component>
      <object_component id="oc-d9">
         <name>.debug_line</name>
         <load_address>0x20b8</load_address>
         <run_address>0x20b8</run_address>
         <size>0xa8</size>
         <input_file_ref idref="fl-2f"/>
      </object_component>
      <object_component id="oc-dd">
         <name>.debug_line</name>
         <load_address>0x2160</load_address>
         <run_address>0x2160</run_address>
         <size>0x3c</size>
         <input_file_ref idref="fl-30"/>
      </object_component>
      <object_component id="oc-e3">
         <name>.debug_line</name>
         <load_address>0x219c</load_address>
         <run_address>0x219c</run_address>
         <size>0x1b0</size>
         <input_file_ref idref="fl-31"/>
      </object_component>
      <object_component id="oc-e7">
         <name>.debug_line</name>
         <load_address>0x234c</load_address>
         <run_address>0x234c</run_address>
         <size>0x40</size>
         <input_file_ref idref="fl-32"/>
      </object_component>
      <object_component id="oc-eb">
         <name>.debug_line</name>
         <load_address>0x238c</load_address>
         <run_address>0x238c</run_address>
         <size>0x3a</size>
         <input_file_ref idref="fl-33"/>
      </object_component>
      <object_component id="oc-ef">
         <name>.debug_line</name>
         <load_address>0x23c6</load_address>
         <run_address>0x23c6</run_address>
         <size>0x54</size>
         <input_file_ref idref="fl-34"/>
      </object_component>
      <object_component id="oc-f3">
         <name>.debug_line</name>
         <load_address>0x241a</load_address>
         <run_address>0x241a</run_address>
         <size>0x3c</size>
         <input_file_ref idref="fl-35"/>
      </object_component>
      <object_component id="oc-f7">
         <name>.debug_line</name>
         <load_address>0x2456</load_address>
         <run_address>0x2456</run_address>
         <size>0x37</size>
         <input_file_ref idref="fl-36"/>
      </object_component>
      <object_component id="oc-fb">
         <name>.debug_line</name>
         <load_address>0x248d</load_address>
         <run_address>0x248d</run_address>
         <size>0x3c</size>
         <input_file_ref idref="fl-37"/>
      </object_component>
      <object_component id="oc-ff">
         <name>.debug_line</name>
         <load_address>0x24c9</load_address>
         <run_address>0x24c9</run_address>
         <size>0x44</size>
         <input_file_ref idref="fl-38"/>
      </object_component>
      <object_component id="oc-103">
         <name>.debug_line</name>
         <load_address>0x250d</load_address>
         <run_address>0x250d</run_address>
         <size>0x37</size>
         <input_file_ref idref="fl-39"/>
      </object_component>
      <object_component id="oc-108">
         <name>.debug_line</name>
         <load_address>0x2544</load_address>
         <run_address>0x2544</run_address>
         <size>0x15e</size>
         <input_file_ref idref="fl-3a"/>
      </object_component>
      <object_component id="oc-10e">
         <name>.debug_line</name>
         <load_address>0x26a2</load_address>
         <run_address>0x26a2</run_address>
         <size>0x6a</size>
         <input_file_ref idref="fl-3b"/>
      </object_component>
      <object_component id="oc-112">
         <name>.debug_line</name>
         <load_address>0x270c</load_address>
         <run_address>0x270c</run_address>
         <size>0x57</size>
         <input_file_ref idref="fl-3c"/>
      </object_component>
      <object_component id="oc-116">
         <name>.debug_line</name>
         <load_address>0x2763</load_address>
         <run_address>0x2763</run_address>
         <size>0x5c</size>
         <input_file_ref idref="fl-3d"/>
      </object_component>
      <object_component id="oc-11a">
         <name>.debug_line</name>
         <load_address>0x27bf</load_address>
         <run_address>0x27bf</run_address>
         <size>0x3c</size>
         <input_file_ref idref="fl-3e"/>
      </object_component>
      <object_component id="oc-11e">
         <name>.debug_line</name>
         <load_address>0x27fb</load_address>
         <run_address>0x27fb</run_address>
         <size>0x5b</size>
         <input_file_ref idref="fl-3f"/>
      </object_component>
      <object_component id="oc-122">
         <name>.debug_line</name>
         <load_address>0x2856</load_address>
         <run_address>0x2856</run_address>
         <size>0x3a</size>
         <input_file_ref idref="fl-40"/>
      </object_component>
      <object_component id="oc-126">
         <name>.debug_line</name>
         <load_address>0x2890</load_address>
         <run_address>0x2890</run_address>
         <size>0x3c</size>
         <input_file_ref idref="fl-41"/>
      </object_component>
      <object_component id="oc-12a">
         <name>.debug_line</name>
         <load_address>0x28cc</load_address>
         <run_address>0x28cc</run_address>
         <size>0x40</size>
         <input_file_ref idref="fl-42"/>
      </object_component>
      <object_component id="oc-130">
         <name>.debug_line</name>
         <load_address>0x290c</load_address>
         <run_address>0x290c</run_address>
         <size>0xd7</size>
         <input_file_ref idref="fl-43"/>
      </object_component>
      <object_component id="oc-137">
         <name>.debug_line</name>
         <load_address>0x29e3</load_address>
         <run_address>0x29e3</run_address>
         <size>0x112</size>
         <input_file_ref idref="fl-44"/>
      </object_component>
      <object_component id="oc-13b">
         <name>.debug_line</name>
         <load_address>0x2af5</load_address>
         <run_address>0x2af5</run_address>
         <size>0x3d</size>
         <input_file_ref idref="fl-45"/>
      </object_component>
      <object_component id="oc-13f">
         <name>.debug_line</name>
         <load_address>0x2b32</load_address>
         <run_address>0x2b32</run_address>
         <size>0x39</size>
         <input_file_ref idref="fl-46"/>
      </object_component>
      <object_component id="oc-18">
         <name>.debug_abbrev</name>
         <load_address>0x0</load_address>
         <run_address>0x0</run_address>
         <size>0xb5</size>
         <input_file_ref idref="fl-2"/>
      </object_component>
      <object_component id="oc-20">
         <name>.debug_abbrev</name>
         <load_address>0xb5</load_address>
         <run_address>0xb5</run_address>
         <size>0x14c</size>
         <input_file_ref idref="fl-3"/>
      </object_component>
      <object_component id="oc-26">
         <name>.debug_abbrev</name>
         <load_address>0x201</load_address>
         <run_address>0x201</run_address>
         <size>0x147</size>
         <input_file_ref idref="fl-4"/>
      </object_component>
      <object_component id="oc-2c">
         <name>.debug_abbrev</name>
         <load_address>0x348</load_address>
         <run_address>0x348</run_address>
         <size>0xfd</size>
         <input_file_ref idref="fl-5"/>
      </object_component>
      <object_component id="oc-31">
         <name>.debug_abbrev</name>
         <load_address>0x445</load_address>
         <run_address>0x445</run_address>
         <size>0xf4</size>
         <input_file_ref idref="fl-6"/>
      </object_component>
      <object_component id="oc-39">
         <name>.debug_abbrev</name>
         <load_address>0x539</load_address>
         <run_address>0x539</run_address>
         <size>0x116</size>
         <input_file_ref idref="fl-7"/>
      </object_component>
      <object_component id="oc-40">
         <name>.debug_abbrev</name>
         <load_address>0x64f</load_address>
         <run_address>0x64f</run_address>
         <size>0x1ae</size>
         <input_file_ref idref="fl-8"/>
      </object_component>
      <object_component id="oc-47">
         <name>.debug_abbrev</name>
         <load_address>0x7fd</load_address>
         <run_address>0x7fd</run_address>
         <size>0xf5</size>
         <input_file_ref idref="fl-9"/>
      </object_component>
      <object_component id="oc-4e">
         <name>.debug_abbrev</name>
         <load_address>0x8f2</load_address>
         <run_address>0x8f2</run_address>
         <size>0xc0</size>
         <input_file_ref idref="fl-a"/>
      </object_component>
      <object_component id="oc-53">
         <name>.debug_abbrev</name>
         <load_address>0x9b2</load_address>
         <run_address>0x9b2</run_address>
         <size>0x87</size>
         <input_file_ref idref="fl-b"/>
      </object_component>
      <object_component id="oc-58">
         <name>.debug_abbrev</name>
         <load_address>0xa39</load_address>
         <run_address>0xa39</run_address>
         <size>0xe7</size>
         <input_file_ref idref="fl-c"/>
      </object_component>
      <object_component id="oc-5d">
         <name>.debug_abbrev</name>
         <load_address>0xb20</load_address>
         <run_address>0xb20</run_address>
         <size>0x87</size>
         <input_file_ref idref="fl-d"/>
      </object_component>
      <object_component id="oc-64">
         <name>.debug_abbrev</name>
         <load_address>0xba7</load_address>
         <run_address>0xba7</run_address>
         <size>0xe0</size>
         <input_file_ref idref="fl-e"/>
      </object_component>
      <object_component id="oc-69">
         <name>.debug_abbrev</name>
         <load_address>0xc87</load_address>
         <run_address>0xc87</run_address>
         <size>0xdc</size>
         <input_file_ref idref="fl-f"/>
      </object_component>
      <object_component id="oc-6d">
         <name>.debug_abbrev</name>
         <load_address>0xd63</load_address>
         <run_address>0xd63</run_address>
         <size>0x2c</size>
         <input_file_ref idref="fl-16"/>
      </object_component>
      <object_component id="oc-72">
         <name>.debug_abbrev</name>
         <load_address>0xd8f</load_address>
         <run_address>0xd8f</run_address>
         <size>0x2c</size>
         <input_file_ref idref="fl-17"/>
      </object_component>
      <object_component id="oc-77">
         <name>.debug_abbrev</name>
         <load_address>0xdbb</load_address>
[...]
         <value>0x255bd</value>
         <object_component_ref idref="oc-5e"/>
      </symbol>
      <symbol id="sm-2ca">
         <name>_USBSTK5515_ULED_toggle</name>
         <value>0x24e91</value>
         <object_component_ref idref="oc-65"/>
      </symbol>
      <symbol id="sm-2cb">
         <name>_USBSTK5515_LED_on</name>
         <value>0x24d18</value>
         <object_component_ref idref="oc-65"/>
      </symbol>
      <symbol id="sm-2cc">
         <name>_USBSTK5515_LED_off</name>
         <value>0x24d29</value>
         <object_component_ref idref="oc-65"/>
      </symbol>
      <symbol id="sm-2cd">
         <name>_USBSTK5515_ULED_on</name>
         <value>0x24e29</value>
         <object_component_ref idref="oc-65"/>
      </symbol>
      <symbol id="sm-2ce">
         <name>_USBSTK5515_ULED_off</name>
         <value>0x24e5e</value>
         <object_component_ref idref="oc-65"/>
      </symbol>
      <symbol id="sm-2cf">
         <name>_USBSTK5515_ULED_getall</name>
         <value>0x24d69</value>
         <object_component_ref idref="oc-65"/>
      </symbol>
      <symbol id="sm-2d0">
         <name>_USBSTK5515_ULED_setall</name>
         <value>0x24dbb</value>
         <object_component_ref idref="oc-65"/>
      </symbol>
      <symbol id="sm-2d1">
         <name>_USBSTK5515_ULED_init</name>
         <value>0x24d3a</value>
         <object_component_ref idref="oc-65"/>
      </symbol>
      <symbol id="sm-2d2">
         <name>_USBSTK5515_LED_init</name>
         <value>0x24d0d</value>
         <object_component_ref idref="oc-65"/>
      </symbol>
      <symbol id="sm-2de">
         <name>_fir</name>
         <value>0x25fea</value>
         <object_component_ref idref="oc-6a"/>
      </symbol>
      <symbol id="sm-2ef">
         <name>_sine</name>
         <value>0x25d36</value>
         <object_component_ref idref="oc-6e"/>
      </symbol>
      <symbol id="sm-314">
         <name>_PLL_reset</name>
         <value>0x23eda</value>
         <object_component_ref idref="oc-73"/>
      </symbol>
      <symbol id="sm-315">
         <name>_PLL_bypass</name>
         <value>0x23e8b</value>
         <object_component_ref idref="oc-73"/>
      </symbol>
      <symbol id="sm-316">
         <name>_PLL_enable</name>
         <value>0x23e24</value>
         <object_component_ref idref="oc-73"/>
      </symbol>
      <symbol id="sm-317">
         <name>_PLL_config</name>
         <value>0x23cfb</value>
         <object_component_ref idref="oc-73"/>
      </symbol>
      <symbol id="sm-318">
         <name>_PLL_init</name>
         <value>0x23cc3</value>
         <object_component_ref idref="oc-73"/>
      </symbol>
      <symbol id="sm-324">
         <name>__sysstack</name>
         <value>0x20c0</value>
         <object_component_ref idref="oc-141"/>
      </symbol>
      <symbol id="sm-325">
         <name>_c_int00</name>
         <value>0x26447</value>
         <object_component_ref idref="oc-10"/>
      </symbol>
      <symbol id="sm-326">
         <name>__stack</name>
         <value>0xc0</value>
         <object_component_ref idref="oc-78"/>
      </symbol>
      <symbol id="sm-336">
         <name>C$$EXIT</name>
         <value>0x2657b</value>
         <object_component_ref idref="oc-80"/>
      </symbol>
      <symbol id="sm-337">
         <name>_exit</name>
         <value>0x26409</value>
         <object_component_ref idref="oc-7c"/>
      </symbol>
      <symbol id="sm-338">
         <name>_abort</name>
         <value>0x2657a</value>
         <object_component_ref idref="oc-80"/>
      </symbol>
      <symbol id="sm-339">
         <name>__cleanup_ptr</name>
         <value>0xf33c</value>
         <object_component_ref idref="oc-7d"/>
      </symbol>
      <symbol id="sm-33a">
         <name>__dtors_ptr</name>
         <value>0xf340</value>
         <object_component_ref idref="oc-7d"/>
      </symbol>
      <symbol id="sm-344">
         <name>_printf</name>
         <value>0x26292</value>
         <object_component_ref idref="oc-83"/>
      </symbol>
      <symbol id="sm-34c">
         <name>__remu</name>
         <value>0x264ba</value>
         <object_component_ref idref="oc-87"/>
      </symbol>
      <symbol id="sm-34d">
         <name>__divu</name>
         <value>0x264a5</value>
         <object_component_ref idref="oc-87"/>
      </symbol>
      <symbol id="sm-34e">
         <name>I$$UMOD</name>
         <value>0x264ba</value>
         <object_component_ref idref="oc-87"/>
      </symbol>
      <symbol id="sm-34f">
         <name>I$$UDIV</name>
         <value>0x264a5</value>
         <object_component_ref idref="oc-87"/>
      </symbol>
      <symbol id="sm-359">
         <name>_Reset</name>
         <value>0x4fe00</value>
         <object_component_ref idref="oc-11"/>
      </symbol>
      <symbol id="sm-367">
         <name>__unlock</name>
         <value>0xf338</value>
         <object_component_ref idref="oc-90"/>
      </symbol>
      <symbol id="sm-368">
         <name>__lock</name>
         <value>0xf334</value>
         <object_component_ref idref="oc-90"/>
      </symbol>
      <symbol id="sm-369">
         <name>__register_lock</name>
         <value>0x26556</value>
         <object_component_ref idref="oc-8f"/>
      </symbol>
      <symbol id="sm-36a">
         <name>__nop</name>
         <value>0x2655e</value>
         <object_component_ref idref="oc-8f"/>
      </symbol>
      <symbol id="sm-36b">
         <name>__register_unlock</name>
         <value>0x2654e</value>
         <object_component_ref idref="oc-8f"/>
      </symbol>
      <symbol id="sm-37d">
         <name>__printfi</name>
         <value>0x21315</value>
         <object_component_ref idref="oc-95"/>
      </symbol>
      <symbol id="sm-387">
         <name>__args_main</name>
         <value>0x26378</value>
         <object_component_ref idref="oc-9b"/>
      </symbol>
      <symbol id="sm-388">
         <name>__TI_args_main</name>
         <value>0x1</value>
      </symbol>
      <symbol id="sm-392">
         <name>_atoi</name>
         <value>0x2618f</value>
         <object_component_ref idref="oc-9f"/>
      </symbol>
      <symbol id="sm-39a">
         <name>_auto_init</name>
         <value>0x262e0</value>
         <object_component_ref idref="oc-a3"/>
      </symbol>
      <symbol id="sm-3a4">
         <name>__eqld</name>
         <value>0x24c81</value>
         <object_component_ref idref="oc-a7"/>
      </symbol>
      <symbol id="sm-3a5">
         <name>__cmpd</name>
         <value>0x24cb5</value>
         <object_component_ref idref="oc-a7"/>
      </symbol>
      <symbol id="sm-3a6">
         <name>__neqd</name>
         <value>0x24b23</value>
         <object_component_ref idref="oc-a7"/>
      </symbol>
      <symbol id="sm-3a7">
         <name>__gtrd</name>
         <value>0x24bec</value>
         <object_component_ref idref="oc-a7"/>
      </symbol>
      <symbol id="sm-3a8">
         <name>__geqd</name>
         <value>0x24c37</value>
         <object_component_ref idref="oc-a7"/>
      </symbol>
      <symbol id="sm-3a9">
         <name>__leqd</name>
         <value>0x24b9f</value>
         <object_component_ref idref="oc-a7"/>
      </symbol>
      <symbol id="sm-3aa">
         <name>__lssd</name>
         <value>0x24b57</value>
         <object_component_ref idref="oc-a7"/>
      </symbol>
      <symbol id="sm-3b2">
         <name>__ctypes_</name>
         <value>0xfaa0</value>
         <object_component_ref idref="oc-142"/>
      </symbol>
      <symbol id="sm-3bc">
         <name>__tmpnams</name>
         <value>0xed4c</value>
         <object_component_ref idref="oc-ad"/>
      </symbol>
      <symbol id="sm-3bd">
         <name>__ft_end</name>
         <value>0xee8c</value>
         <object_component_ref idref="oc-ad"/>
      </symbol>
      <symbol id="sm-3be">
         <name>__ftable</name>
         <value>0xec5c</value>
         <object_component_ref idref="oc-ad"/>
      </symbol>
      <symbol id="sm-3ca">
         <name>__divd</name>
         <value>0x232dc</value>
         <object_component_ref idref="oc-b1"/>
      </symbol>
      <symbol id="sm-3d5">
         <name>__divul</name>
         <value>0x25c1d</value>
         <object_component_ref idref="oc-b5"/>
      </symbol>
      <symbol id="sm-3df">
         <name>__fixdi</name>
         <value>0x2647b</value>
         <object_component_ref idref="oc-b9"/>
      </symbol>
      <symbol id="sm-3e9">
         <name>__fixdli</name>
         <value>0x25f7c</value>
         <object_component_ref idref="oc-bd"/>
      </symbol>
      <symbol id="sm-3f5">
         <name>__fltlid</name>
         <value>0x26128</value>
         <object_component_ref idref="oc-c1"/>
      </symbol>
      <symbol id="sm-3ff">
         <name>_putchar</name>
         <value>0x25c0e</value>
         <object_component_ref idref="oc-c6"/>
      </symbol>
      <symbol id="sm-400">
         <name>_putc</name>
         <value>0x25b7b</value>
         <object_component_ref idref="oc-c6"/>
      </symbol>
      <symbol id="sm-401">
         <name>_fputc</name>
         <value>0x25b7b</value>
         <object_component_ref idref="oc-c6"/>
      </symbol>
      <symbol id="sm-40d">
         <name>_puts</name>
         <value>0x25025</value>
         <object_component_ref idref="oc-ca"/>
      </symbol>
      <symbol id="sm-40e">
         <name>_fputs</name>
         <value>0x24ed6</value>
         <object_component_ref idref="oc-ca"/>
      </symbol>
      <symbol id="sm-418">
         <name>__frcmpyd_div</name>
         <value>0x25e99</value>
         <object_component_ref idref="oc-cf"/>
      </symbol>
      <symbol id="sm-422">
         <name>___isinf</name>
         <value>0x2650d</value>
         <object_component_ref idref="oc-d3"/>
      </symbol>
      <symbol id="sm-42c">
         <name>__divull</name>
         <value>0x247a4</value>
         <object_component_ref idref="oc-d7"/>
      </symbol>
      <symbol id="sm-42d">
         <name>__mpylli</name>
         <value>0x246ed</value>
         <object_component_ref idref="oc-d7"/>
      </symbol>
      <symbol id="sm-42e">
         <name>__remlli</name>
         <value>0x246be</value>
         <object_component_ref idref="oc-d7"/>
      </symbol>
      <symbol id="sm-42f">
         <name>__divlli</name>
         <value>0x24898</value>
         <object_component_ref idref="oc-d7"/>
      </symbol>
      <symbol id="sm-430">
         <name>__remull</name>
         <value>0x24670</value>
         <object_component_ref idref="oc-d7"/>
      </symbol>
      <symbol id="sm-438">
         <name>__mpyli</name>
         <value>0x2653b</value>
         <object_component_ref idref="oc-db"/>
      </symbol>
      <symbol id="sm-439">
         <name>I$$LMPY</name>
         <value>0x2653b</value>
         <object_component_ref idref="oc-db"/>
      </symbol>
      <symbol id="sm-44a">
         <name>_add_device</name>
         <value>0x231f4</value>
         <object_component_ref idref="oc-df"/>
      </symbol>
      <symbol id="sm-44b">
         <name>_rename</name>
         <value>0x22f25</value>
         <object_component_ref idref="oc-df"/>
      </symbol>
      <symbol id="sm-44c">
         <name>_read</name>
         <value>0x22fb0</value>
         <object_component_ref idref="oc-df"/>
      </symbol>
      <symbol id="sm-44d">
         <name>_unlink</name>
         <value>0x22ef1</value>
         <object_component_ref idref="oc-df"/>
      </symbol>
      <symbol id="sm-44e">
         <name>_remove_device</name>
         <value>0x22f7c</value>
         <object_component_ref idref="oc-df"/>
      </symbol>
      <symbol id="sm-44f">
         <name>_open</name>
         <value>0x2305a</value>
         <object_component_ref idref="oc-df"/>
      </symbol>
      <symbol id="sm-450">
         <name>_find_registered_device</name>
         <value>0x2317b</value>
         <object_component_ref idref="oc-df"/>
      </symbol>
      <symbol id="sm-451">
         <name>_lseek</name>
         <value>0x23117</value>
         <object_component_ref idref="oc-df"/>
      </symbol>
      <symbol id="sm-452">
         <name>_close</name>
         <value>0x23184</value>
         <object_component_ref idref="oc-df"/>
      </symbol>
      <symbol id="sm-453">
         <name>_write</name>
         <value>0x22dc4</value>
         <object_component_ref idref="oc-df"/>
      </symbol>
      <symbol id="sm-45d">
         <name>_ltoa</name>
         <value>0x25cbd</value>
         <object_component_ref idref="oc-e5"/>
      </symbol>
      <symbol id="sm-468">
         <name>_memccpy</name>
         <value>0x264cf</value>
         <object_component_ref idref="oc-e9"/>
      </symbol>
      <symbol id="sm-472">
         <name>_memcpy</name>
         <value>0x261e8</value>
         <object_component_ref idref="oc-ed"/>
      </symbol>
      <symbol id="sm-47c">
         <name>__mpyd</name>
         <value>0x25472</value>
         <object_component_ref idref="oc-f1"/>
      </symbol>
      <symbol id="sm-486">
         <name>__negd</name>
         <value>0x26560</value>
         <object_component_ref idref="oc-f5"/>
      </symbol>
      <symbol id="sm-490">
         <name>__remli</name>
         <value>0x2632d</value>
         <object_component_ref idref="oc-f9"/>
      </symbol>
      <symbol id="sm-49b">
         <name>__remul</name>
         <value>0x25f0c</value>
         <object_component_ref idref="oc-fd"/>
      </symbol>
      <symbol id="sm-4a5">
         <name>__subd</name>
         <value>0x26527</value>
         <object_component_ref idref="oc-101"/>
      </symbol>
      <symbol id="sm-4b1">
         <name>_HOSTopen</name>
         <value>0x22144</value>
         <object_component_ref idref="oc-105"/>
      </symbol>
      <symbol id="sm-4b2">
         <name>_HOSTread</name>
         <value>0x220b9</value>
         <object_component_ref idref="oc-105"/>
      </symbol>
      <symbol id="sm-4b3">
         <name>_HOSTtime</name>
         <value>0x21fa2</value>
         <object_component_ref idref="oc-105"/>
      </symbol>
      <symbol id="sm-4b4">
         <name>_getenv</name>
         <value>0x21e2b</value>
         <object_component_ref idref="oc-105"/>
      </symbol>
      <symbol id="sm-4b5">
         <name>_HOSTrename</name>
         <value>0x22000</value>
         <object_component_ref idref="oc-105"/>
      </symbol>
      <symbol id="sm-4b6">
         <name>_HOSTclock</name>
         <value>0x22305</value>
         <object_component_ref idref="oc-105"/>
      </symbol>
      <symbol id="sm-4b7">
         <name>_HOSTwrite</name>
         <value>0x21eab</value>
         <object_component_ref idref="oc-105"/>
      </symbol>
      <symbol id="sm-4b8">
         <name>_HOSTlseek</name>
         <value>0x221e5</value>
         <object_component_ref idref="oc-105"/>
      </symbol>
      <symbol id="sm-4b9">
         <name>_HOSTunlink</name>
         <value>0x21f36</value>
         <object_component_ref idref="oc-105"/>
      </symbol>
      <symbol id="sm-4ba">
         <name>_HOSTclose</name>
         <value>0x2229a</value>
         <object_component_ref idref="oc-105"/>
      </symbol>
      <symbol id="sm-4cc">
         <name>C$$IO$$</name>
         <value>0x25abc</value>
         <object_component_ref idref="oc-10d"/>
      </symbol>
      <symbol id="sm-4cd">
         <name>__CIOBUF_</name>
         <value>0x46190</value>
         <object_component_ref idref="oc-10c"/>
      </symbol>
      <symbol id="sm-4ce">
         <name>_readmsg</name>
         <value>0x26055</value>
         <object_component_ref idref="oc-10a"/>
      </symbol>
      <symbol id="sm-4cf">
         <name>_writemsg</name>
         <value>0x25a03</value>
         <object_component_ref idref="oc-10d"/>
      </symbol>
      <symbol id="sm-4d9">
         <name>__rd_ok</name>
         <value>0x259a6</value>
         <object_component_ref idref="oc-110"/>
      </symbol>
      <symbol id="sm-4da">
         <name>__wrt_ok</name>
         <value>0x25929</value>
         <object_component_ref idref="oc-110"/>
      </symbol>
      <symbol id="sm-4e4">
         <name>__addd</name>
         <value>0x248cc</value>
         <object_component_ref idref="oc-114"/>
      </symbol>
      <symbol id="sm-4ee">
         <name>__divli</name>
         <value>0x263c1</value>
         <object_component_ref idref="oc-118"/>
      </symbol>
      <symbol id="sm-4f8">
         <name>__doflush</name>
         <value>0x25ac1</value>
         <object_component_ref idref="oc-11c"/>
      </symbol>
      <symbol id="sm-4f9">
         <name>_fflush</name>
         <value>0x25b23</value>
         <object_component_ref idref="oc-11c"/>
      </symbol>
      <symbol id="sm-503">
         <name>__frcmpyd</name>
         <value>0x25e23</value>
         <object_component_ref idref="oc-120"/>
      </symbol>
      <symbol id="sm-50d">
         <name>_fseek</name>
         <value>0x260c0</value>
         <object_component_ref idref="oc-124"/>
      </symbol>
      <symbol id="sm-517">
         <name>_setvbuf</name>
         <value>0x25836</value>
         <object_component_ref idref="oc-128"/>
      </symbol>
      <symbol id="sm-526">
         <name>__cleanup</name>
         <value>0x2405b</value>
         <object_component_ref idref="oc-12c"/>
      </symbol>
      <symbol id="sm-527">
         <name>_fopen</name>
         <value>0x24179</value>
         <object_component_ref idref="oc-12c"/>
      </symbol>
      <symbol id="sm-528">
         <name>_freopen</name>
         <value>0x240b3</value>
         <object_component_ref idref="oc-12c"/>
      </symbol>
      <symbol id="sm-538">
         <name>__sys_memory</name>
         <value>0x10000</value>
         <object_component_ref idref="oc-136"/>
      </symbol>
      <symbol id="sm-539">
         <name>_chkheap</name>
         <value>0x22842</value>
         <object_component_ref idref="oc-132"/>
      </symbol>
      <symbol id="sm-53a">
         <name>_realloc</name>
         <value>0x225a8</value>
         <object_component_ref idref="oc-132"/>
      </symbol>
      <symbol id="sm-53b">
         <name>_free_memory</name>
         <value>0x227db</value>
         <object_component_ref idref="oc-132"/>
      </symbol>
      <symbol id="sm-53c">
         <name>_max_free</name>
         <value>0x22771</value>
         <object_component_ref idref="oc-132"/>
      </symbol>
      <symbol id="sm-53d">
         <name>_free</name>
         <value>0x22363</value>
         <object_component_ref idref="oc-132"/>
      </symbol>
      <symbol id="sm-53e">
         <name>_calloc</name>
         <value>0x2284a</value>
         <object_component_ref idref="oc-132"/>
      </symbol>
      <symbol id="sm-53f">
         <name>_malloc</name>
         <value>0x224a7</value>
         <object_component_ref idref="oc-132"/>
      </symbol>
      <symbol id="sm-540">
         <name>_minit</name>
         <value>0x22435</value>
         <object_component_ref idref="oc-132"/>
      </symbol>
      <symbol id="sm-54a">
         <name>_fclose</name>
         <value>0x25dad</value>
         <object_component_ref idref="oc-139"/>
      </symbol>
      <symbol id="sm-554">
         <name>_remove</name>
         <value>0x26570</value>
         <object_component_ref idref="oc-13d"/>
      </symbol>
   </symbol_table>
</link_info>
